absurd: singular indefinite adjective
administrasjon: singular indefinite masculine noun inflection=1
all: determiner
Apple: singular masculine noun proper-noun inflection=7
ås: singular genitive indefinite masculine feminine noun inflection=17e
avtale: singular indefinite masculine noun verb inflection=4
belta: plural definite neuter noun inflection=d
belte: singular indefinite neuter noun inflection=d
beltene: plural definite neuter noun inflection=d
bildøra: singular definite feminine noun inflection=64
bokmerke: singular indefinite neuter noun inflection=d
budskap: singular plural indefinite neuter noun inflection=6
ekte: singular plural definite indefinite adjective
fast: singular indefinite adjective
gammel: singular indefinite adjective
god: singular indefinite adjective
høyest: singular plural indefinite adjective
jazz: singular indefinite masculine noun verb inflection=b
kjør: verb
lampa: singular definite feminine noun inflection=43
lampe: singular indefinite masculine feminine noun inflection=43
lunken: singular indefinite adjective
makaber: singular indefinite adjective
mann: singular indefinite masculine noun verb inflection=4c
mor: singular indefinite masculine feminine noun verb inflection=31 inflection=3b
moren: singular definite masculine noun inflection=31
møte: singular indefinite neuter noun verb inflection=d
møter: plural indefinite neuter noun verb inflection=d
norsk: singular indefinite masculine adjective noun verb inflection=1f
opp: adverb
øvinga: singular definite feminine noun inflection=2
praktisk: singular indefinite adjective
rosa: singular plural definite indefinite adjective
tet: singular indefinite masculine noun inflection=1
tykk: singular indefinite adjective
vennlig: singular indefinite adjective
vogntoga: plural definite neuter noun inflection=3
==============================================
Manually curated for tests to pass
Copyright 2024-2024 Apple Inc. All rights reserved.
