אגם: singular indefinite masculine imperative second noun proper-noun verb inflection=100 inflection=a49
אהבה: singular indefinite feminine third past noun verb inflection=1 inflection=f25
אובססיה: singular indefinite feminine noun inflection=a
אוזכר: singular masculine first third past future verb inflection=107d inflection=f71
אושר: singular indefinite masculine first third past future noun verb inflection=5 inflection=1449 inflection=10c8
אזכר: singular masculine imperative second third past verb inflection=14f2
אח: singular indefinite masculine interjection noun inflection=1547
אחות: singular indefinite feminine noun inflection=1547
איש: singular indefinite masculine noun inflection=1a62
אישר: singular masculine first third past future verb inflection=1a83 inflection=b39
אל: singular indefinite masculine feminine adverb noun particle adposition inflection=3 inflection=1b
אלו: determiner pronoun inflection=48
אפשר: singular masculine imperative first second third past future adverb verb inflection=5e7 inflection=364
אפשרות: singular indefinite feminine noun inflection=9
אשר: singular masculine imperative second conjunction verb inflection=1a83
אתה: singular nominative masculine second pronoun
אתחל: singular masculine imperative second third past verb inflection=847
בוטל: singular masculine third past verb inflection=b40
בחר: singular masculine imperative second third past verb inflection=d72
בטוח: singular indefinite masculine present participle passive adjective verb inflection=20 inflection=d74
ביטלה: singular feminine third past verb inflection=d88
ביצע: singular masculine third past verb inflection=d99
ביצעה: singular feminine third past verb inflection=d99
ביקשה: singular feminine third past verb inflection=d9f
בקרי: singular plural construct masculine feminine imperative second noun verb inflection=17 inflection=c8c inflection=d9e
ברוך: singular indefinite masculine adjective noun inflection=4f inflection=71
גדולה: singular indefinite feminine adjective noun inflection=d inflection=10
גדולים: plural indefinite masculine adjective inflection=d
דילגה: singular feminine third past verb inflection=e86
דלת: singular indefinite construct feminine adjective noun particle inflection=d inflection=e92
דמיין: singular masculine imperative second third past verb inflection=e96
דרך: singular indefinite masculine third past noun verb inflection=23 inflection=eaa
האט: singular indefinite masculine imperative second third past noun proper-noun verb inflection=13 inflection=ebb
הבא: singular masculine imperative second verb inflection=ed6
הודעת: singular construct masculine feminine second past noun verb inflection=1 inflection=f63
הוסיף: singular masculine third past verb inflection=ffc
הופעלה: singular feminine third past verb inflection=1034
הוציא: singular masculine third past verb inflection=104f
הזמין: singular masculine third past verb inflection=1102
הזן: singular indefinite masculine imperative second noun verb inflection=10fc inflection=b
היזכרי: singular feminine imperative second verb inflection=1a03
הישאר: singular masculine imperative second verb inflection=1b3d
הם: plural nominative masculine third pronoun
המשך: singular indefinite masculine imperative second noun verb inflection=23 inflection=11d1
הסיר: singular masculine third past verb inflection=11fc
העביר: singular masculine third past verb inflection=1238
העדפה: singular indefinite feminine noun inflection=1
העמק: singular masculine imperative second verb inflection=124b
העתיק: singular masculine third past verb inflection=125a
העתק: singular indefinite masculine imperative second noun verb inflection=2 inflection=125a
הפסיק: singular masculine third past verb inflection=1277
הפעל: singular masculine imperative second verb inflection=1278
הקצתה: singular feminine third past verb inflection=12e5
הקש: singular indefinite masculine imperative second noun verb inflection=12d8 inflection=12f2
הרוויח: singular masculine third past verb inflection=1309
השהתה: singular feminine third past verb inflection=1335
השכירי: singular feminine imperative second verb inflection=134d
השלים: singular masculine third past verb inflection=1351
השלימה: singular feminine third past verb inflection=1351
השעה: singular masculine imperative second adverb verb inflection=135b
השקיע: singular masculine third past verb inflection=1364
התחבר: singular masculine imperative second verb inflection=143d
התחילה: singular feminine third past verb inflection=1446
התחל: singular masculine imperative second verb inflection=1446
התכונן: singular masculine imperative second third past verb inflection=148f
התנועע: singular masculine imperative second third past verb inflection=14ea
התקשר: singular masculine imperative second third past verb inflection=1590
התרכז: singular masculine imperative second third past verb inflection=15ad
ודא: singular masculine imperative second verb inflection=15df
זה: singular masculine determiner pronoun inflection=162b
זכה: singular masculine imperative second third past verb inflection=1641 inflection=791
חבר: singular indefinite masculine imperative second third past noun verb inflection=5 inflection=1663 inflection=1685 inflection=7fc
חברה: singular indefinite masculine feminine third past noun verb inflection=1 inflection=1663 inflection=7fc
חדשה: singular indefinite feminine adjective noun inflection=eb inflection=70f
חדשות: plural indefinite feminine adjective noun inflection=eb inflection=70f
חידשה: singular feminine third past verb inflection=1688
חלון: singular indefinite masculine noun inflection=34
חסומה: singular indefinite feminine present participle passive adjective verb inflection=38 inflection=16ce
חסומות: plural indefinite feminine present participle passive adjective verb inflection=38 inflection=16ce
חסם: singular indefinite masculine imperative second third past noun verb inflection=19 inflection=16ce inflection=9e1
חשבון: singular indefinite masculine noun inflection=d9
חשבי: singular plural construct masculine feminine imperative second noun verb inflection=14 inflection=16a6 inflection=16ee
טלפון: singular indefinite masculine noun inflection=11
טקסט: singular indefinite masculine noun inflection=7
ידיד: singular indefinite masculine noun inflection=1753
ידידה: singular indefinite feminine noun inflection=1753
יפים: plural indefinite masculine present participle adjective verb inflection=33 inflection=8c3
יצאה: singular feminine third past verb inflection=17a2
יצר: singular indefinite masculine imperative second third past future noun verb inflection=2 inflection=12c5 inflection=178f inflection=17a5
יצרה: singular feminine third past verb inflection=17a5
כבה: singular masculine feminine imperative second third past present participle verb inflection=17b5 inflection=17d7
כבוי: singular indefinite masculine present participle passive adjective verb inflection=77 inflection=17b5
כבויים: plural indefinite masculine present participle passive adjective verb inflection=77 inflection=17b5
כובה: singular masculine third past verb inflection=8c5
לא: adverb interjection particle
לב: singular indefinite masculine noun inflection=1822
לחץ: singular indefinite masculine imperative second third past noun verb inflection=26 inflection=183a
מאושר: singular indefinite masculine present participle adjective verb inflection=4 inflection=1449
מאושרים: plural indefinite masculine present participle adjective verb inflection=4 inflection=1449
מארגן: singular indefinite masculine present participle noun verb inflection=59 inflection=69d
מבוטלות: plural indefinite feminine present participle adjective verb inflection=4 inflection=b40
מבוטלת: singular indefinite feminine present participle adjective verb inflection=4 inflection=b40
מבקשת: singular feminine present participle verb inflection=d9f
מוכן: singular indefinite masculine third past present participle adjective verb inflection=7c inflection=fb1 inflection=1891
מוכנה: singular plural indefinite feminine imperative second third past adjective verb inflection=7c inflection=1891 inflection=18fe
מוכנות: singular plural indefinite feminine present participle adjective noun verb inflection=3 inflection=7c inflection=fb1
מוכנים: plural indefinite masculine present participle adjective verb inflection=7c inflection=fb1
מוסך: singular indefinite masculine third past present participle noun verb inflection=23 inflection=ae2 inflection=1927
מחדש: singular indefinite masculine present participle adjective adverb noun verb inflection=12 inflection=1688 inflection=2
מחובר: singular masculine present participle verb inflection=166c
מחוברות: plural feminine present participle verb inflection=166c
מחוברים: plural masculine present participle verb inflection=166c
מחוברת: singular feminine present participle verb inflection=166c
מחק: singular indefinite masculine imperative second third past noun verb inflection=2 inflection=18c8
מחשב: singular indefinite masculine imperative second third past present participle noun verb inflection=2 inflection=16a6 inflection=18c9
מכונית: singular indefinite feminine noun inflection=c
מכירות: plural indefinite feminine present participle noun verb inflection=1 inflection=1188
מלון: singular indefinite masculine noun inflection=b inflection=34
מלונה: singular indefinite feminine noun inflection=1
מנהל: singular indefinite masculine present participle noun verb inflection=2 inflection=14 inflection=1a4e
מנהלת: singular indefinite construct feminine present participle noun verb inflection=1 inflection=14 inflection=1a4e
מנותקות: plural indefinite feminine present participle adjective verb inflection=1d inflection=1a01
מנותקת: singular indefinite construct feminine present participle adjective verb inflection=1d inflection=1a01
מסכים: singular plural indefinite masculine present participle noun verb inflection=23 inflection=11ff
מסעדה: singular indefinite feminine noun inflection=1
מספר: singular indefinite masculine imperative second third past present participle noun verb inflection=2 inflection=192b inflection=1ee
מעורר: singular indefinite construct masculine feminine present participle adjective verb inflection=265 inflection=d5a
מצאי: singular indefinite masculine feminine imperative second noun verb inflection=5 inflection=193a
מקבלת: singular indefinite masculine feminine second past present participle noun verb inflection=14 inflection=470 inflection=ae6
מרגישה: singular feminine present participle verb inflection=1302
משדר: singular indefinite masculine present participle noun verb inflection=2 inflection=5f3
משרד: singular indefinite masculine noun inflection=2
משתף: singular indefinite masculine present participle noun verb inflection=80 inflection=638
משתתף: singular indefinite masculine present participle noun verb inflection=13b0 inflection=195b
מתחילה: singular indefinite feminine present participle adjective verb inflection=d inflection=1446
מתחילים: plural indefinite masculine present participle adjective verb inflection=d inflection=1446
נוספה: singular feminine third past verb inflection=19e0
נושם: singular plural masculine first present future participle verb inflection=10ba inflection=1b4b
נושף: singular masculine present participle verb inflection=1b51
נחסם: singular plural masculine first third past present future participle verb inflection=1a1f inflection=9e1
ניסה: singular masculine third past verb inflection=1a65
נעולה: singular indefinite feminine present participle passive adjective verb inflection=d inflection=1ad7
נעולים: plural indefinite masculine present participle passive adjective verb inflection=d inflection=1ad7
נעצרה: singular feminine third past verb inflection=1ae2
סגור: singular indefinite masculine imperative second present participle passive adjective noun verb inflection=d inflection=1b76 inflection=5
סגורה: singular indefinite feminine present participle passive adjective verb inflection=d inflection=1b76
סגורות: plural indefinite feminine present participle passive adjective verb inflection=d inflection=1b76
סגורים: plural indefinite masculine present participle passive adjective verb inflection=d inflection=1b76
סטונהנג׳: singular indefinite masculine noun proper-noun inflection=13
סיים: singular masculine imperative second third past adverb verb inflection=1d5
סירב: singular masculine third past verb inflection=1f4
ספרים: plural indefinite masculine noun inflection=2 inflection=17
עדכנה: singular plural feminine imperative second third past verb inflection=238
עוצרים: plural indefinite masculine present participle noun verb inflection=2 inflection=2be
עוצרת: singular feminine present participle verb inflection=2be
עורך: singular indefinite masculine present participle noun verb inflection=c8 inflection=2ce
עזבה: singular feminine third past verb inflection=26a
עסוק: singular indefinite masculine imperative second present participle passive adjective verb inflection=d inflection=2b6
עצום: singular indefinite masculine feminine imperative second present participle passive adjective noun verb inflection=38 inflection=2bc inflection=2bd
עצרה: singular feminine third past verb inflection=2be
ערך: singular indefinite masculine third past noun verb inflection=23 inflection=2ce
פועל: singular indefinite masculine present participle noun verb inflection=5 inflection=14 inflection=389 inflection=754
פועלים: plural indefinite masculine present participle noun verb inflection=14 inflection=389
פעיל: singular indefinite masculine adjective noun inflection=d inflection=1b
פעילים: plural indefinite masculine adjective noun inflection=d inflection=1b
פרק: singular indefinite masculine imperative second third past noun verb inflection=2 inflection=35f inflection=3b8
פתוחה: singular indefinite feminine present participle passive adjective verb inflection=d inflection=3c3
פתוחות: plural indefinite feminine present participle passive adjective verb inflection=d inflection=3c3
צחקה: singular feminine third past verb inflection=3e1
צילמה: singular feminine third past verb inflection=3ef
צל: singular indefinite masculine noun inflection=401
צרפתית: singular indefinite feminine adjective noun inflection=3 inflection=7e
קח: singular masculine imperative second verb inflection=1863
קיבל: singular masculine third past verb inflection=470
קשר: singular indefinite masculine imperative second third past noun verb inflection=2 inflection=17 inflection=497 inflection=4d9
רכש: singular indefinite masculine third past noun verb inflection=5 inflection=54b
רעיון: singular indefinite masculine noun inflection=34
שב: singular indefinite masculine imperative second present participle noun verb inflection=66 inflection=17ae inflection=572
שבוע: singular indefinite masculine noun inflection=576
שואף: singular masculine present participle verb inflection=571
שימי: singular feminine imperative second verb inflection=650
שינה: singular indefinite masculine feminine third past noun verb inflection=616 inflection=617
שיתף: singular masculine third past verb inflection=638
שכפל: singular masculine imperative second third past verb inflection=641
שלחה: singular feminine third past verb inflection=647
שעון: singular indefinite masculine adjective noun inflection=b inflection=37
שרף: singular indefinite masculine third past noun verb inflection=1a inflection=68a
תאפשר: singular masculine feminine second third future verb inflection=5e7
תיהני: singular feminine second future verb inflection=19c1
תני: singular feminine imperative second verb inflection=1b5e inflection=6e6
תקועה: singular indefinite feminine present participle passive adjective verb inflection=36 inflection=72b
תקועים: plural indefinite masculine present participle passive adjective verb inflection=36 inflection=72b
תרומת: singular construct feminine noun inflection=1
תשואה: singular indefinite feminine noun inflection=1
תתעלל: singular masculine feminine second third future verb inflection=151c
תתרענן: singular masculine feminine second third future verb inflection=15b2
==============================================
Manually curated for tests to pass
Copyright 2024-2024 Apple Inc. All rights reserved.
