24 heures du Mans: plural feminine noun inflection=6f
Amiens: singular plural masculine feminine noun proper-noun inflection=57 inflection=e4
Amsterdam: singular plural feminine vowel-start noun proper-noun inflection=13
Apple: singular plural feminine vowel-start appleproduct noun proper-noun inflection=9a
Ariana: singular plural feminine vowel-start noun proper-noun inflection=13
Belfort: singular masculine noun proper-noun inflection=18
Belle: singular plural feminine noun proper-noun inflection=7
CAS: singular plural masculine abbreviation noun
Centre: singular plural masculine noun proper-noun inflection=5
Chine: singular plural feminine noun proper-noun inflection=7
Clim: singular feminine noun inflection=28
Congo: singular plural masculine noun proper-noun inflection=5
DES: singular plural masculine abbreviation noun
Est: singular masculine vowel-start noun proper-noun inflection=40
Eurockéennes de Belfort: plural feminine vowel-start noun inflection=b0
FIAC: singular feminine abbreviation noun
Fashion week: singular feminine noun inflection=28
France: singular feminine noun proper-noun inflection=7
FrancoFolies: plural masculine noun proper-noun inflection=36
Francofolies: plural feminine noun proper-noun inflection=67
Félix: singular plural masculine noun proper-noun inflection=5
Hellfest: singular masculine noun inflection=10
Hollande: singular plural feminine noun proper-noun inflection=7 inflection=1c
HomePod: singular plural masculine appleproduct noun proper-noun inflection=2e
Italie: singular feminine vowel-start noun proper-noun inflection=30
Japan Expo: singular feminine noun inflection=28
Japon: singular masculine noun proper-noun inflection=18
Japonais: singular plural masculine noun inflection=35
Japonaise: singular feminine noun inflection=35
Japonaises: plural feminine noun inflection=35
Line: singular plural feminine noun proper-noun inflection=7
Ludovic: singular plural masculine noun proper-noun inflection=5
Mans: singular plural masculine noun proper-noun inflection=5
Monaco: singular plural masculine noun proper-noun inflection=5
Moyen-Orient: singular masculine noun proper-noun inflection=18
Nova: singular plural feminine noun proper-noun inflection=7
Néerlandais: singular plural masculine noun inflection=35
Paris: singular plural masculine noun proper-noun inflection=5
Pays-Bas: plural masculine noun proper-noun inflection=36
Rez: singular plural masculine noun inflection=d
Rihanna: singular plural feminine noun proper-noun inflection=7
Roland: singular plural masculine noun proper-noun inflection=5
République: singular feminine noun inflection=28
Solidays: plural masculine noun inflection=60
Sterling: singular plural masculine noun proper-noun inflection=5
Suédois: singular plural masculine noun inflection=35
TV: singular plural masculine feminine abbreviation noun
Tour Eiffel: singular feminine noun inflection=28
Vendée Globe: singular masculine noun inflection=10
Vendée: singular plural feminine noun proper-noun inflection=7
a: singular indicative third vowel-start present verb inflection=4bf inflection=3db
acajou: singular plural masculine feminine vowel-start adjective noun inflection=4 inflection=41
acajous: plural masculine vowel-start noun inflection=4
actif: singular masculine vowel-start adjective noun inflection=4 inflection=2d inflection=a2
active: singular feminine indicative imperative subjunctive first second third vowel-start present adjective noun verb inflection=12 inflection=2d inflection=a2 inflection=3
adolescents: plural masculine vowel-start noun inflection=4
ambiance: singular feminine vowel-start noun inflection=3
ami: singular masculine vowel-start adjective noun inflection=b inflection=29
amical: singular masculine vowel-start adjective inflection=20
amicaux: plural masculine vowel-start adjective inflection=20
amis: plural masculine vowel-start adjective noun inflection=b inflection=29
appareil: singular masculine vowel-start noun inflection=4
appartement: singular masculine vowel-start noun inflection=4
arrière: singular masculine feminine vowel-start adjective noun inflection=4 inflection=a
as: singular plural masculine indicative second vowel-start present noun verb inflection=23 inflection=4bf inflection=3db
au: determiner adposition inflection=63
auditorium: singular masculine vowel-start noun inflection=4
aval: singular masculine vowel-start noun inflection=4
avals: plural masculine vowel-start noun inflection=4
avec: adposition
bal: singular masculine noun inflection=2
bals: plural masculine noun inflection=2
bas: singular plural masculine adjective noun inflection=d inflection=c3
belle: singular feminine adjective inflection=122
bienvenu: singular masculine adjective noun inflection=6 inflection=1d
bienvenue: singular feminine adjective interjection noun inflection=1 inflection=6 inflection=1d
bienvenues: plural feminine adjective noun inflection=1 inflection=6 inflection=1d
bienvenus: plural masculine adjective noun inflection=6 inflection=1d
bijou: singular masculine noun inflection=1b
bijoux: plural masculine noun inflection=1b
biographique: singular masculine feminine adjective inflection=8
biographiques: plural masculine feminine adjective inflection=8
bleu: singular masculine adjective noun inflection=2 inflection=6
bleus: plural masculine adjective noun inflection=2 inflection=6
boutique: singular feminine noun inflection=1
boutiques: plural feminine noun inflection=1
bureau: singular masculine noun inflection=1b
bureaux: plural masculine noun inflection=1b
caillou: singular masculine noun inflection=1b
cailloux: plural masculine noun inflection=1b
canapé: singular masculine noun inflection=2
carnaval: singular masculine noun inflection=2
carnavals: plural masculine noun inflection=2
cartes: singular plural feminine indicative subjunctive second present noun verb inflection=1 inflection=e inflection=26
carton: singular masculine noun inflection=2
cas: singular plural masculine noun inflection=d
ce: singular demonstrative masculine vowel-start determiner inflection=153
centre: singular masculine indicative imperative subjunctive first second third present noun verb inflection=2 inflection=e inflection=f
centres: singular plural masculine indicative subjunctive second present noun verb inflection=2 inflection=e inflection=f
chacal: singular masculine noun inflection=2
chacals: plural masculine noun inflection=2
chaises: plural feminine noun inflection=1
chambre: singular feminine indicative imperative subjunctive first second third present noun verb inflection=1 inflection=e inflection=f
chat: singular masculine noun inflection=2 inflection=c4
chats: plural masculine noun inflection=2 inflection=c4
chaussée: singular feminine past participle noun verb inflection=1 inflection=f
chevet: singular masculine noun inflection=2
chien: singular masculine noun inflection=2
chine: singular indicative imperative subjunctive first second third present verb inflection=e inflection=26
chou: singular masculine noun inflection=1b
choux: plural masculine noun inflection=1b
ciel: singular masculine noun inflection=100
cieux: plural masculine noun inflection=100
cinéma: singular masculine noun inflection=2
clinique: singular masculine feminine adjective noun inflection=1 inflection=8
cliniques: plural masculine feminine adjective noun inflection=1 inflection=8
collection: singular feminine noun inflection=1
comédie: singular feminine noun inflection=1
comédies: plural feminine noun inflection=1
corral: singular masculine noun inflection=2
corrals: plural masculine noun inflection=2
couloir: singular masculine noun inflection=2
cour: singular feminine noun inflection=1
crédit: singular masculine noun inflection=2
crée: singular indicative imperative subjunctive first second third present verb inflection=338 inflection=3fd
créent: plural indicative subjunctive third present verb inflection=338 inflection=3fd
créé: singular masculine past participle verb inflection=338 inflection=3fd
créés: plural masculine past participle verb inflection=3fd
cuisine: singular feminine indicative imperative subjunctive first second third present noun verb inflection=1 inflection=e
dans: plural masculine noun adposition inflection=15d
de: adposition
des: plural indefinite masculine feminine determiner inflection=63 inflection=2be
dressing: singular masculine noun inflection=2
déchets: plural masculine noun inflection=2
délégué: singular masculine past participle adjective noun verb inflection=6 inflection=f inflection=1d inflection=408
déléguée: singular feminine past participle adjective noun verb inflection=6 inflection=f inflection=1d inflection=408
déplacée: singular feminine past participle adjective verb inflection=6 inflection=64
déplacées: plural feminine past participle adjective verb inflection=6 inflection=64
déshydraté: singular masculine adjective inflection=6
déshydratée: singular feminine adjective inflection=6
désintoxication: singular feminine noun inflection=1
en: adverb adposition pronoun inflection=9
enfoirés: plural masculine vowel-start adjective noun inflection=b inflection=29
enfouissement: singular masculine vowel-start noun inflection=4
enfouissements: plural masculine vowel-start noun inflection=4
entreprise: singular feminine vowel-start noun inflection=3
entreprises: plural feminine vowel-start noun inflection=3
entrée: singular feminine vowel-start past participle noun verb inflection=3 inflection=16f
escalier: singular masculine vowel-start noun inflection=4
est: singular plural masculine feminine indicative third vowel-start present adjective noun verb inflection=23 inflection=41 inflection=2cf
excité: singular masculine vowel-start past participle adjective noun verb inflection=b inflection=29 inflection=3d
excitée: singular feminine vowel-start past participle adjective noun verb inflection=b inflection=29 inflection=3d
expo: singular feminine vowel-start noun inflection=3
faillite: singular feminine noun inflection=1
familiale: singular feminine adjective noun inflection=1 inflection=11
familiales: plural feminine adjective noun inflection=1 inflection=11
famille: singular feminine noun inflection=1
familles: plural feminine noun inflection=1
fashion: singular plural adjective inflection=87
fax: singular plural masculine noun inflection=d
femme: singular feminine noun inflection=1
femmelette: singular feminine noun inflection=1
femmelettes: plural feminine noun inflection=1
femmes: plural feminine noun inflection=1
festival: singular masculine noun inflection=2
festivals: plural masculine noun inflection=2
film: singular masculine noun inflection=2
films: plural masculine noun inflection=2
financement: singular masculine noun inflection=2
fois: singular plural feminine noun inflection=1 inflection=34
fête: singular feminine indicative imperative subjunctive first second third present noun verb inflection=1 inflection=e
garage: singular masculine noun inflection=2
gaz: singular plural masculine noun inflection=d
genou: singular masculine noun inflection=1b
genoux: plural masculine noun inflection=1b
gestion: singular feminine noun inflection=1
globe: singular masculine noun inflection=2
grand: singular masculine adjective noun inflection=6 inflection=1d
grande: singular feminine adjective noun inflection=6 inflection=1d
grands: plural masculine adjective noun inflection=6 inflection=1d
guirlande: singular feminine noun inflection=1
heures: plural feminine vowel-start noun inflection=3
hibou: singular masculine noun inflection=1b
hiboux: plural masculine noun inflection=1b
hindi: singular masculine vowel-start adjective noun inflection=b inflection=25
hollande: singular masculine feminine noun inflection=c
hôpital: singular masculine vowel-start noun inflection=84
hôtel: singular masculine vowel-start noun inflection=4
hôtels: plural masculine vowel-start noun inflection=4
iMessage: singular masculine vowel-start appleproduct noun proper-noun inflection=a1
iMessages: plural masculine vowel-start appleproduct noun proper-noun inflection=a1
image: singular feminine vowel-start noun inflection=3
inactif: singular masculine vowel-start adjective noun inflection=2d inflection=a2
inactive: singular feminine indicative imperative subjunctive first second third vowel-start present adjective noun verb inflection=2d inflection=5c inflection=a2
informé: singular masculine vowel-start past participle adjective noun verb inflection=4 inflection=b inflection=5c inflection=284
informée: singular feminine vowel-start past participle adjective verb inflection=b inflection=5c
japonais: singular plural masculine adjective noun inflection=10 inflection=22
japonaise: singular feminine adjective inflection=22
japonaises: plural feminine adjective inflection=22
je: singular nominative masculine feminine first pronoun
joujou: singular masculine noun inflection=1b
joujoux: plural masculine noun inflection=1b
la: singular definite feminine direct third vowel-start determiner pronoun inflection=63 inflection=35f
lacs: plural masculine noun inflection=2
lampadaire: singular masculine noun inflection=2
lampe: singular feminine indicative imperative subjunctive first second third present noun verb inflection=1 inflection=e inflection=f
landau: singular masculine noun inflection=2
landaus: plural masculine noun inflection=2
le: singular definite masculine direct third vowel-start determiner pronoun inflection=63 inflection=35f
les: plural definite masculine feminine direct third vowel-start determiner pronoun inflection=63 inflection=35f
lieu: singular masculine noun inflection=1b inflection=2
lieux: plural masculine noun inflection=1b
ligne: singular feminine indicative imperative subjunctive first second third present noun verb inflection=1 inflection=e inflection=26
lit: singular masculine indicative third present noun verb inflection=2 inflection=12f
livre: singular masculine feminine indicative imperative subjunctive first second third present noun verb inflection=c inflection=e inflection=f
lumière: singular feminine noun inflection=1
luxe: singular masculine indicative imperative subjunctive first second third present noun verb inflection=2 inflection=e inflection=f
lâcheté: singular feminine noun inflection=1
légalisât: singular subjunctive third past verb inflection=e inflection=f
ma: definite determiner inflection=63
machine: singular feminine indicative imperative subjunctive first second third present noun verb inflection=1 inflection=f
magasins: plural masculine noun inflection=2
maison: singular feminine noun inflection=1
manger: singular masculine infinitive noun verb inflection=2 inflection=59
mans: plural masculine noun inflection=2
mentionné: singular masculine past participle verb inflection=f
mentionnée: singular feminine past participle verb inflection=f
modifié: singular masculine past participle verb inflection=44 inflection=47
modifiés: plural masculine past participle verb inflection=44
montre: singular feminine indicative imperative subjunctive first second third present noun verb inflection=1 inflection=e inflection=f
musical: singular masculine adjective inflection=11
musicale: singular feminine adjective inflection=11
musicales: plural feminine adjective inflection=11
musicaux: plural masculine adjective inflection=11
nationale: singular feminine adjective inflection=11
nerveuse: singular feminine adjective noun inflection=17 inflection=4c
nerveux: singular plural masculine adjective noun inflection=17 inflection=4c
nova: singular feminine noun inflection=1a5
néerlandais: singular plural masculine adjective noun inflection=10 inflection=22
ordinateurs: plural masculine vowel-start adjective noun inflection=4 inflection=48
organisateur: singular masculine vowel-start noun inflection=3f
organisatrice: singular feminine vowel-start noun inflection=3f
ou: conjunction
pardonnât: singular subjunctive third past verb inflection=e inflection=f
paris: plural masculine noun inflection=2
patinoire: singular feminine noun inflection=1
personnel: singular masculine adjective noun inflection=2 inflection=27
photo: singular feminine noun inflection=1
photos: plural feminine noun inflection=1
piscine: singular feminine noun inflection=1
plafond: singular masculine noun inflection=2
plafonnier: singular masculine noun inflection=2
plage: singular feminine noun inflection=1
plages: plural feminine noun inflection=1
plomb: singular masculine noun inflection=2
pneu: singular masculine noun inflection=2
pneus: plural masculine noun inflection=2
portable: singular masculine feminine adjective inflection=8
portail: singular masculine noun inflection=2
pou: singular masculine noun inflection=1b
pour: adposition
poux: plural masculine noun inflection=1b
premier: singular masculine adjective inflection=3a
principal: singular masculine adjective noun inflection=11 inflection=a0
prise: singular feminine indicative imperative subjunctive first second third past present participle adjective noun verb inflection=1 inflection=e inflection=f inflection=22 inflection=117
privée: singular feminine past participle adjective verb inflection=6 inflection=f
privées: plural feminine past participle adjective verb inflection=6 inflection=f
prix: singular plural masculine noun inflection=d
professionnel: singular masculine adjective noun inflection=27 inflection=9d
prêt: singular masculine adjective noun inflection=2 inflection=6
prête: singular feminine indicative imperative subjunctive first second third present adjective verb inflection=6 inflection=f inflection=26
que: adverb conjunction pronoun inflection=9
radiant: singular masculine adjective noun inflection=6 inflection=2
relax: singular plural masculine feminine adjective inflection=21
restaurant: singular masculine present participle noun verb inflection=2 inflection=e inflection=f
restaurants: plural masculine noun inflection=2
resté: singular masculine past participle verb inflection=f
restée: singular feminine past participle verb inflection=f
rez-de-chaussée: singular plural masculine noun inflection=d
royal: singular masculine adjective inflection=11
récital: singular masculine noun inflection=2
récitals: plural masculine noun inflection=2
régal: singular masculine noun inflection=2
régals: plural masculine noun inflection=2
république: singular feminine noun inflection=1
réveillé: singular masculine past participle verb inflection=f inflection=26
réveillée: singular feminine past participle verb inflection=f inflection=26
salle: singular feminine noun inflection=1
salon: singular masculine noun inflection=2
sans: adposition
sarrau: singular masculine noun inflection=2
sarraus: plural masculine noun inflection=2
serez: plural indicative second future verb inflection=2cf
service: singular masculine noun inflection=2
services: plural masculine noun inflection=2
société: singular feminine noun inflection=1
sociétés: plural feminine noun inflection=1
sont: plural indicative third present verb inflection=2cf
sous-sol: singular masculine noun inflection=2
sterling: singular plural masculine feminine adjective inflection=21
stressé: singular masculine past participle verb inflection=f inflection=26
stressée: singular feminine past participle verb inflection=f inflection=26
suédois: singular plural masculine adjective noun inflection=10 inflection=22
séjour: singular masculine noun inflection=2
table: singular feminine indicative imperative subjunctive first second third present noun verb inflection=1 inflection=8f inflection=480
terrasse: singular feminine indicative imperative subjunctive first second third past present noun verb inflection=1 inflection=76 inflection=85 inflection=26 inflection=8f
toilettes: singular plural feminine indicative subjunctive second present noun verb inflection=1 inflection=e
torche: singular feminine indicative imperative subjunctive first second third present noun verb inflection=1 inflection=e inflection=26
torches: singular plural feminine indicative subjunctive second present noun verb inflection=1 inflection=e inflection=26
tour: singular masculine feminine noun inflection=c
travail: singular masculine noun inflection=fd
travaux: plural masculine noun inflection=fd
très: adverb inflection=9
télé: singular feminine noun inflection=1
téléphone: singular masculine indicative imperative subjunctive first second third present noun verb inflection=2 inflection=e inflection=f
téléphones: singular plural masculine indicative subjunctive second present noun verb inflection=2 inflection=e inflection=f
télévision: singular feminine noun inflection=1
un: singular indefinite masculine vowel-start adjective determiner number pronoun inflection=2bd inflection=2be
une: singular indefinite feminine vowel-start adjective determiner noun pronoun inflection=1 inflection=2bd inflection=2be
univers: singular plural masculine vowel-start noun inflection=23
ventilateur: singular masculine noun inflection=2
village: singular masculine noun inflection=2
voies: singular plural feminine subjunctive second present noun verb inflection=1 inflection=137
volet: singular masculine noun inflection=2
vous: plural nominative oblique masculine feminine emphatic direct indirect second pronoun
yeux: plural masculine noun inflection=2d4
à: adposition
électrique: singular masculine feminine vowel-start adjective inflection=a
électriques: plural masculine feminine vowel-start adjective inflection=a
émeu: singular masculine vowel-start noun inflection=4
émeus: singular plural masculine indicative imperative first second vowel-start present noun verb inflection=4 inflection=2ca
étage: singular masculine indicative imperative subjunctive first second third vowel-start present noun verb inflection=4 inflection=5b
été: singular masculine vowel-start past participle noun verb inflection=4 inflection=2cf
êtes: plural indicative second vowel-start present verb inflection=2cf
œil: singular masculine vowel-start noun inflection=2d4
mien: singular masculine vowel-start adjective pronoun inflection=1a
mienne: singular feminine vowel-start adjective pronoun inflection=1a
miennes: plural feminine vowel-start adjective pronoun inflection=1a
miens: plural masculine vowel-start adjective pronoun inflection=1a
==============================================
Manually curated for tests to pass
Copyright 2024-2024 Apple Inc. All rights reserved.
