Alex: singular masculine lemma-word noun proper-noun inflection=521
Buren: singular neuter lemma-word noun proper-noun inflection=25
Bush: singular lemma-word noun proper-noun inflection=200
Chris: singular lemma-word noun proper-noun inflection=8a
Ellen: singular feminine lemma-word noun proper-noun inflection=1f
Eric: singular masculine lemma-word noun proper-noun inflection=14 inflection=ad
Europa: singular neuter lemma-word noun proper-noun inflection=29
Gent: singular neuter lemma-word noun proper-noun inflection=12
Huizen: singular neuter lemma-word noun proper-noun inflection=12
IKEA: singular neuter lemma-word noun proper-noun inflection=29
Ikea: singular neuter lemma-word noun proper-noun inflection=29
Jezus: singular masculine lemma-word noun proper-noun inflection=23c
Jobs: singular plural genitive masculine noun proper-noun inflection=ad
ME: singular feminine lemma-word abbreviation noun proper-noun
Steve: singular masculine lemma-word noun proper-noun inflection=14
Tom: singular masculine lemma-word noun proper-noun inflection=2f2
auto: singular masculine lemma-word noun inflection=2b
baby: singular masculine lemma-word noun inflection=308
bacterie: singular feminine lemma-word noun inflection=20f
bacteriën: plural feminine noun inflection=20f
beer: singular masculine lemma-word noun verb inflection=97
beren: singular plural masculine noun verb inflection=97
blij: singular lemma-word adjective
blije: singular plural adjective
boek: singular neuter lemma-word noun verb inflection=6e
boeken: plural neuter noun verb inflection=6e
boekenkast: lemma-word noun inflection=1
boos: singular genitive lemma-word adjective
broer: singular masculine lemma-word noun inflection=3b
bruine: singular plural lemma-word adjective noun inflection=17
buren: plural masculine noun verb inflection=c5
bush: singular masculine lemma-word noun inflection=e4
contact: singular neuter lemma-word noun verb inflection=9
contacten: plural neuter noun verb inflection=9
contactpersonen: plural masculine noun inflection=72
contactpersoon: singular masculine lemma-word noun inflection=72
dag: singular masculine lemma-word noun inflection=6 inflection=63
dagen: plural masculine noun verb inflection=6
dat: conjunction determiner
de: determiner
dikke: singular plural adjective
doorbakken: singular plural indefinite neuter lemma-word adjective
een: singular lemma-word determiner noun number inflection=1e2
egel: singular masculine lemma-word noun inflection=3
feestdag: singular masculine lemma-word noun inflection=6
feestdagen: plural masculine noun inflection=6
gebouwd: singular lemma-word adjective verb
gent: singular masculine lemma-word noun inflection=6
groot: singular neuter lemma-word adjective noun inflection=524
groot: singular neuter lemma-word adjective noun inflection=524
grote: singular plural lemma-word adjective noun inflection=17
gure: singular plural adjective
guur: singular lemma-word adjective
haar: singular neuter lemma-word noun pronoun inflection=52
hem: singular pronoun verb
hen: singular feminine lemma-word noun inflection=7e
het: determiner
hij: pronoun
huis: singular neuter lemma-word noun verb inflection=1b
huizen: plural neuter noun verb inflection=1b
hun: pronoun
idee: singular lemma-word noun inflection=82
ideeën: plural noun inflection=82
ik: pronoun
in: singular adposition verb
industrie: singular feminine lemma-word noun inflection=15
industrieën: plural feminine noun inflection=15
is: singular verb
je: pronoun
jij: singular verb
jobs: plural masculine noun inflection=3
jou: pronoun
jouw: singular pronoun verb
kaal: singular lemma-word adjective verb
kale: singular plural adjective
kamer: singular lemma-word noun inflection=f
keukentafel: singular lemma-word noun inflection=f
klef: singular lemma-word adjective
kleffe: singular plural adjective
kleffer: singular definite indefinite adjective
kleffere: singular plural definite indefinite adjective
kleine: singular plural lemma-word adjective noun inflection=17
knie: singular lemma-word noun inflection=82
knieën: plural noun inflection=82
koelkast: singular lemma-word noun inflection=2d
koelkasten: plural noun inflection=2d
koelkastje: singular neuter diminutive noun inflection=2d
koelkastjes: plural neuter diminutive noun inflection=2d
lamst: singular definite adjective
lang: singular lemma-word adjective verb
lege: singular plural adjective
lichtst: singular definite adjective
ligt: singular verb
living: singular lemma-word noun inflection=f
lui: singular lemma-word adjective verb
luie: singular plural adjective
man: singular masculine lemma-word noun verb inflection=87
me: pronoun
met: adposition
mij: pronoun
mijn: singular lemma-word noun pronoun verb inflection=8
moderne: singular plural adjective
mooi: singular lemma-word adjective
mooidoenerij: feminine lemma-word noun inflection=a
mooie: singular plural adjective
nieuwe: singular plural adjective
nummer: singular neuter lemma-word noun verb inflection=5
nummers: plural neuter noun inflection=5
ons: singular neuter lemma-word noun pronoun inflection=5b6
onze: pronoun
oud: singular lemma-word adjective
oude: singular plural lemma-word adjective noun inflection=17
ouder: singular definite indefinite masculine lemma-word adjective noun inflection=3
ouders: plural genitive masculine adjective noun inflection=3
over: adverb adposition
personen: plural masculine noun inflection=72
persoon: singular masculine lemma-word noun inflection=72
porie: singular feminine lemma-word noun inflection=20f
poriën: plural feminine noun inflection=20f
programma: singular neuter lemma-word noun inflection=5d
reis: singular lemma-word noun verb inflection=1d
reizen: plural noun verb inflection=1d
rode: singular plural definite indefinite lemma-word adjective noun inflection=17
rood: singular definite indefinite neuter lemma-word adjective noun verb inflection=9b
saai: singular lemma-word adjective adverb
schepen: singular plural masculine neuter lemma-word noun verb inflection=68 inflection=c4
schip: singular neuter lemma-word noun inflection=68
stadscentra: plural neuter noun inflection=28
stadscentrum: singular neuter lemma-word noun inflection=28
tafel: singular lemma-word noun verb inflection=f
traag: singular lemma-word adjective
tuinhuis: singular neuter lemma-word noun inflection=bd
tuinhuizen: plural neuter noun inflection=bd
uit: singular adverb adposition verb
uitstapje: singular neuter lemma-word noun inflection=5
uitstapjes: plural neuter noun inflection=5
van: adposition
veel: singular lemma-word adjective adverb number verb
vegetarisch: singular lemma-word adjective
vegetarische: singular plural adjective
vele: singular adjective
velen: plural adjective verb
vergadering: singular feminine lemma-word noun inflection=2
vergaderingen: plural feminine noun inflection=2
vervallen: singular plural neuter lemma-word adjective noun verb inflection=56
vrouw: singular feminine lemma-word noun inflection=2
we: pronoun
wij: pronoun
wolf: singular masculine lemma-word noun verb inflection=8c
zakelijk: singular lemma-word adjective
zakelijke: singular plural adjective
zakenkrant: singular lemma-word noun inflection=8
zat: singular lemma-word adjective verb
zatte: singular plural adjective
ze: pronoun
zij: singular lemma-word noun pronoun inflection=209
zijn: singular plural neuter lemma-word noun pronoun verb inflection=c
==============================================
Manually curated for tests to pass
Copyright 2024-2024 Apple Inc. All rights reserved.
