Avión: singular masculine feminine noun proper-noun inflection=79
Aviones: plural masculine feminine noun proper-noun inflection=79
Bienvenida: singular feminine noun proper-noun inflection=6
Bienvenido: singular masculine noun proper-noun inflection=c
Bienvenidos: plural masculine noun proper-noun inflection=c
Luces: plural feminine noun proper-noun inflection=179
Luz: singular feminine noun proper-noun inflection=179
Mac: singular masculine feminine appleproduct abbreviation noun proper-noun inflection=5c
Madrid: singular masculine feminine noun proper-noun inflection=12
Real: singular masculine noun proper-noun inflection=13
Victoria: singular feminine noun proper-noun inflection=6
a: adposition
abracadabra: singular masculine noun inflection=1
acciones: singular plural feminine subjunctive second present noun verb inflection=5
actrices: plural feminine noun inflection=2c2
actriz: singular feminine noun inflection=2c2
aérea: singular feminine adjective inflection=3
agua: singular stressed feminine indicative imperative second third present noun verb inflection=2
aguas: singular plural feminine indicative second present noun verb inflection=2
águila: singular stressed masculine feminine noun inflection=956
al: determiner adposition inflection=117
alarma: singular feminine indicative imperative second third present noun verb inflection=2
álgebra: singular stressed feminine noun inflection=2
amiga: singular feminine indicative imperative second third present adjective noun verb inflection=a
análisis: singular plural masculine noun inflection=14
añeja: singular feminine indicative imperative second third present adjective verb inflection=3
anís: singular masculine noun inflection=de
app: singular stressed feminine noun inflection=2
apps: plural feminine noun inflection=2
área: singular stressed feminine noun inflection=2
áreas: plural feminine noun inflection=2
avión: singular masculine noun inflection=e
aviones: plural masculine noun inflection=e
barco: singular masculine noun inflection=1
barcos: plural masculine noun inflection=1
bienvenidas: plural feminine adjective noun inflection=3
bienvenida: singular feminine adjective noun inflection=3
bienvenido: singular masculine adjective inflection=3
bienvenidos: plural masculine adjective inflection=3
café: singular masculine feminine adjective noun inflection=1
cambio: singular masculine indicative first present noun verb inflection=1
cambios: plural masculine noun inflection=1
camión: singular masculine noun inflection=e
capataz: singular masculine feminine noun inflection=1c0
clima: singular masculine noun inflection=1
clubes: plural masculine noun inflection=72
compás: singular masculine noun inflection=90
conversación: singular feminine noun inflection=5
conversaciones: plural feminine noun inflection=5
costumbre: singular feminine noun inflection=2
crisis: singular plural feminine noun inflection=19
cuarto: singular masculine indicative first present determiner noun pronoun verb inflection=1
de: singular imperative subjunctive first second third present adposition verb
déficits: plural masculine noun inflection=1
del: determiner adposition inflection=117
delegada: singular feminine participle adjective noun verb inflection=3
delegado: singular masculine participle adjective noun verb inflection=3
el: singular definite masculine determiner pronoun inflection=33b
elección: singular feminine noun inflection=5
elecciones: plural feminine noun inflection=5
en: adposition
encendido: singular masculine past participle adjective verb inflection=3
encendidos: plural masculine adjective inflection=3
es: singular indicative second third present verb inflection=8da
esta: singular demonstrative feminine determiner noun pronoun inflection=81
está: singular indicative imperative second third present verb inflection=6d0
estaría: singular conditional first third past verb inflection=6d0
están: plural indicative third present verb inflection=6d0
estas: plural demonstrative feminine determiner noun pronoun inflection=81
este: singular demonstrative masculine determiner noun pronoun inflection=1
farola: singular feminine noun inflection=2
fax: singular masculine noun inflection=7
faxes: plural masculine noun inflection=7
finanzas: plural feminine noun inflection=2
frac: singular masculine noun inflection=1
fracs: plural masculine noun inflection=1
fraque: singular masculine noun inflection=1
fraques: plural masculine noun inflection=1
fría: singular feminine imperative subjunctive first second third present adjective verb inflection=271
gata: singular feminine adjective noun inflection=3
gatas: plural feminine adjective noun inflection=3
gato: singular masculine adjective noun inflection=3
gatos: plural masculine adjective noun inflection=3
habitación: singular feminine noun inflection=5
hábitat: singular masculine noun inflection=1
harina: singular feminine noun inflection=2
histórico: singular masculine adjective inflection=3
históricos: plural masculine adjective inflection=3
hotel: singular masculine noun inflection=7
hoteles: plural masculine noun inflection=7
humedad: singular feminine noun inflection=d
incendios: plural masculine noun inflection=1
ítems: plural masculine noun inflection=1
la: singular definite feminine determiner pronoun inflection=33b
lápices: plural masculine noun inflection=3f
lápiz: singular masculine noun inflection=3f
las: plural definite feminine determiner pronoun inflection=33b
lemming: singular masculine feminine noun inflection=1
lemmings: plural masculine feminine noun inflection=1
línea: singular feminine noun inflection=2
llaves: plural feminine noun inflection=2
los: plural definite masculine determiner pronoun inflection=117
luces: singular plural feminine indicative second present noun verb inflection=23
lunes: singular plural masculine noun inflection=14
luz: singular feminine noun inflection=23
móvil: singular masculine feminine adjective noun inflection=b
nariz: singular feminine noun inflection=23
pan: singular masculine noun inflection=7
panes: plural masculine noun inflection=7
pantalla: singular feminine noun inflection=38
pantallas: plural feminine noun inflection=38
pantallita: singular feminine diminutive noun inflection=38
pantallitas: plural feminine diminutive noun inflection=38
papás: plural masculine noun inflection=1
papel: singular masculine noun inflection=7
para: singular indicative imperative subjunctive first second third present adposition verb inflection=7a3
paracaídas: singular plural masculine noun inflection=14
paraguas: singular plural masculine noun inflection=14
planeta: singular masculine feminine noun inflection=1
porcentaje: singular masculine noun inflection=1
porcentual: singular masculine feminine adjective inflection=b
porcentuales: plural masculine feminine adjective inflection=b
precio: singular masculine indicative first present noun verb inflection=1
precios: plural masculine noun inflection=1
real: singular masculine feminine adjective noun inflection=7
registrada: singular feminine participle adjective verb inflection=17
registradísima: singular superlative feminine adjective inflection=17
registradísimo: singular superlative masculine adjective inflection=17
registrado: singular masculine participle adjective verb inflection=17
sensor: singular masculine noun inflection=7
sensores: plural masculine noun inflection=7
superficie: singular feminine noun inflection=2
televisión: singular feminine noun inflection=5
temperatura: singular feminine noun inflection=2
tiempo: singular masculine noun inflection=1
toquera: singular feminine noun inflection=a
toqueras: plural feminine noun inflection=a
toquero: singular masculine noun inflection=a
toqueros: plural masculine noun inflection=a
un: singular plural indefinite short-form masculine feminine determiner number inflection=3c4
una: singular indefinite feminine imperative subjunctive first second third present determiner noun number pronoun verb inflection=27
unas: singular plural indefinite feminine subjunctive second present determiner pronoun verb inflection=3c4
universidad: singular feminine noun inflection=d
uno: singular masculine indicative first present noun number pronoun verb inflection=1
usuaria: singular feminine adjective noun inflection=2 inflection=3 inflection=a
usuarias: plural feminine adjective noun inflection=2 inflection=3 inflection=a
usuario: singular masculine adjective noun inflection=3 inflection=a
usuarios: plural masculine adjective noun inflection=3 inflection=a
victoria: singular feminine noun inflection=2
==============================================
Manually curated for tests to pass
Copyright 2024-2024 Apple Inc. All rights reserved.
