Alex: singular masculine unsized noun proper-noun inflection=13b8
Apple: singular masculine neuter unsized noun proper-noun inflection=e2 inflection=1152
auto: singular masculine unsized noun inflection=28
baby: singular masculine unsized noun inflection=2fb
bacterie: singular feminine unsized noun inflection=271
beer: singular masculine indicative imperative unsized present noun verb inflection=a2 inflection=1491
beschonken: singular plural plain definite indefinite neuter indicative past participle adjective verb inflection=43 inflection=14a2
bewillig: singular imperative first present verb inflection=101
bewilligen: plural present infinitive verb inflection=101
bewilligt: singular second present verb inflection=101
blij: singular plain definite indefinite neuter adjective inflection=427
boek: singular neuter indicative imperative unsized present noun verb inflection=74 inflection=155d
boeken: plural neuter indicative unsized present infinitive noun verb inflection=74 inflection=155d
boos: singular genitive plain definite indefinite neuter adjective inflection=67
broer: singular masculine unsized noun inflection=39
bruine: singular plural plain definite indefinite neuter unsized adjective noun inflection=8 inflection=15
bureau: singular neuter unsized noun inflection=94
Buren: singular neuter unsized noun proper-noun inflection=22
buren: plural masculine indicative unsized present infinitive noun verb inflection=e0 inflection=15cd
Bush: singular unsized noun proper-noun inflection=23f
bush: singular masculine unsized noun inflection=f9
centra: plural neuter unsized noun inflection=fb
centrum: singular neuter unsized noun inflection=fb
Chris: singular unsized noun proper-noun inflection=99
contact: singular neuter indicative imperative unsized present noun verb inflection=7 inflection=164b
contactpersoon: singular masculine unsized noun inflection=7c
copyright: singular neuter unsized noun inflection=3
dag: singular masculine unsized noun inflection=4 inflection=6a
dat: conjunction determiner
de: determiner
dikke: singular plural plain definite indefinite neuter adjective inflection=134
doorbakken: singular plural plain indefinite neuter adjective inflection=172a
een: singular unsized determiner noun number inflection=22b
egel: singular masculine unsized noun inflection=2
Ellen: singular feminine unsized noun proper-noun inflection=1f
Ellens: plural genitive feminine unsized noun proper-noun inflection=1f
Eric: singular masculine unsized noun proper-noun inflection=11 inflection=bf
Erics: singular plural genitive masculine unsized noun proper-noun inflection=11 inflection=bf
Europa: singular neuter unsized noun proper-noun inflection=13
feestdag: singular masculine unsized noun inflection=4
gebouwd: singular plain definite indefinite neuter past participle adjective verb inflection=8 inflection=158d
Gent: singular neuter unsized noun proper-noun inflection=f
gent: singular masculine unsized noun inflection=4
groot: singular plain definite indefinite neuter unsized adjective noun inflection=22a inflection=197b
grote: singular plural plain definite indefinite neuter unsized adjective noun inflection=15 inflection=22a
guur: singular plain definite indefinite neuter adjective inflection=29e
haar: singular neuter unsized noun pronoun inflection=53
hem: singular indicative imperative present pronoun verb inflection=19dd
hen: singular feminine unsized noun inflection=87
het: determiner
hij: pronoun
huis: singular neuter indicative imperative unsized present noun verb inflection=1b inflection=1a47
huizen: plural neuter indicative unsized present infinitive noun verb inflection=1b inflection=1a47
hun: pronoun
idee: singular unsized noun inflection=90
ik: pronoun
IKEA: singular neuter unsized noun proper-noun inflection=13
Ikea: singular neuter unsized noun proper-noun inflection=13
in: singular indicative imperative present adposition verb inflection=1ac0
inch: singular masculine unsized noun inflection=f9
industrie: singular feminine unsized noun inflection=12
is: singular indicative present verb inflection=f34
Jan: singular masculine unsized noun proper-noun inflection=1b1
jan: singular masculine unsized abbreviation noun inflection=10
je: pronoun
Jezus: singular masculine unsized noun proper-noun inflection=227
jij: singular indicative imperative present verb inflection=1b2d
Jobs: singular plural genitive masculine unsized noun proper-noun inflection=bf
jobs: plural masculine unsized noun inflection=2
jong: singular plain definite indefinite neuter indicative imperative unsized present adjective noun verb inflection=7 inflection=8 inflection=1b39
jou: pronoun
kaal: singular plain definite indefinite neuter indicative imperative present adjective verb inflection=5f inflection=1b5c
kamer: singular unsized noun inflection=c
kastje: singular neuter unsized noun inflection=3
keukentafel: singular unsized noun inflection=c
klef: singular plain definite indefinite neuter adjective inflection=1cc
kleine: singular plural plain definite indefinite neuter unsized adjective noun inflection=8 inflection=15
knie: singular unsized noun inflection=90
koelkast: singular unsized noun inflection=2a
lampje: singular neuter unsized noun inflection=3
lampjes: plural neuter unsized noun inflection=3
lamst: singular superlative definite neuter adjective inflection=190
lang: singular plain definite indefinite neuter indicative imperative present adjective verb inflection=8 inflection=1cc6
lege: singular plural plain definite indefinite neuter adjective inflection=357
lelijk: singular plain definite indefinite neuter adjective inflection=8
lichtst: singular superlative definite neuter adjective inflection=8
ligt: singular indicative present verb inflection=1d14
living: singular unsized noun inflection=c
lui: singular plain definite indefinite neuter indicative imperative present adjective verb inflection=8 inflection=4aa
man: singular masculine indicative imperative unsized present noun verb inflection=92 inflection=4d5
ME: singular feminine unsized abbreviation noun proper-noun inflection=88
me: pronoun
met: adposition
mij: pronoun
mijn: singular indicative imperative unsized present noun pronoun verb inflection=6 inflection=535
moderne: singular plural plain definite indefinite neuter adjective inflection=8
mooi: singular plain definite indefinite neuter adjective inflection=8
nieuwe: singular plural plain definite indefinite neuter adjective inflection=8
nummer: singular neuter indicative imperative unsized present noun verb inflection=3 inflection=5f8
oud: singular plain definite indefinite neuter adjective inflection=8
oude: singular plural plain definite indefinite neuter unsized adjective noun inflection=8 inflection=15
ouder: singular comparative definite indefinite masculine neuter unsized adjective noun inflection=2 inflection=8
over: adverb adposition
persoon: singular masculine unsized noun inflection=7c
porie: singular feminine unsized noun inflection=271
programma: singular neuter unsized noun inflection=5b
reis: singular indicative imperative unsized present noun verb inflection=1d inflection=8ee
rood: singular plain definite indefinite neuter indicative imperative unsized present adjective noun verb inflection=a7 inflection=932 inflection=955
saai: singular plain definite indefinite neuter adjective adverb inflection=8
schip: singular neuter unsized noun inflection=6e
stad: singular unsized noun inflection=b9
stadscentra: plural neuter unsized noun inflection=26
stadscentrum: singular neuter unsized noun inflection=26
Steve: singular masculine unsized noun proper-noun inflection=11
tafel: singular indicative imperative unsized present noun verb inflection=c inflection=b9e
Tom: singular masculine unsized noun proper-noun inflection=3de
Toms: genitive masculine unsized noun proper-noun inflection=3de
traag: singular plain definite indefinite neuter adjective inflection=29c
tuinhuis: singular neuter unsized noun inflection=d1
tuinhuizen: plural neuter unsized noun inflection=d1
uit: singular indicative imperative present adverb adposition verb inflection=cba
uitstapje: singular neuter unsized noun inflection=3
van: adposition
veel: singular plain definite indefinite neuter indicative imperative present adjective adverb number verb inflection=d56 inflection=d5d
vegetarisch: singular plain definite indefinite neuter adjective inflection=d59
vergadering: singular feminine unsized noun inflection=1
vervallen: singular plural plain definite indefinite neuter indicative unsized past present infinitive participle adjective noun verb inflection=43 inflection=57 inflection=41d
vrouw: singular feminine unsized noun inflection=1
we: pronoun
wij: pronoun
winkel: singular masculine indicative imperative unsized present noun verb inflection=2 inflection=ee4
wolf: singular masculine indicative imperative unsized present noun verb inflection=96 inflection=ef4
zakelijk: singular plain definite indefinite neuter adjective inflection=8
zakenkrant: singular unsized noun inflection=6
zat: singular plain definite indefinite neuter indicative past adjective verb inflection=bd inflection=f3f
zaten: plural indicative unsized past noun verb inflection=15 inflection=f3f
ze: pronoun
zij: singular unsized noun pronoun inflection=268
zus: singular feminine unsized noun inflection=25
==============================================
Manually curated for tests to pass
Copyright 2024-2024 Apple Inc. All rights reserved.
