Srbija: singular nominative feminine noun inflection=1f
Srbije: singular genitive feminine noun inflection=1f
Srbiji: singular dative locative feminine noun inflection=1f
Srbijo: singular vocative feminine noun inflection=1f
Srbijom: singular instrumental feminine noun inflection=1f
Srbiju: singular accusative feminine noun inflection=1f
izuzeci: plural inanimate nominative vocative masculine noun inflection=35
izuzecima: plural inanimate dative instrumental locative masculine noun inflection=35
izuzetak: singular inanimate accusative nominative masculine noun inflection=35
izuzetaka: plural inanimate genitive masculine noun inflection=35
izuzetka: singular inanimate genitive masculine noun inflection=35
izuzetke: plural inanimate accusative masculine noun inflection=35
izuzetkom: singular inanimate instrumental masculine noun inflection=35
izuzetku: singular inanimate dative locative vocative masculine noun inflection=35
mačaka: plural genitive feminine noun inflection=42
mačka: singular nominative feminine noun inflection=42
mačkama: plural dative instrumental locative feminine noun inflection=42
mačke: singular plural accusative genitive nominative vocative feminine noun inflection=42
mački: singular dative locative feminine noun inflection=42
mačko: singular vocative feminine noun inflection=42
mačkom: singular instrumental feminine noun inflection=42
mačku: singular accusative feminine noun inflection=42
voda: singular plural accusative genitive nominative noun inflection=37
vodama: plural dative instrumental locative noun inflection=37
vode: singular plural accusative genitive nominative vocative noun inflection=37
vodi: singular dative noun inflection=37
vodo: singular vocative noun inflection=37
vodom: singular instrumental locative noun inflection=37
životinja: singular plural genitive nominative feminine noun inflection=25
životinjama: plural dative instrumental locative feminine noun inflection=25
životinje: singular plural accusative genitive nominative vocative feminine noun inflection=25
životinji: singular dative locative feminine noun inflection=25
životinjo: singular vocative feminine noun inflection=25
životinjom: singular instrumental feminine noun inflection=25
životinju: singular accusative feminine noun inflection=25
Јелена: singular nominative vocative feminine proper-noun inflection=3
Јелене: singular genitive feminine proper-noun inflection=3
Јелени: singular dative locative feminine proper-noun inflection=3
Јеленом: singular instrumental feminine proper-noun inflection=3
Јелену: singular accusative feminine proper-noun inflection=3
Љубица: singular nominative feminine proper-noun inflection=19
Љубице: singular genitive vocative feminine proper-noun inflection=19
Љубици: singular dative locative feminine proper-noun inflection=19
Љубицом: singular instrumental feminine proper-noun inflection=19
Љубицу: singular accusative feminine proper-noun inflection=19
Љубиша: singular nominative vocative masculine proper-noun inflection=7
Љубише: singular genitive masculine proper-noun inflection=7
Љубиши: singular dative locative masculine proper-noun inflection=7
Љубишом: singular instrumental masculine proper-noun inflection=7
Љубишу: singular accusative masculine proper-noun inflection=7
Ана: singular nominative vocative feminine proper-noun inflection=3
Ангелина: singular nominative vocative feminine proper-noun inflection=3
Ангелине: singular genitive feminine proper-noun inflection=3
Ангелини: singular dative locative feminine proper-noun inflection=3
Ангелином: singular instrumental feminine proper-noun inflection=3
Ангелину: singular accusative feminine proper-noun inflection=3
Ане: singular genitive feminine proper-noun inflection=3
Ани: singular dative locative feminine proper-noun inflection=3
Аном: singular instrumental feminine proper-noun inflection=3
Ану: singular accusative feminine proper-noun inflection=3
Биљана: singular nominative vocative feminine proper-noun inflection=3
Биљане: singular genitive feminine proper-noun inflection=3
Биљани: singular dative locative feminine proper-noun inflection=3
Биљаном: singular instrumental feminine proper-noun inflection=3
Биљану: singular accusative feminine proper-noun inflection=3
Бојана: singular nominative vocative feminine proper-noun inflection=3
Бојане: singular genitive feminine proper-noun inflection=3
Бојани: singular dative locative feminine proper-noun inflection=3
Бојаном: singular instrumental feminine proper-noun inflection=3
Бојану: singular accusative feminine proper-noun inflection=3
Бранимир: singular nominative masculine proper-noun inflection=4
Бранимира: singular accusative genitive masculine proper-noun inflection=4
Бранимире: singular vocative masculine proper-noun inflection=4
Бранимиром: singular instrumental masculine proper-noun inflection=4
Бранимиру: singular dative locative masculine proper-noun inflection=4
Владимир: singular nominative masculine proper-noun inflection=4
Владимира: singular accusative genitive masculine proper-noun inflection=4
Владимире: singular vocative masculine proper-noun inflection=4
Владимиром: singular instrumental masculine proper-noun inflection=4
Владимиру: singular dative locative masculine proper-noun inflection=4
Горан: singular nominative masculine proper-noun inflection=4
Горана: singular accusative genitive masculine proper-noun inflection=4
Горане: singular vocative masculine proper-noun inflection=4
Гораном: singular instrumental masculine proper-noun inflection=4
Горану: singular dative locative masculine proper-noun inflection=4
Гордана: singular nominative vocative feminine proper-noun inflection=3
Гордане: singular genitive feminine proper-noun inflection=3
Гордани: singular dative locative feminine proper-noun inflection=3
Горданом: singular instrumental feminine proper-noun inflection=3
Гордану: singular accusative feminine proper-noun inflection=3
Драган: singular nominative masculine proper-noun inflection=4
Драгана: singular accusative genitive nominative vocative masculine feminine proper-noun inflection=3 inflection=4
Драгане: singular genitive vocative masculine feminine proper-noun inflection=3 inflection=4
Драгани: singular dative locative feminine proper-noun inflection=3
Драганом: singular instrumental masculine feminine proper-noun inflection=3 inflection=4
Драгану: singular accusative dative locative masculine feminine proper-noun inflection=3 inflection=4
Драгиша: singular nominative vocative masculine proper-noun inflection=7
Драгише: singular genitive masculine proper-noun inflection=7
Драгиши: singular dative locative masculine proper-noun inflection=7
Драгишом: singular instrumental masculine proper-noun inflection=7
Драгишу: singular accusative masculine proper-noun inflection=7
Душан: singular nominative masculine proper-noun inflection=4
Душана: singular accusative genitive masculine proper-noun inflection=4
Душане: singular vocative masculine proper-noun inflection=4
Душаном: singular instrumental masculine proper-noun inflection=4
Душану: singular dative locative masculine proper-noun inflection=4
Загорка: singular nominative vocative feminine proper-noun inflection=3
Загорке: singular genitive feminine proper-noun inflection=3
Загорки: singular dative locative feminine proper-noun inflection=3
Загорком: singular instrumental feminine proper-noun inflection=3
Загорку: singular accusative feminine proper-noun inflection=3
Зоран: singular nominative masculine proper-noun inflection=4
Зорана: singular accusative genitive nominative vocative masculine feminine proper-noun inflection=3 inflection=4
Зоране: singular genitive vocative masculine feminine proper-noun inflection=3 inflection=4
Зорани: singular dative locative feminine proper-noun inflection=3
Зораном: singular instrumental masculine feminine proper-noun inflection=3 inflection=4
Зорану: singular accusative dative locative masculine feminine proper-noun inflection=3 inflection=4
Ивана: singular nominative vocative feminine proper-noun inflection=3
Иване: singular genitive feminine proper-noun inflection=3
Ивани: singular dative locative feminine proper-noun inflection=3
Иваном: singular instrumental feminine proper-noun inflection=3
Ивану: singular accusative feminine proper-noun inflection=3
Италија: singular nominative feminine proper-noun inflection=a
Италије: singular genitive feminine proper-noun inflection=a
Италији: singular dative locative feminine proper-noun inflection=a
Италијо: singular vocative feminine proper-noun inflection=a
Италијом: singular instrumental feminine proper-noun inflection=a
Италију: singular accusative feminine proper-noun inflection=a
Кина: singular nominative feminine proper-noun inflection=a
Кине: singular genitive feminine proper-noun inflection=a
Кини: singular dative locative feminine proper-noun inflection=a
Кино: singular vocative feminine proper-noun inflection=a
Кином: singular instrumental feminine proper-noun inflection=a
Кину: singular accusative feminine proper-noun inflection=a
Маја: singular nominative feminine proper-noun inflection=a
Маје: singular genitive feminine proper-noun inflection=a
Маји: singular dative locative feminine proper-noun inflection=a
Мајо: singular vocative feminine proper-noun inflection=a
Мајом: singular instrumental feminine proper-noun inflection=a
Мају: singular accusative feminine proper-noun inflection=a
Милена: singular nominative vocative feminine proper-noun inflection=3
Милене: singular genitive feminine proper-noun inflection=3
Милени: singular dative locative feminine proper-noun inflection=3
Миленом: singular instrumental feminine proper-noun inflection=3
Милену: singular accusative feminine proper-noun inflection=3
Милица: singular nominative feminine proper-noun inflection=19
Милице: singular genitive vocative feminine proper-noun inflection=19
Милици: singular dative locative feminine proper-noun inflection=19
Милицом: singular instrumental feminine proper-noun inflection=19
Милицу: singular accusative feminine proper-noun inflection=19
Милка: singular nominative vocative feminine proper-noun inflection=3
Милке: singular genitive feminine proper-noun inflection=3
Милки: singular dative locative feminine proper-noun inflection=3
Милком: singular instrumental feminine proper-noun inflection=3
Милку: singular accusative feminine proper-noun inflection=3
Милош: singular nominative masculine proper-noun inflection=4
Милоша: singular accusative genitive masculine proper-noun inflection=4
Милоше: singular vocative masculine proper-noun inflection=4
Милошом: singular instrumental masculine proper-noun inflection=4
Милошу: singular dative locative masculine proper-noun inflection=4
Миљан: singular nominative masculine proper-noun inflection=4
Миљана: singular accusative genitive masculine proper-noun inflection=4
Миљане: singular vocative masculine proper-noun inflection=4
Миљаном: singular instrumental masculine proper-noun inflection=4
Миљану: singular dative locative masculine proper-noun inflection=4
Нада: singular nominative feminine proper-noun inflection=a
Наде: singular genitive feminine proper-noun inflection=a
Нади: singular dative locative feminine proper-noun inflection=a
Надо: singular vocative feminine proper-noun inflection=a
Надом: singular instrumental feminine proper-noun inflection=a
Наду: singular accusative feminine proper-noun inflection=a
Небојша: singular nominative vocative masculine proper-noun inflection=7
Небојше: singular genitive masculine proper-noun inflection=7
Небојши: singular dative locative masculine proper-noun inflection=7
Небојшом: singular instrumental masculine proper-noun inflection=7
Небојшу: singular accusative masculine proper-noun inflection=7
Синиша: singular nominative vocative masculine proper-noun inflection=7
Синише: singular genitive masculine proper-noun inflection=7
Синиши: singular dative locative masculine proper-noun inflection=7
Синишом: singular instrumental masculine proper-noun inflection=7
Синишу: singular accusative masculine proper-noun inflection=7
Соња: singular nominative vocative feminine proper-noun inflection=3
Соње: singular genitive feminine proper-noun inflection=3
Соњи: singular dative locative feminine proper-noun inflection=3
Соњом: singular instrumental feminine proper-noun inflection=3
Соњу: singular accusative feminine proper-noun inflection=3
Србија: singular nominative feminine noun inflection=1e
Србије: singular genitive feminine noun inflection=1e
Србији: singular dative locative feminine noun inflection=1e
Србијо: singular vocative feminine noun inflection=1e
Србијом: singular instrumental feminine noun inflection=1e
Србију: singular accusative feminine noun inflection=1e
Стева: singular nominative masculine proper-noun inflection=23
Стеван: singular nominative masculine proper-noun inflection=4
Стевана: singular accusative genitive masculine proper-noun inflection=4
Стеване: singular vocative masculine proper-noun inflection=4
Стеваном: singular instrumental masculine proper-noun inflection=4
Стевану: singular dative locative masculine proper-noun inflection=4
Стеве: singular genitive masculine proper-noun inflection=23
Стеви: singular dative locative masculine proper-noun inflection=23
Стево: singular vocative masculine proper-noun inflection=23
Стевом: singular instrumental masculine proper-noun inflection=23
Стеву: singular accusative masculine proper-noun inflection=23
Стојан: singular nominative masculine proper-noun inflection=4
Стојана: singular accusative genitive masculine proper-noun inflection=4
Стојане: singular vocative masculine proper-noun inflection=4
Стојаном: singular instrumental masculine proper-noun inflection=4
Стојану: singular dative locative masculine proper-noun inflection=4
Тамара: singular nominative vocative feminine proper-noun inflection=3
Тамаре: singular genitive feminine proper-noun inflection=3
Тамари: singular dative locative feminine proper-noun inflection=3
Тамаром: singular instrumental feminine proper-noun inflection=3
Тамару: singular accusative feminine proper-noun inflection=3
Тања: singular nominative vocative feminine proper-noun inflection=3
Тање: singular genitive feminine proper-noun inflection=3
Тањи: singular dative locative feminine proper-noun inflection=3
Тањом: singular instrumental feminine proper-noun inflection=3
Тању: singular accusative feminine proper-noun inflection=3
Тијана: singular nominative vocative feminine proper-noun inflection=3
Тијане: singular genitive feminine proper-noun inflection=3
Тијани: singular dative locative feminine proper-noun inflection=3
Тијаном: singular instrumental feminine proper-noun inflection=3
Тијану: singular accusative feminine proper-noun inflection=3
Угљеша: singular nominative vocative masculine proper-noun inflection=7
Угљеше: singular genitive masculine proper-noun inflection=7
Угљеши: singular dative locative masculine proper-noun inflection=7
Угљешом: singular instrumental masculine proper-noun inflection=7
Угљешу: singular accusative masculine proper-noun inflection=7
Француска: singular nominative vocative feminine proper-noun inflection=45
Француске: singular genitive feminine proper-noun inflection=45
Француском: singular instrumental feminine proper-noun inflection=45
Француској: singular dative locative feminine proper-noun inflection=45
Француску: singular accusative feminine proper-noun inflection=45
август: accusative nominative masculine noun inflection=9
августа: genitive masculine noun inflection=9
августе: vocative masculine noun inflection=9
августом: instrumental masculine noun inflection=9
августу: dative locative masculine noun inflection=9
авенија: singular plural genitive nominative feminine noun inflection=2
авенијама: plural dative instrumental locative feminine noun inflection=2
авеније: singular plural accusative genitive nominative vocative feminine noun inflection=2
авенији: singular dative locative feminine noun inflection=2
авенијо: singular vocative feminine noun inflection=2
авенијом: singular instrumental feminine noun inflection=2
авенију: singular accusative feminine noun inflection=2
авион: singular accusative nominative masculine noun inflection=e
авиона: singular plural genitive masculine noun inflection=e
авионе: plural accusative masculine noun inflection=e
авиони: plural nominative vocative masculine noun inflection=e
авионима: plural dative instrumental locative masculine noun inflection=e
авионом: singular instrumental masculine noun inflection=e
авиону: singular dative locative vocative masculine noun inflection=e
април: accusative nominative masculine noun inflection=9
априла: genitive masculine noun inflection=9
априле: vocative masculine noun inflection=9
априлом: instrumental masculine noun inflection=9
априлу: dative locative masculine noun inflection=9
аута: singular plural genitive masculine noun inflection=46
ауте: plural accusative masculine noun inflection=46
аути: plural nominative vocative masculine noun inflection=46
аутима: plural dative instrumental locative masculine noun inflection=46
ауто: singular accusative nominative vocative masculine noun inflection=46
аутобус: singular accusative nominative masculine noun inflection=6
аутобуса: singular plural genitive masculine noun inflection=6
аутобусе: singular plural accusative vocative masculine noun inflection=6
аутобуси: plural nominative vocative masculine noun inflection=6
аутобусима: plural dative instrumental locative masculine noun inflection=6
аутобусом: singular instrumental masculine noun inflection=6
аутобусу: singular dative locative masculine noun inflection=6
аутом: singular instrumental masculine noun inflection=46
ауту: singular dative locative masculine noun inflection=46
бара: singular plural genitive nominative feminine noun inflection=2
барама: plural dative instrumental locative feminine noun inflection=2
баре: singular plural accusative genitive nominative vocative feminine noun inflection=2
бари: singular dative locative feminine noun inflection=2
баро: singular vocative feminine noun inflection=2
баром: singular instrumental feminine noun inflection=2
бару: singular accusative feminine noun inflection=2
бик: singular nominative masculine noun inflection=39
бика: singular accusative genitive masculine noun inflection=39
бикова: plural genitive masculine noun inflection=39
бикове: plural accusative masculine noun inflection=39
бикови: plural nominative vocative masculine noun inflection=39
биковима: plural dative instrumental locative masculine noun inflection=39
биком: singular instrumental masculine noun inflection=39
бику: singular dative locative masculine noun inflection=39
биче: singular vocative masculine noun inflection=39
боца: singular plural genitive nominative feminine noun inflection=2
боцама: plural dative instrumental locative feminine noun inflection=2
боце: singular plural accusative genitive nominative vocative feminine noun inflection=2
боци: singular dative locative feminine noun inflection=2
боцо: singular vocative feminine noun inflection=2
боцом: singular instrumental feminine noun inflection=2
боцу: singular accusative feminine noun inflection=2
брда: singular plural accusative genitive nominative vocative neuter noun inflection=d
брдима: plural dative instrumental locative neuter noun inflection=d
брдо: singular accusative nominative vocative neuter noun inflection=d
брдом: singular instrumental neuter noun inflection=d
брду: singular dative locative neuter noun inflection=d
брод: singular accusative nominative masculine noun inflection=11
брода: singular genitive masculine noun inflection=11
броде: singular vocative masculine noun inflection=11
бродова: plural genitive masculine noun inflection=11
бродове: plural accusative masculine noun inflection=11
бродови: plural nominative vocative masculine noun inflection=11
бродовима: plural dative instrumental locative masculine noun inflection=11
бродом: singular instrumental masculine noun inflection=11
броду: singular dative locative masculine noun inflection=11
булевар: singular accusative nominative masculine noun inflection=e
булевара: singular plural genitive masculine noun inflection=e
булеваре: plural accusative masculine noun inflection=e
булевари: plural nominative vocative masculine noun inflection=e
булеварима: plural dative instrumental locative masculine noun inflection=e
булеваром: singular instrumental masculine noun inflection=e
булевару: singular dative locative vocative masculine noun inflection=e
бурегџија: singular plural genitive nominative masculine noun inflection=16
бурегџијама: plural dative instrumental locative masculine noun inflection=16
бурегџије: singular plural accusative genitive nominative vocative masculine noun inflection=16
бурегџији: singular dative locative masculine noun inflection=16
бурегџијо: singular vocative masculine noun inflection=16
бурегџијом: singular instrumental masculine noun inflection=16
бурегџију: singular accusative masculine noun inflection=16
ваздуси: plural nominative vocative masculine noun inflection=3e
ваздусима: plural dative instrumental locative masculine noun inflection=3e
ваздух: singular accusative nominative masculine noun inflection=3e
ваздуха: singular plural genitive masculine noun inflection=3e
ваздухе: plural accusative masculine noun inflection=3e
ваздухом: singular instrumental masculine noun inflection=3e
ваздуху: singular dative locative masculine noun inflection=3e
ваздуше: singular vocative masculine noun inflection=3e
ватра: singular plural genitive nominative feminine noun inflection=2
ватрама: plural dative instrumental locative feminine noun inflection=2
ватре: singular plural accusative genitive nominative vocative feminine noun inflection=2
ватри: singular dative locative feminine noun inflection=2
ватро: singular vocative feminine noun inflection=2
ватром: singular instrumental feminine noun inflection=2
ватру: singular accusative feminine noun inflection=2
ви: plural nominative pronoun
виме: singular accusative nominative vocative neuter noun inflection=5
вимена: singular plural accusative genitive nominative vocative neuter noun inflection=5
вименима: plural dative instrumental locative neuter noun inflection=5
вименом: singular instrumental neuter noun inflection=5
вимену: singular dative locative neuter noun inflection=5
владика: singular plural genitive nominative masculine noun inflection=16
владикама: plural dative instrumental locative masculine noun inflection=16
владике: singular plural accusative genitive nominative vocative masculine noun inflection=16
владики: singular dative locative masculine noun inflection=16
владико: singular vocative masculine noun inflection=16
владиком: singular instrumental masculine noun inflection=16
владику: singular accusative masculine noun inflection=16
вода: singular plural accusative genitive nominative noun inflection=36
водама: plural dative instrumental locative noun inflection=36
воде: singular plural accusative genitive nominative vocative noun inflection=36
води: singular dative noun inflection=36
водо: singular vocative noun inflection=36
водом: singular instrumental locative noun inflection=36
време: singular accusative nominative vocative neuter noun inflection=5
времена: singular plural accusative genitive nominative vocative neuter noun inflection=5
временима: plural dative instrumental locative neuter noun inflection=5
временом: singular instrumental neuter noun inflection=5
времену: singular dative locative neuter noun inflection=5
гадост: singular accusative nominative feminine noun inflection=b
гадости: singular plural accusative dative genitive locative nominative vocative feminine noun inflection=b
гадостима: plural dative instrumental locative feminine noun inflection=b
гадошћу: singular instrumental feminine noun inflection=b
дворац: singular accusative nominative masculine noun inflection=2d
двораца: plural genitive masculine noun inflection=2d
дворца: singular genitive masculine noun inflection=2d
дворце: plural accusative masculine noun inflection=2d
дворцем: singular instrumental masculine noun inflection=2d
дворци: plural nominative vocative masculine noun inflection=2d
дворцима: plural dative instrumental locative masculine noun inflection=2d
дворцу: singular dative locative masculine noun inflection=2d
дворче: singular vocative masculine noun inflection=2d
дебла: singular plural accusative genitive nominative vocative neuter noun inflection=d
деблима: plural dative instrumental locative neuter noun inflection=d
дебло: singular accusative nominative vocative neuter noun inflection=d
деблом: singular instrumental neuter noun inflection=d
деблу: singular dative locative neuter noun inflection=d
девојака: plural genitive feminine noun inflection=43
девојка: singular nominative feminine noun inflection=43
девојкама: plural dative instrumental locative feminine noun inflection=43
девојке: singular plural accusative genitive nominative vocative feminine noun inflection=43
девојко: singular vocative feminine noun inflection=43
девојком: singular instrumental feminine noun inflection=43
девојку: singular accusative feminine noun inflection=43
девојци: singular dative locative feminine noun inflection=43
дете: singular accusative nominative vocative neuter noun inflection=3a
детета: singular genitive neuter noun inflection=3a
дететом: singular instrumental neuter noun inflection=3a
детету: singular dative locative neuter noun inflection=3a
деца: plural nominative neuter noun inflection=3a
деце: plural genitive neuter noun inflection=3a
децембар: accusative nominative noun inflection=14
децембра: genitive noun inflection=14
децембре: vocative noun inflection=14
децембром: instrumental noun inflection=14
децембру: dative locative noun inflection=14
деци: plural dative locative neuter noun inflection=3a
децо: plural vocative neuter noun inflection=3a
децом: plural instrumental neuter noun inflection=3a
децу: plural accusative neuter noun inflection=3a
до: adposition inflection=1
дугмад: plural accusative nominative neuter noun inflection=1c
дугмади: plural genitive vocative neuter noun inflection=1c
дугмадима: plural dative instrumental locative neuter noun inflection=1c
дугме: singular accusative nominative vocative neuter noun inflection=1c
дугмета: singular genitive neuter noun inflection=1c
дугметом: singular instrumental neuter noun inflection=1c
дугмету: singular dative locative neuter noun inflection=1c
жена: singular plural genitive nominative feminine noun inflection=2
женама: plural dative instrumental locative feminine noun inflection=2
жене: singular plural accusative genitive nominative vocative feminine noun inflection=2
жени: singular dative locative feminine noun inflection=2
жено: singular vocative feminine noun inflection=2
женом: singular instrumental feminine noun inflection=2
жену: singular accusative feminine noun inflection=2
животиња: singular plural genitive nominative feminine noun inflection=2
животињама: plural dative instrumental locative feminine noun inflection=2
животиње: singular plural accusative genitive nominative vocative feminine noun inflection=2
животињи: singular dative locative feminine noun inflection=2
животињо: singular vocative feminine noun inflection=2
животињом: singular instrumental feminine noun inflection=2
животињу: singular accusative feminine noun inflection=2
жута: singular plural accusative nominative vocative feminine neuter adjective inflection=29
жуте: singular plural accusative genitive nominative vocative masculine feminine adjective inflection=29
жути: singular plural nominative vocative masculine adjective inflection=29
жутим: singular plural dative instrumental locative masculine feminine neuter adjective inflection=29
жутих: plural genitive masculine feminine neuter adjective inflection=29
жуто: singular accusative nominative vocative neuter adjective inflection=29
жутог: singular accusative genitive masculine neuter adjective inflection=29
жутом: singular plural dative instrumental locative masculine feminine neuter adjective inflection=29
жутој: singular plural dative locative feminine neuter adjective inflection=29
жуту: singular accusative feminine adjective inflection=29
за: adposition inflection=1
за време: adposition inflection=1
запрега: singular plural genitive nominative feminine noun inflection=3b
запрегама: plural dative instrumental locative feminine noun inflection=3b
запреге: singular plural accusative genitive nominative vocative feminine noun inflection=3b
запрего: singular vocative feminine noun inflection=3b
запрегом: singular instrumental feminine noun inflection=3b
запрегу: singular accusative feminine noun inflection=3b
запрези: singular dative locative feminine noun inflection=3b
због: adposition inflection=1
зграда: singular plural genitive nominative feminine noun inflection=2
зградама: plural dative instrumental locative feminine noun inflection=2
зграде: singular plural accusative genitive nominative vocative feminine noun inflection=2
згради: singular dative locative feminine noun inflection=2
зградо: singular vocative feminine noun inflection=2
зградом: singular instrumental feminine noun inflection=2
зграду: singular accusative feminine noun inflection=2
зелена: singular plural nominative vocative feminine neuter adjective inflection=8
зелене: singular plural accusative genitive nominative vocative masculine feminine neuter adjective inflection=8
зелени: singular plural nominative vocative masculine adjective inflection=8
зеленим: singular plural dative instrumental locative masculine feminine neuter adjective inflection=8
зелених: plural genitive masculine feminine adjective inflection=8
зелено: singular accusative nominative vocative neuter adjective inflection=8
зеленог: singular accusative genitive masculine neuter adjective inflection=8
зеленом: singular plural dative instrumental locative masculine feminine neuter adjective inflection=8
зеленој: singular plural dative locative feminine neuter adjective inflection=8
зелену: singular plural accusative feminine neuter adjective inflection=8
земаља: plural genitive feminine noun inflection=26
земља: singular nominative feminine noun inflection=26
земљама: plural dative instrumental locative feminine noun inflection=26
земље: singular plural accusative genitive nominative vocative feminine noun inflection=26
земљи: singular dative locative feminine noun inflection=26
земљо: singular vocative feminine noun inflection=26
земљом: singular instrumental feminine noun inflection=26
земљу: singular accusative feminine noun inflection=26
знак: singular accusative nominative masculine noun inflection=c
знака: singular plural genitive masculine noun inflection=c
знаке: plural accusative masculine noun inflection=c
знаком: singular instrumental masculine noun inflection=c
знаку: singular dative locative masculine noun inflection=c
знаци: plural nominative vocative masculine noun inflection=c
знацима: plural dative instrumental locative masculine noun inflection=c
значе: singular vocative masculine noun inflection=c
из: adposition inflection=1
изван: adposition inflection=1
између: adposition inflection=1
изнад: adposition inflection=1
изузетак: singular inanimate accusative nominative masculine noun inflection=34
изузетака: plural inanimate genitive masculine noun inflection=34
изузетка: singular inanimate genitive masculine noun inflection=34
изузетке: plural inanimate accusative masculine noun inflection=34
изузетком: singular inanimate instrumental masculine noun inflection=34
изузетку: singular inanimate dative locative vocative masculine noun inflection=34
изузеци: plural inanimate nominative vocative masculine noun inflection=34
изузецима: plural inanimate dative instrumental locative masculine noun inflection=34
име: singular accusative nominative vocative neuter noun inflection=5
имена: singular plural accusative genitive nominative vocative neuter noun inflection=5
именима: plural dative instrumental locative neuter noun inflection=5
именом: singular instrumental neuter noun inflection=5
имену: singular dative locative neuter noun inflection=5
испод: adposition inflection=1
камен: singular accusative nominative masculine noun inflection=6
камена: singular plural genitive masculine noun inflection=6
камене: singular plural accusative vocative masculine noun inflection=6
камени: plural nominative vocative masculine noun inflection=6
каменима: plural dative instrumental locative masculine noun inflection=6
каменом: singular instrumental masculine noun inflection=6
камену: singular dative locative masculine noun inflection=6
камион: singular accusative nominative masculine noun inflection=e
камиона: singular plural genitive masculine noun inflection=e
камионе: plural accusative masculine noun inflection=e
камиони: plural nominative vocative masculine noun inflection=e
камионима: plural dative instrumental locative masculine noun inflection=e
камионом: singular instrumental masculine noun inflection=e
камиону: singular dative locative vocative masculine noun inflection=e
кафана: singular plural genitive nominative feminine noun inflection=2
кафанама: plural dative instrumental locative feminine noun inflection=2
кафане: singular plural accusative genitive nominative vocative feminine noun inflection=2
кафани: singular dative locative feminine noun inflection=2
кафано: singular vocative feminine noun inflection=2
кафаном: singular instrumental feminine noun inflection=2
кафану: singular accusative feminine noun inflection=2
киша: singular plural genitive nominative feminine noun inflection=2
кишама: plural dative instrumental locative feminine noun inflection=2
кише: singular plural accusative genitive nominative vocative feminine noun inflection=2
киши: singular dative locative feminine noun inflection=2
кишо: singular vocative feminine noun inflection=2
кишом: singular instrumental feminine noun inflection=2
кишу: singular accusative feminine noun inflection=2
код: adposition inflection=1
коза: singular plural genitive nominative feminine noun inflection=2
козама: plural dative instrumental locative feminine noun inflection=2
козе: singular plural accusative genitive nominative vocative feminine noun inflection=2
кози: singular dative locative feminine noun inflection=2
козо: singular vocative feminine noun inflection=2
козом: singular instrumental feminine noun inflection=2
козу: singular accusative feminine noun inflection=2
коноба: singular plural genitive nominative feminine noun inflection=2
конобама: plural dative instrumental locative feminine noun inflection=2
конобе: singular plural accusative genitive nominative vocative feminine noun inflection=2
коноби: singular dative locative feminine noun inflection=2
конобо: singular vocative feminine noun inflection=2
конобом: singular instrumental feminine noun inflection=2
конобу: singular accusative feminine noun inflection=2
коњ: masculine noun inflection=38
кроз: adposition inflection=1
крчма: singular plural genitive nominative feminine noun inflection=2
крчмама: plural dative instrumental locative feminine noun inflection=2
крчме: singular plural accusative genitive nominative vocative feminine noun inflection=2
крчми: singular dative locative feminine noun inflection=2
крчмо: singular vocative feminine noun inflection=2
крчмом: singular instrumental feminine noun inflection=2
крчму: singular accusative feminine noun inflection=2
кућа: singular plural genitive nominative feminine noun inflection=2
кућама: plural dative instrumental locative feminine noun inflection=2
куће: singular plural accusative genitive nominative vocative feminine noun inflection=2
кући: singular dative locative feminine noun inflection=2
кућо: singular vocative feminine noun inflection=2
кућом: singular instrumental feminine noun inflection=2
кућу: singular accusative feminine noun inflection=2
кћер: singular accusative feminine noun inflection=2e
кћери: singular plural accusative dative genitive instrumental locative nominative vocative feminine noun inflection=2e
кћерима: plural dative instrumental locative feminine noun inflection=2e
кћи: singular nominative feminine noun inflection=2e
мама: singular plural genitive nominative vocative feminine noun inflection=3d
мамама: plural dative instrumental locative feminine noun inflection=3d
маме: singular plural accusative genitive nominative vocative feminine noun inflection=3d
мами: singular dative locative feminine noun inflection=3d
мамом: singular instrumental feminine noun inflection=3d
маму: singular accusative feminine noun inflection=3d
март: accusative nominative masculine noun inflection=9
марта: genitive masculine noun inflection=9
марте: vocative masculine noun inflection=9
мартом: instrumental masculine noun inflection=9
марту: dative locative masculine noun inflection=9
мачака: plural genitive feminine noun inflection=41
мачка: singular nominative feminine noun inflection=41
мачкама: plural dative instrumental locative feminine noun inflection=41
мачке: singular plural accusative genitive nominative vocative feminine noun inflection=41
мачки: singular dative locative feminine noun inflection=41
мачко: singular vocative feminine noun inflection=41
мачком: singular instrumental feminine noun inflection=41
мачку: singular accusative feminine noun inflection=41
мај: accusative nominative masculine noun inflection=4c
маја: genitive masculine noun inflection=4c
мајом: instrumental masculine noun inflection=4c
мају: dative locative vocative masculine noun inflection=4c
међу: adposition inflection=1
ми: plural nominative pronoun
младост: singular accusative nominative feminine noun inflection=b
младости: singular plural accusative dative genitive locative nominative vocative feminine noun inflection=b
младостима: plural dative instrumental locative feminine noun inflection=b
младошћу: singular instrumental feminine noun inflection=b
мора: singular plural accusative genitive nominative vocative neuter noun inflection=30
море: singular accusative nominative vocative neuter noun inflection=30
морима: plural dative instrumental locative neuter noun inflection=30
мором: singular instrumental neuter noun inflection=30
мору: singular dative locative neuter noun inflection=30
мост: singular accusative nominative masculine noun inflection=11
моста: singular genitive masculine noun inflection=11
мосте: singular vocative masculine noun inflection=11
мостова: plural genitive masculine noun inflection=11
мостове: plural accusative masculine noun inflection=11
мостови: plural nominative vocative masculine noun inflection=11
мостовима: plural dative instrumental locative masculine noun inflection=11
мостом: singular instrumental masculine noun inflection=11
мосту: singular dative locative masculine noun inflection=11
на: adposition inflection=1
над: adposition inflection=1
надвожњак: singular accusative nominative masculine noun inflection=c
надвожњака: singular plural genitive masculine noun inflection=c
надвожњаке: plural accusative masculine noun inflection=c
надвожњаком: singular instrumental masculine noun inflection=c
надвожњаку: singular dative locative masculine noun inflection=c
надвожњаци: plural nominative vocative masculine noun inflection=c
надвожњацима: plural dative instrumental locative masculine noun inflection=c
надвожњаче: singular vocative masculine noun inflection=c
насеља: singular plural accusative genitive nominative vocative neuter noun inflection=1b
насеље: singular accusative nominative vocative neuter noun inflection=1b
насељем: singular instrumental neuter noun inflection=1b
насељима: plural dative instrumental locative neuter noun inflection=1b
насељу: singular dative locative neuter noun inflection=1b
насупрот: adposition inflection=1
недеља: singular plural genitive nominative feminine noun inflection=2
недељама: plural dative instrumental locative feminine noun inflection=2
недеље: singular plural accusative genitive nominative vocative feminine noun inflection=2
недељи: singular dative locative feminine noun inflection=2
недељо: singular vocative feminine noun inflection=2
недељом: singular instrumental feminine noun inflection=2
недељу: singular accusative feminine noun inflection=2
новембар: accusative nominative masculine noun inflection=13
новембра: genitive masculine noun inflection=13
новембре: vocative masculine noun inflection=13
новембром: instrumental masculine noun inflection=13
новембру: dative locative masculine noun inflection=13
нога: singular nominative feminine noun inflection=47
ногама: plural dative instrumental locative feminine noun inflection=47
ноге: singular plural accusative genitive nominative vocative feminine noun inflection=47
ного: singular vocative feminine noun inflection=47
ногом: singular instrumental feminine noun inflection=47
ногу: singular plural accusative genitive feminine noun inflection=47
нози: singular dative locative feminine noun inflection=47
о: adposition inflection=1
обала: singular plural genitive nominative feminine noun inflection=2
обалама: plural dative instrumental locative feminine noun inflection=2
обале: singular plural accusative genitive nominative vocative feminine noun inflection=2
обали: singular dative locative feminine noun inflection=2
обало: singular vocative feminine noun inflection=2
обалом: singular instrumental feminine noun inflection=2
обалу: singular accusative feminine noun inflection=2
облак: singular accusative nominative masculine noun inflection=c
облака: singular plural genitive masculine noun inflection=c
облаке: plural accusative masculine noun inflection=c
облаком: singular instrumental masculine noun inflection=c
облаку: singular dative locative masculine noun inflection=c
облаци: plural nominative vocative masculine noun inflection=c
облацима: plural dative instrumental locative masculine noun inflection=c
облаче: singular vocative masculine noun inflection=c
ован: singular nominative masculine noun inflection=20
оваца: plural genitive feminine noun inflection=48
овна: singular accusative genitive masculine noun inflection=20
овне: singular vocative masculine noun inflection=20
овнова: plural genitive masculine noun inflection=20
овнове: plural accusative masculine noun inflection=20
овнови: plural nominative vocative masculine noun inflection=20
овновима: plural dative instrumental locative masculine noun inflection=20
овном: singular instrumental masculine noun inflection=20
овну: singular dative locative masculine noun inflection=20
овца: singular nominative feminine noun inflection=48
овцама: plural dative instrumental locative feminine noun inflection=48
овце: singular plural accusative genitive nominative vocative feminine noun inflection=48
овци: singular dative locative feminine noun inflection=48
овцо: singular vocative feminine noun inflection=48
овцом: singular instrumental feminine noun inflection=48
овцу: singular accusative feminine noun inflection=48
од: adposition inflection=1
око: adposition inflection=1
октобар: accusative nominative noun inflection=14
октобра: genitive noun inflection=14
октобре: vocative noun inflection=14
октобром: instrumental noun inflection=14
октобру: dative locative noun inflection=14
он: singular nominative pronoun
онo: singular nominative pronoun
оне: plural nominative pronoun
они: plural nominative pronoun
памет: singular accusative nominative feminine noun inflection=49
памети: singular plural accusative dative genitive locative nominative vocative feminine noun inflection=49
паметима: plural dative instrumental locative feminine noun inflection=49
памећу: singular instrumental feminine noun inflection=49
парк: singular accusative nominative masculine noun inflection=3f
парка: singular genitive masculine noun inflection=3f
паркова: plural genitive masculine noun inflection=3f
паркове: plural accusative masculine noun inflection=3f
паркови: plural nominative vocative masculine noun inflection=3f
парковима: plural dative instrumental locative masculine noun inflection=3f
парком: singular instrumental masculine noun inflection=3f
парку: singular dative locative masculine noun inflection=3f
парче: singular vocative masculine noun inflection=3f
петак: singular accusative nominative masculine noun inflection=f
петака: plural genitive masculine noun inflection=f
петка: singular genitive masculine noun inflection=f
петке: plural accusative masculine noun inflection=f
петком: singular instrumental masculine noun inflection=f
петку: singular dative locative masculine noun inflection=f
петци: plural nominative vocative masculine noun inflection=f
петцима: plural dative instrumental locative masculine noun inflection=f
петче: singular vocative masculine noun inflection=f
пећ: singular accusative nominative feminine noun inflection=17
пећи: singular plural accusative dative genitive locative nominative vocative feminine noun inflection=17
пећима: plural dative instrumental locative feminine noun inflection=17
пећу: singular instrumental feminine noun inflection=17
плавe: plural genitive neuter adjective inflection=2c
плава: singular plural nominative vocative feminine neuter adjective inflection=2c
плаве: singular plural accusative genitive nominative vocative masculine feminine adjective inflection=2c
плави: singular plural nominative vocative masculine adjective inflection=2c
плавим: singular plural instrumental locative masculine neuter adjective inflection=2c
плавимa: plural dative instrumental locative masculine feminine neuter adjective inflection=2c
плавих: plural genitive masculine feminine adjective inflection=2c
плаво: singular accusative nominative vocative neuter adjective inflection=2c
плавог: singular accusative genitive masculine neuter adjective inflection=2c
плавом: singular plural dative instrumental locative masculine feminine neuter adjective inflection=2c
плавој: singular plural dative locative feminine neuter adjective inflection=2c
плаву: singular plural accusative feminine neuter adjective inflection=2c
планина: singular plural genitive nominative feminine noun inflection=2
планинама: plural dative instrumental locative feminine noun inflection=2
планине: singular plural accusative genitive nominative vocative feminine noun inflection=2
планини: singular dative locative feminine noun inflection=2
планино: singular vocative feminine noun inflection=2
планином: singular instrumental feminine noun inflection=2
планину: singular accusative feminine noun inflection=2
племе: singular accusative nominative vocative neuter noun inflection=5
племена: singular plural accusative genitive nominative vocative neuter noun inflection=5
племенима: plural dative instrumental locative neuter noun inflection=5
племеном: singular instrumental neuter noun inflection=5
племену: singular dative locative neuter noun inflection=5
по: adposition inflection=1
поврх: adposition inflection=1
под: adposition inflection=1
податак: singular accusative nominative masculine noun inflection=2a
података: plural genitive masculine noun inflection=2a
податка: singular genitive masculine noun inflection=2a
податке: plural accusative masculine noun inflection=2a
податком: singular instrumental masculine noun inflection=2a
податку: singular dative locative masculine noun inflection=2a
податче: singular vocative masculine noun inflection=2a
подаци: plural nominative vocative masculine noun inflection=2a
подацима: plural dative instrumental locative masculine noun inflection=2a
пожар: singular accusative nominative masculine noun inflection=6
пожара: singular plural genitive masculine noun inflection=6
пожаре: singular plural accusative vocative masculine noun inflection=6
пожари: plural nominative vocative masculine noun inflection=6
пожарима: plural dative instrumental locative masculine noun inflection=6
пожаром: singular instrumental masculine noun inflection=6
пожару: singular dative locative masculine noun inflection=6
политика: feminine noun inflection=1d
понедељак: singular accusative nominative masculine noun inflection=f
понедељака: plural genitive masculine noun inflection=f
понедељка: singular genitive masculine noun inflection=f
понедељке: plural accusative masculine noun inflection=f
понедељком: singular instrumental masculine noun inflection=f
понедељку: singular dative locative masculine noun inflection=f
понедељци: plural nominative vocative masculine noun inflection=f
понедељцима: plural dative instrumental locative masculine noun inflection=f
понедељче: singular vocative masculine noun inflection=f
поплава: singular plural genitive nominative feminine noun inflection=2
поплавама: plural dative instrumental locative feminine noun inflection=2
поплаве: singular plural accusative genitive nominative vocative feminine noun inflection=2
поплави: singular dative locative feminine noun inflection=2
поплаво: singular vocative feminine noun inflection=2
поплавом: singular instrumental feminine noun inflection=2
поплаву: singular accusative feminine noun inflection=2
после: adposition inflection=1
поток: singular accusative nominative masculine noun inflection=c
потока: singular plural genitive masculine noun inflection=c
потоке: plural accusative masculine noun inflection=c
потоком: singular instrumental masculine noun inflection=c
потоку: singular dative locative masculine noun inflection=c
потоци: plural nominative vocative masculine noun inflection=c
потоцима: plural dative instrumental locative masculine noun inflection=c
поточе: singular vocative masculine noun inflection=c
правац: singular accusative nominative masculine noun inflection=1a
праваца: plural genitive masculine noun inflection=1a
правца: singular genitive masculine noun inflection=1a
правце: plural accusative masculine noun inflection=1a
правци: plural nominative vocative masculine noun inflection=1a
правцима: plural dative instrumental locative masculine noun inflection=1a
правцом: singular instrumental masculine noun inflection=1a
правцу: singular dative locative masculine noun inflection=1a
правче: singular vocative masculine noun inflection=1a
пре: adposition inflection=1
превоз: singular accusative nominative masculine noun inflection=6
превоза: singular plural genitive masculine noun inflection=6
превозе: singular plural accusative vocative masculine noun inflection=6
превози: plural nominative vocative masculine noun inflection=6
превозима: plural dative instrumental locative masculine noun inflection=6
превозом: singular instrumental masculine noun inflection=6
превозу: singular dative locative masculine noun inflection=6
преко: adposition inflection=1
према: adposition inflection=1
претња: singular nominative feminine noun inflection=21
претњама: plural dative instrumental locative feminine noun inflection=21
претње: singular plural accusative genitive nominative vocative feminine noun inflection=21
претњи: singular plural dative genitive locative feminine noun inflection=21
претњо: singular vocative feminine noun inflection=21
претњом: singular instrumental feminine noun inflection=21
претњу: singular accusative feminine noun inflection=21
пропланак: singular accusative nominative masculine noun inflection=f
пропланака: plural genitive masculine noun inflection=f
пропланка: singular genitive masculine noun inflection=f
пропланке: plural accusative masculine noun inflection=f
пропланком: singular instrumental masculine noun inflection=f
пропланку: singular dative locative masculine noun inflection=f
пропланци: plural nominative vocative masculine noun inflection=f
пропланцима: plural dative instrumental locative masculine noun inflection=f
пропланче: singular vocative masculine noun inflection=f
пумпа: singular plural genitive nominative feminine noun inflection=2
пумпама: plural dative instrumental locative feminine noun inflection=2
пумпе: singular plural accusative genitive nominative vocative feminine noun inflection=2
пумпи: singular dative locative feminine noun inflection=2
пумпо: singular vocative feminine noun inflection=2
пумпом: singular instrumental feminine noun inflection=2
пумпу: singular accusative feminine noun inflection=2
путокаже: singular vocative masculine noun inflection=2b
путоказ: singular accusative nominative masculine noun inflection=2b
путоказа: singular plural genitive masculine noun inflection=2b
путоказе: plural accusative masculine noun inflection=2b
путокази: plural nominative vocative masculine noun inflection=2b
путоказима: plural dative instrumental locative masculine noun inflection=2b
путоказом: singular instrumental masculine noun inflection=2b
путоказу: singular dative locative masculine noun inflection=2b
радост: singular accusative nominative feminine noun inflection=b
радости: singular plural accusative dative genitive locative nominative vocative feminine noun inflection=b
радостима: plural dative instrumental locative feminine noun inflection=b
радошћу: singular instrumental feminine noun inflection=b
раме: singular accusative nominative vocative neuter noun inflection=5
рамена: singular plural accusative genitive nominative vocative neuter noun inflection=5
раменима: plural dative instrumental locative neuter noun inflection=5
раменом: singular instrumental neuter noun inflection=5
рамену: singular dative locative neuter noun inflection=5
река: singular plural genitive nominative feminine noun inflection=27
рекама: plural dative instrumental locative feminine noun inflection=27
реке: singular plural accusative genitive nominative vocative feminine noun inflection=27
реко: singular vocative feminine noun inflection=27
реком: singular instrumental feminine noun inflection=27
реку: singular accusative feminine noun inflection=27
ресторан: singular accusative nominative masculine noun inflection=6
ресторана: singular plural genitive masculine noun inflection=6
ресторане: singular plural accusative vocative masculine noun inflection=6
ресторани: plural nominative vocative masculine noun inflection=6
ресторанима: plural dative instrumental locative masculine noun inflection=6
рестораном: singular instrumental masculine noun inflection=6
ресторану: singular dative locative masculine noun inflection=6
реци: singular dative locative feminine noun inflection=27
рука: singular nominative feminine noun inflection=22
рукама: plural dative instrumental locative feminine noun inflection=22
руке: singular plural accusative genitive nominative vocative feminine noun inflection=22
руко: singular vocative feminine noun inflection=22
руком: singular instrumental feminine noun inflection=22
руку: singular plural accusative genitive feminine noun inflection=22
руци: singular dative locative feminine noun inflection=22
с: adposition inflection=1
са: adposition inflection=1
салаш: singular accusative nominative feminine noun inflection=31
салаша: singular plural genitive feminine noun inflection=31
салаше: plural accusative feminine noun inflection=31
салаши: plural nominative vocative feminine noun inflection=31
салашима: plural dative instrumental locative feminine noun inflection=31
салашом: singular instrumental feminine noun inflection=31
салашу: singular dative locative vocative feminine noun inflection=31
септембар: accusative nominative masculine noun inflection=13
септембра: genitive masculine noun inflection=13
септембре: vocative masculine noun inflection=13
септембром: instrumental masculine noun inflection=13
септембру: dative locative masculine noun inflection=13
сива: singular plural nominative vocative feminine neuter adjective inflection=8
сиве: singular plural accusative genitive nominative vocative masculine feminine neuter adjective inflection=8
сиви: singular plural nominative vocative masculine adjective inflection=8
сивим: singular plural dative instrumental locative masculine feminine neuter adjective inflection=8
сивих: plural genitive masculine feminine adjective inflection=8
сиво: singular accusative nominative vocative neuter adjective inflection=8
сивог: singular accusative genitive masculine neuter adjective inflection=8
сивом: singular plural dative instrumental locative masculine feminine neuter adjective inflection=8
сивој: singular plural dative locative feminine neuter adjective inflection=8
сиву: singular plural accusative feminine neuter adjective inflection=8
скретања: singular plural accusative genitive nominative vocative neuter noun inflection=1b
скретање: singular accusative nominative vocative neuter noun inflection=1b
скретањем: singular instrumental neuter noun inflection=1b
скретањима: plural dative instrumental locative neuter noun inflection=1b
скретању: singular dative locative neuter noun inflection=1b
слуга: singular nominative masculine noun inflection=32
слугама: plural dative instrumental locative masculine noun inflection=32
слуге: singular plural accusative genitive nominative vocative masculine noun inflection=32
слуги: singular dative locative masculine noun inflection=32
слуго: singular vocative masculine noun inflection=32
слугом: singular instrumental masculine noun inflection=32
слугу: singular plural accusative genitive masculine noun inflection=32
смер: singular accusative nominative masculine noun inflection=4a
смера: singular plural genitive masculine noun inflection=4a
смере: singular plural accusative vocative masculine noun inflection=4a
смери: plural vocative masculine noun inflection=4a
смерима: plural dative instrumental locative masculine noun inflection=4a
смерови: plural nominative masculine noun inflection=4a
смером: singular instrumental masculine noun inflection=4a
смеру: singular dative locative masculine noun inflection=4a
смеђа: singular plural nominative vocative feminine neuter adjective inflection=33
смеђе: singular plural accusative genitive nominative vocative masculine feminine neuter adjective inflection=33
смеђег: singular accusative genitive masculine neuter adjective inflection=33
смеђем: singular dative locative masculine neuter adjective inflection=33
смеђи: singular plural nominative vocative masculine adjective inflection=33
смеђим: singular plural dative instrumental locative masculine feminine neuter adjective inflection=33
смеђих: plural genitive masculine feminine adjective inflection=33
смеђом: singular plural instrumental feminine neuter adjective inflection=33
смеђој: singular plural dative locative feminine neuter adjective inflection=33
смеђу: singular plural accusative feminine neuter adjective inflection=33
среда: singular plural genitive nominative feminine noun inflection=2
средама: plural dative instrumental locative feminine noun inflection=2
среде: singular plural accusative genitive nominative vocative feminine noun inflection=2
среди: singular dative locative feminine noun inflection=2
средо: singular vocative feminine noun inflection=2
средом: singular instrumental feminine noun inflection=2
среду: singular accusative feminine noun inflection=2
становник: singular nominative masculine noun inflection=40
становникe: plural accusative masculine noun inflection=40
становника: singular plural accusative genitive masculine noun inflection=40
становником: singular instrumental masculine noun inflection=40
становнику: singular dative locative masculine noun inflection=40
становници: plural nominative vocative masculine noun inflection=40
становницима: plural dative instrumental locative masculine noun inflection=40
становниче: singular vocative masculine noun inflection=40
старост: singular accusative nominative feminine noun inflection=b
старости: singular plural accusative dative genitive locative nominative vocative feminine noun inflection=b
старостима: plural dative instrumental locative feminine noun inflection=b
старошћу: singular instrumental feminine noun inflection=b
ствар: singular accusative nominative feminine noun inflection=4b
ствари: singular plural accusative dative genitive locative nominative vocative feminine noun inflection=4b
стварима: plural dative instrumental locative feminine noun inflection=4b
стварју: singular instrumental feminine noun inflection=4b
стена: singular plural genitive nominative feminine noun inflection=2
стенама: plural dative instrumental locative feminine noun inflection=2
стене: singular plural accusative genitive nominative vocative feminine noun inflection=2
стени: singular dative locative feminine noun inflection=2
стено: singular vocative feminine noun inflection=2
стеном: singular instrumental feminine noun inflection=2
стену: singular accusative feminine noun inflection=2
субота: singular plural genitive nominative feminine noun inflection=2
суботама: plural dative instrumental locative feminine noun inflection=2
суботе: singular plural accusative genitive nominative vocative feminine noun inflection=2
суботи: singular dative locative feminine noun inflection=2
субото: singular vocative feminine noun inflection=2
суботом: singular instrumental feminine noun inflection=2
суботу: singular accusative feminine noun inflection=2
судија: singular plural genitive nominative vocative masculine noun inflection=44
судијама: plural dative instrumental locative masculine noun inflection=44
судије: singular plural accusative genitive nominative vocative masculine noun inflection=44
судији: singular dative locative masculine noun inflection=44
судијом: singular instrumental masculine noun inflection=44
судију: singular accusative masculine noun inflection=44
ташта: singular plural genitive nominative feminine noun inflection=2
таштама: plural dative instrumental locative feminine noun inflection=2
таште: singular plural accusative genitive nominative vocative feminine noun inflection=2
ташти: singular dative locative feminine noun inflection=2
ташто: singular vocative feminine noun inflection=2
таштом: singular instrumental feminine noun inflection=2
ташту: singular accusative feminine noun inflection=2
теме: singular accusative nominative vocative neuter noun inflection=5
темена: singular plural accusative genitive nominative vocative neuter noun inflection=5
теменима: plural dative instrumental locative neuter noun inflection=5
теменом: singular instrumental neuter noun inflection=5
темену: singular dative locative neuter noun inflection=5
ти: singular nominative pronoun
тутумрак: singular nominative masculine noun inflection=15
тутумрака: singular plural accusative genitive masculine noun inflection=15
тутумраке: plural accusative masculine noun inflection=15
тутумраком: singular instrumental masculine noun inflection=15
тутумраку: singular dative locative masculine noun inflection=15
тутумраци: plural nominative vocative masculine noun inflection=15
тутумрацима: plural dative instrumental locative masculine noun inflection=15
тутумраче: singular vocative masculine noun inflection=15
у: adposition inflection=1
ужад: plural accusative nominative neuter noun inflection=1c
ужади: plural genitive vocative neuter noun inflection=1c
ужадима: plural dative instrumental locative neuter noun inflection=1c
уже: singular accusative nominative vocative neuter noun inflection=1c
ужета: singular genitive neuter noun inflection=1c
ужетом: singular instrumental neuter noun inflection=1c
ужету: singular dative locative neuter noun inflection=1c
уз: adposition inflection=1
улица: singular plural genitive nominative feminine noun inflection=2
улицама: plural dative instrumental locative feminine noun inflection=2
улице: singular plural accusative genitive nominative vocative feminine noun inflection=2
улици: singular dative locative feminine noun inflection=2
улицо: singular vocative feminine noun inflection=2
улицом: singular instrumental feminine noun inflection=2
улицу: singular accusative feminine noun inflection=2
унутра: adposition inflection=1
уторак: singular accusative nominative masculine noun inflection=18
уторака: singular plural genitive masculine noun inflection=18
уторке: plural accusative masculine noun inflection=18
уторком: singular instrumental masculine noun inflection=18
уторку: singular dative locative masculine noun inflection=18
уторци: plural nominative vocative masculine noun inflection=18
уторцима: plural dative instrumental locative masculine noun inflection=18
уторче: singular vocative masculine noun inflection=18
учитељица: singular plural genitive nominative feminine noun inflection=12
учитељицама: plural dative instrumental locative feminine noun inflection=12
учитељице: singular plural accusative genitive nominative vocative feminine noun inflection=12
учитељици: singular dative locative feminine noun inflection=12
учитељицом: singular instrumental feminine noun inflection=12
учитељицу: singular accusative feminine noun inflection=12
фебруар: accusative nominative noun inflection=10
фебруара: genitive noun inflection=10
фебруаре: vocative noun inflection=10
фебруаром: instrumental noun inflection=10
фебруару: dative locative noun inflection=10
херој: singular nominative masculine noun inflection=24
хероја: singular plural accusative genitive masculine noun inflection=24
хероје: plural accusative masculine noun inflection=24
херојем: singular instrumental masculine noun inflection=24
хероји: plural nominative vocative masculine noun inflection=24
херојима: plural dative instrumental locative masculine noun inflection=24
хероју: singular dative locative vocative masculine noun inflection=24
хотел: singular accusative nominative masculine noun inflection=6
хотела: singular plural genitive masculine noun inflection=6
хотеле: singular plural accusative vocative masculine noun inflection=6
хотели: plural nominative vocative masculine noun inflection=6
хотелима: plural dative instrumental locative masculine noun inflection=6
хотелом: singular instrumental masculine noun inflection=6
хотелу: singular dative locative masculine noun inflection=6
храм: singular accusative nominative masculine noun inflection=11
храма: singular genitive masculine noun inflection=11
храме: singular vocative masculine noun inflection=11
храмова: plural genitive masculine noun inflection=11
храмове: plural accusative masculine noun inflection=11
храмови: plural nominative vocative masculine noun inflection=11
храмовима: plural dative instrumental locative masculine noun inflection=11
храмом: singular instrumental masculine noun inflection=11
храму: singular dative locative masculine noun inflection=11
црвена: singular plural nominative vocative feminine neuter adjective inflection=8
црвене: singular plural accusative genitive nominative vocative masculine feminine neuter adjective inflection=8
црвени: singular plural nominative vocative masculine adjective inflection=8
црвеним: singular plural dative instrumental locative masculine feminine neuter adjective inflection=8
црвених: plural genitive masculine feminine adjective inflection=8
црвено: singular accusative nominative vocative neuter adjective inflection=8
црвеног: singular accusative genitive masculine neuter adjective inflection=8
црвеном: singular plural dative instrumental locative masculine feminine neuter adjective inflection=8
црвеној: singular plural dative locative feminine neuter adjective inflection=8
црвену: singular plural accusative feminine neuter adjective inflection=8
црква: singular plural genitive nominative feminine noun inflection=2
црквама: plural dative instrumental locative feminine noun inflection=2
цркве: singular plural accusative genitive nominative vocative feminine noun inflection=2
цркви: singular dative locative feminine noun inflection=2
цркво: singular vocative feminine noun inflection=2
црквом: singular instrumental feminine noun inflection=2
цркву: singular accusative feminine noun inflection=2
црна: singular plural nominative vocative feminine neuter adjective inflection=8
црне: singular plural accusative genitive nominative vocative masculine feminine neuter adjective inflection=8
црни: singular plural nominative vocative masculine adjective inflection=8
црним: singular plural dative instrumental locative masculine feminine neuter adjective inflection=8
црних: plural genitive masculine feminine adjective inflection=8
црно: singular accusative nominative vocative neuter adjective inflection=8
црног: singular accusative genitive masculine neuter adjective inflection=8
црном: singular plural dative instrumental locative masculine feminine neuter adjective inflection=8
црној: singular plural dative locative feminine neuter adjective inflection=8
црну: singular plural accusative feminine neuter adjective inflection=8
чамац: singular accusative nominative masculine noun inflection=28
чамаца: singular plural genitive masculine noun inflection=28
чамце: plural accusative masculine noun inflection=28
чамци: plural nominative vocative masculine noun inflection=28
чамцима: plural dative instrumental locative masculine noun inflection=28
чамцом: singular instrumental masculine noun inflection=28
чамцу: singular dative locative masculine noun inflection=28
чамче: singular vocative masculine noun inflection=28
чађ: singular accusative nominative feminine noun inflection=17
чађи: singular plural accusative dative genitive locative nominative vocative feminine noun inflection=17
чађима: plural dative instrumental locative feminine noun inflection=17
чађу: singular instrumental feminine noun inflection=17
четвртак: singular accusative nominative masculine noun inflection=18
четвртака: singular plural genitive masculine noun inflection=18
четвртке: plural accusative masculine noun inflection=18
четвртком: singular instrumental masculine noun inflection=18
четвртку: singular dative locative masculine noun inflection=18
четвртци: plural nominative vocative masculine noun inflection=18
четвртцима: plural dative instrumental locative masculine noun inflection=18
четвртче: singular vocative masculine noun inflection=18
шума: singular plural genitive nominative feminine noun inflection=2
шумама: plural dative instrumental locative feminine noun inflection=2
шуме: singular plural accusative genitive nominative vocative feminine noun inflection=2
шуми: singular dative locative feminine noun inflection=2
шумо: singular vocative feminine noun inflection=2
шумом: singular instrumental feminine noun inflection=2
шуму: singular accusative feminine noun inflection=2
ја: singular nominative pronoun
јануар: accusative nominative noun inflection=10
јануара: genitive noun inflection=10
јануаре: vocative noun inflection=10
јануаром: instrumental noun inflection=10
јануару: dative locative noun inflection=10
јарац: singular accusative nominative masculine noun inflection=1a
јараца: plural genitive masculine noun inflection=1a
јарца: singular genitive masculine noun inflection=1a
јарце: plural accusative masculine noun inflection=1a
јарци: plural nominative vocative masculine noun inflection=1a
јарцима: plural dative instrumental locative masculine noun inflection=1a
јарцом: singular instrumental masculine noun inflection=1a
јарцу: singular dative locative masculine noun inflection=1a
јарче: singular vocative masculine noun inflection=1a
једара: plural genitive neuter noun inflection=3c
једра: singular plural accusative genitive nominative vocative neuter noun inflection=3c
једрилица: singular plural genitive nominative feminine noun inflection=12
једрилицама: plural dative instrumental locative feminine noun inflection=12
једрилице: singular plural accusative genitive nominative vocative feminine noun inflection=12
једрилици: singular dative locative feminine noun inflection=12
једрилицом: singular instrumental feminine noun inflection=12
једрилицу: singular accusative feminine noun inflection=12
једрима: plural dative instrumental locative neuter noun inflection=3c
једро: singular accusative nominative vocative neuter noun inflection=3c
једром: singular instrumental neuter noun inflection=3c
једру: singular dative locative neuter noun inflection=3c
језера: singular plural accusative genitive nominative vocative neuter noun inflection=d
језерима: plural dative instrumental locative neuter noun inflection=d
језеро: singular accusative nominative vocative neuter noun inflection=d
језером: singular instrumental neuter noun inflection=d
језеру: singular dative locative neuter noun inflection=d
јул: accusative nominative masculine noun inflection=9
јула: genitive masculine noun inflection=9
јуле: vocative masculine noun inflection=9
јулом: instrumental masculine noun inflection=9
јулу: dative locative masculine noun inflection=9
јун: accusative nominative noun inflection=10
јуна: genitive noun inflection=10
јунак: singular nominative masculine noun inflection=15
јунака: singular plural accusative genitive masculine noun inflection=15
јунаке: plural accusative masculine noun inflection=15
јунаком: singular instrumental masculine noun inflection=15
јунаку: singular dative locative masculine noun inflection=15
јунаци: plural nominative vocative masculine noun inflection=15
јунацима: plural dative instrumental locative masculine noun inflection=15
јуначе: singular vocative masculine noun inflection=15
јуне: vocative noun inflection=10
јуном: instrumental noun inflection=10
јуну: dative locative noun inflection=10
љубав: singular accusative nominative feminine noun inflection=2f
љубави: singular plural accusative dative genitive locative nominative vocative feminine noun inflection=2f
љубавима: plural dative instrumental locative feminine noun inflection=2f
љубављу: singular instrumental feminine noun inflection=2f
==============================================
                       Source: wikidata-20250730-lexemes.json 
                  Lemma terms:     212
         Unusable lemma terms:       5
       Incoming surface forms:    2259
                Surface forms:    1140
      Collapsed surface forms:    1119 (49.5%)
       Unusable surface forms:       0
                 Usable terms:    1140  (100%)
           Unclassified terms:       0    (0%)
==============================================
Animacy:
    inanimate:                16  (1.4%)

Case:
    nominative:              310 (27.2%)
    accusative:              303 (26.6%)
    locative:                297 (26.1%)
    dative:                  296   (26%)
    vocative:                290 (25.4%)
    instrumental:            288 (25.3%)
    genitive:                250 (21.9%)

Gender:
    feminine:                503 (44.1%)
    masculine:               500 (43.9%)
    neuter:                  146 (12.8%)

Number:
    singular:                821   (72%)
    plural:                  416 (36.5%)

PartOfSpeech:
    noun:                    838 (73.5%)
    proper-noun:             192 (16.8%)
    adjective:                72  (6.3%)
    adposition:               30  (2.6%)
    pronoun:                   8  (0.7%)

processed in 13.94 seconds
License: Creative Commons CC0 License (https://creativecommons.org/publicdomain/zero/1.0/)
generated with options: --language sr --inflection-types noun,adposition,proper-noun,adjective
