Campos: plural masculine noun inflection=1f
Luz: singular feminine noun proper-noun inflection=10
Paulo: singular masculine noun proper-noun inflection=4 inflection=14
São: singular masculine abbreviation adjective
TV: singular masculine feminine abbreviation noun
a: singular definite indefinite feminine determiner adposition pronoun inflection=34 inflection=c6
aérea: singular feminine adjective inflection=1
aéreas: plural feminine adjective inflection=1
afilhada: singular feminine noun inflection=3
as: plural definite indefinite feminine determiner pronoun inflection=c6
avó: singular feminine noun inflection=3 inflection=7d
banheiro: singular masculine noun inflection=4 inflection=b7
banheiros: plural masculine noun inflection=4 inflection=b7
barco: singular masculine noun inflection=4
barcos: plural masculine noun inflection=4
bem-vinda: singular feminine adjective inflection=1
bem-vindas: plural feminine adjective inflection=1
bem-vindo: singular masculine adjective inflection=1
bem-vindos: plural masculine adjective inflection=1
campo: singular masculine noun inflection=4
campos: plural masculine noun inflection=4
carro: singular masculine noun inflection=4
casa: singular feminine noun inflection=3
casas: plural feminine noun inflection=3
chinês: singular masculine adjective noun inflection=26 inflection=2f
chineses: plural masculine adjective noun inflection=26 inflection=2f
chorar: infinitive verb inflection=2
climática: singular feminine adjective inflection=1
climáticas: plural feminine adjective inflection=1
cozinha: singular feminine noun inflection=3
cozinhas: plural feminine noun inflection=3
da: adposition
de: adposition
diagnosticada: singular feminine past participle verb inflection=41
diagnosticado: singular masculine past participle verb inflection=2 inflection=41
do: adposition
dormir: infinitive verb inflection=2
em: adposition
escritório: singular masculine noun inflection=4
escritórios: plural masculine noun inflection=4
estar: infinitive verb inflection=2
fax: singular plural masculine noun inflection=e inflection=1d
fogão: singular masculine noun inflection=8
fogões: plural masculine noun inflection=8
francês: singular masculine adjective noun inflection=26 inflection=2f
franceses: plural masculine adjective noun inflection=26 inflection=2f
funil: singular masculine noun inflection=2a
funis: plural masculine noun inflection=2a
garagem: singular feminine noun inflection=18
gata: singular feminine noun inflection=f
gatas: plural feminine noun inflection=f
gato: singular masculine noun inflection=f
gatos: plural masculine noun inflection=f
guarda-chuva: singular feminine noun inflection=3
guarda-chuvas: plural feminine noun inflection=3
histórico: singular masculine adjective inflection=1
históricos: plural masculine adjective inflection=1
hotéis: plural masculine noun inflection=21
hotel: singular masculine noun inflection=21
iPad: singular masculine noun proper-noun inflection=14
inglês: singular masculine adjective noun inflection=26 inflection=2f
ingleses: plural masculine adjective noun inflection=26 inflection=2f
irlandês: singular masculine adjective noun inflection=26 inflection=2f
irlandeses: plural masculine adjective noun inflection=26 inflection=2f
japonês: singular masculine adjective noun inflection=26 inflection=2f
japoneses: plural masculine adjective noun inflection=26 inflection=2f
linha: singular feminine noun inflection=3
linhas: plural feminine noun inflection=3
luz: singular feminine noun inflection=29
luzes: plural feminine noun inflection=29
mãe: singular feminine noun inflection=3
mães: plural feminine noun inflection=3
mesas: plural feminine noun inflection=3
mudança: singular feminine noun inflection=3
mudanças: plural feminine noun inflection=3
o: singular definite indefinite masculine determiner pronoun inflection=c6
os: plural definite indefinite masculine determiner pronoun inflection=c6
pães: plural masculine noun inflection=5a
pai: singular masculine noun inflection=4
pão: singular masculine noun inflection=5a
pára-quedas: singular plural masculine noun inflection=1d
percentual: singular masculine noun inflection=15
porta: singular feminine noun inflection=3
portão: singular masculine noun inflection=8
portas: plural feminine noun inflection=3
portões: plural masculine noun inflection=8
português: singular masculine adjective noun inflection=26 inflection=2f inflection=61
portugueses: plural masculine adjective noun inflection=26 inflection=2f inflection=61
preço: singular masculine noun inflection=4
preços: plural masculine noun inflection=4
prima: singular feminine noun inflection=3 inflection=f
primas: plural feminine noun inflection=3 inflection=f
primo: singular masculine noun inflection=4 inflection=f
primos: plural masculine noun inflection=4 inflection=f
público: singular masculine adjective noun inflection=1 inflection=4
real: singular masculine feminine adjective inflection=7
registrada: singular feminine past participle verb inflection=41
registrado: singular masculine past participle verb inflection=41
removida: singular feminine past participle verb inflection=71 inflection=10b
removido: singular masculine past participle verb inflection=71 inflection=10b
sala: singular feminine noun inflection=3
salas: plural feminine noun inflection=3
santo: singular masculine adjective inflection=1
são: singular masculine adjective inflection=55
separada: singular feminine past participle verb inflection=25 inflection=41
separado: singular masculine past participle verb inflection=25 inflection=41
tataravó: singular feminine noun inflection=3 inflection=7d
tempo: singular masculine noun inflection=4
tia: singular feminine noun inflection=3 inflection=f
tocador: singular masculine adjective noun inflection=9 inflection=b
tocadora: singular feminine adjective inflection=b
tocadoras: plural feminine adjective inflection=b
tocadores: plural masculine adjective noun inflection=9 inflection=b
trabalho: singular masculine noun inflection=4
um: singular indefinite masculine determiner number pronoun inflection=34 inflection=15a
uma: singular indefinite feminine determiner pronoun inflection=34 inflection=15a
vergalhão: singular masculine noun inflection=8
vergalhões: plural masculine noun inflection=8
mulheraça: singular feminine noun inflection=3
mulheraças: plural feminine noun inflection=3
homem: singular masculine noun inflection=1e
homens: plural masculine noun inflection=1e
pai: singular masculine noun inflection=4
pais: plural masculine noun inflection=4
==============================================
Manually curated for tests to pass
Copyright 2024-2024 Apple Inc. All rights reserved.
