3g: foreign vowel-end front-unround
3gs: foreign vowel-end front-unround
4g: foreign vowel-end front-unround
4k: foreign vowel-end back-unround
4s: foreign vowel-end front-unround
5c: foreign vowel-end front-unround
5g: foreign vowel-end front-unround
5s: foreign vowel-end front-unround
6s: foreign vowel-end front-unround
7s: foreign vowel-end front-unround
8s: foreign vowel-end front-unround
A.Ş.: foreign vowel-end front-unround
A.Ş: foreign vowel-end front-unround
AC: foreign vowel-end front-unround
AEK: foreign vowel-end back-unround
ATM: foreign vowel-end front-unround
Aatif: foreign consonant-end back-unround
Abdülcemal: exception consonant-end front-unround
Aces: foreign consonant-end back-unround
Adam: foreign consonant-end back-unround
Adele: foreign consonant-end front-unround
Air: foreign consonant-end front-unround
AirPlay: foreign consonant-end front-unround
Airplane: foreign consonant-end front-unround
Albion: foreign consonant-end back-unround
Albuquerque: foreign vowel-end front-round
Alfred: foreign consonant-end front-unround
Alp: exception consonant-end front-unround
Amazon: foreign consonant-end back-round
Amiens: foreign consonant-end back-unround
Amis: foreign consonant-end front-unround
Anaheim: foreign consonant-end back-unround
Angeles: foreign consonant-end back-unround
Angels: foreign consonant-end back-unround
Angers: foreign vowel-end front-unround
Ankaragücü: exception vowel-end front-round compound
AppStore: foreign consonant-end back-round
Apple: foreign consonant-end back-unround
AppleCare: foreign consonant-end front-unround
Arroyo: foreign vowel-end back-round
Artemis: foreign consonant-end front-unround
Asist: exception consonant-end front-unround
Assassin: foreign consonant-end front-unround
Association: foreign consonant-end back-unround
Astana: foreign vowel-end back-unround
Audioslave: foreign consonant-end front-unround
Aut: exception consonant-end back-round
Avukat: exception consonant-end back-unround
AŞ: foreign vowel-end front-unround
BMW: foreign vowel-end back-round
Badji: foreign vowel-end front-unround
Bady: foreign vowel-end front-unround
Bakunin: foreign consonant-end front-unround
Baltimore: foreign vowel-end back-round
Band: foreign consonant-end front-unround
Barazite: foreign consonant-end front-unround hard-consonant
Barcelona: foreign vowel-end back-unround
Bari: foreign vowel-end front-unround
Bates: foreign consonant-end front-unround
Batista: foreign vowel-end back-unround
Beatles: foreign consonant-end back-unround
Beats: foreign consonant-end front-unround
Bengali-Fodé: foreign vowel-end front-unround
Berlin: foreign consonant-end front-unround
Bieber: foreign consonant-end back-unround
Bilal: exception consonant-end front-unround
Birleşik Arap Emirlikleri: noun proper-noun
Bismarck: foreign consonant-end back-unround
Bjärsmyr: foreign consonant-end front-unround
BlackBerry: foreign vowel-end front-unround
Blazers: foreign consonant-end back-unround
Blue: foreign vowel-end back-round
Blues: foreign consonant-end back-round
Bluetooth: foreign consonant-end back-round
Boffin: foreign consonant-end front-unround
Bollywood: foreign consonant-end back-round
Bolton: foreign consonant-end back-round
Books: foreign consonant-end back-round soft-consonant
Bordeaux: foreign vowel-end back-round
Boston: foreign consonant-end back-unround
Bournemouth: foreign consonant-end back-unround
Boutaïb: foreign consonant-end front-unround
Boye: foreign consonant-end back-round
Boz: foreign consonant-end back-round
Brewers: foreign consonant-end back-unround
Brooklyn: foreign consonant-end front-unround
Brothers: foreign consonant-end back-unround
Browns: foreign consonant-end back-unround
Bucks: foreign consonant-end back-unround
Buenaventura: foreign vowel-end back-unround
Burnley: foreign vowel-end front-unround
C: foreign vowel-end front-unround
CCTV: foreign vowel-end front-unround
CNN: foreign consonant-end front-unround
CSKA: foreign vowel-end back-unround
Caen: foreign vowel-end back-unround
Caicos: foreign consonant-end back-round
Calgary: foreign consonant-end front-unround
Capitol: foreign consonant-end back-round
Carey: foreign vowel-end front-unround
Carlton: foreign consonant-end back-unround
Carnot: foreign consonant-end back-round
Celal: exception consonant-end front-unround
Cemal: exception consonant-end front-unround
Chahechouhe: foreign vowel-end back-round
Chainsmokers: foreign consonant-end back-unround
Chamberlain: foreign consonant-end front-unround
Chargers: foreign consonant-end back-unround
Charlotte: foreign consonant-end front-unround
Chelsea: foreign vowel-end front-unround
Church: foreign consonant-end front-round hard-consonant
City: foreign vowel-end front-unround
Ciudad: foreign consonant-end back-unround
Clapton: foreign consonant-end back-unround
Classic: foreign consonant-end front-unround hard-consonant
Clippers: foreign consonant-end back-unround
Club: foreign consonant-end back-unround
Coldplay: foreign consonant-end front-unround
Colman: foreign consonant-end back-unround
Com: foreign consonant-end back-round
Company: foreign vowel-end front-unround
Connecticut: foreign consonant-end back-unround
Coyotes: foreign consonant-end back-round
Crew: foreign consonant-end front-round
Cruise: foreign consonant-end back-round
Crystal: foreign consonant-end back-unround
Cubs: foreign consonant-end back-unround
Cup: foreign consonant-end back-unround
Cure: foreign consonant-end front-round
Cyle: foreign consonant-end back-unround
Cyril: foreign consonant-end front-unround
DD: foreign vowel-end front-unround
DEA: foreign vowel-end back-unround
Daddy: foreign vowel-end front-unround
Dany: foreign vowel-end front-unround
Delarge: foreign consonant-end back-unround
Denver: foreign consonant-end back-unround
Denys: foreign consonant-end front-unround
Diamond: foreign consonant-end back-unround
Direction: foreign consonant-end back-unround
Division: foreign consonant-end back-unround
Dodgers: foreign consonant-end back-unround
Donalds: foreign consonant-end back-unround
Douglas: foreign consonant-end back-unround
Drake: foreign consonant-end front-unround hard-consonant
Dream: foreign consonant-end front-unround
Dropbox: foreign consonant-end back-unround hard-consonant
Druid: foreign consonant-end front-unround
Ducks: foreign consonant-end back-unround
Eagles: foreign consonant-end back-unround
Edmonton: foreign consonant-end back-unround
Eduok: foreign consonant-end back-round
Engels: foreign consonant-end front-unround
English: foreign consonant-end front-unround
Erasmus: foreign consonant-end back-round
Eric: foreign consonant-end front-unround hard-consonant
Etienne: foreign consonant-end front-unround
Everest: foreign consonant-end front-unround
Everton: foreign consonant-end back-unround
FA: foreign consonant-end front-unround
FC: foreign vowel-end front-unround
Fabien: foreign consonant-end back-unround
Fabián: foreign consonant-end back-unround
FaceTime: foreign consonant-end back-unround
Facebook: foreign consonant-end back-round
Farnolle: foreign consonant-end back-round
Faty: foreign vowel-end front-unround
Fever: foreign consonant-end back-unround
Final: exception consonant-end front-unround
Fire: foreign consonant-end back-unround
Flash: foreign consonant-end back-unround
Flyers: foreign consonant-end back-unround
Ford: foreign consonant-end back-round
Foursquare: foreign vowel-end front-unround
Fox: foreign consonant-end back-round hard-consonant
France: foreign consonant-end back-unround
Francisco: foreign vowel-end back-round
Frederick: foreign consonant-end front-unround
Future: foreign consonant-end back-round
GPS: foreign consonant-end front-unround
Galaxy: foreign vowel-end front-unround
Galibiyet: exception consonant-end front-unround
GarageBand: foreign consonant-end front-unround
Garry: foreign vowel-end front-unround
Gençlerbirliği: exception vowel-end front-unround compound
Geoffrey: foreign vowel-end front-unround
George: foreign consonant-end back-round
Georgia: foreign vowel-end back-unround
Gheorghe: foreign vowel-end front-unround
Girls: foreign consonant-end front-round
Gmail: foreign consonant-end front-unround
Gol: exception consonant-end front-round
Golden: foreign consonant-end back-unround
Google: foreign consonant-end back-unround
Granada: foreign vowel-end back-unround
Hakka: foreign vowel-end back-unround
Hamidou: foreign vowel-end back-round
Harlem: foreign consonant-end front-unround
Hashtag: foreign consonant-end front-unround
Havaalanı: exception vowel-end back-unround compound
Havalimanı: exception vowel-end back-unround compound
Hawaii: foreign vowel-end front-unround
Hay: foreign consonant-end front-unround
Heat: foreign consonant-end front-unround
Her: foreign consonant-end front-unround
Hervé: foreign vowel-end front-unround
Hobbit: foreign consonant-end front-unround
Hoffenheim: foreign consonant-end back-unround
HomePod: foreign consonant-end back-round
Honda: foreign vowel-end back-unround
Hotspur: foreign consonant-end back-unround
House: foreign consonant-end back-round
Houston: foreign consonant-end back-unround
Huddersfield: foreign consonant-end back-unround
Hunt: foreign consonant-end back-unround
IBM: foreign consonant-end front-unround
ICC: foreign vowel-end front-unround
IPL: foreign consonant-end front-unround
Inbox: foreign consonant-end back-unround hard-consonant
Isaac: foreign consonant-end front-unround hard-consonant
Islanders: foreign consonant-end back-unround
JFK: foreign consonant-end front-unround
Jackson: foreign consonant-end back-unround
Jacksonville: foreign consonant-end front-unround
Jeremain: foreign consonant-end front-unround
Jirès: foreign consonant-end front-unround
Jobs: foreign consonant-end back-unround
Jones: foreign consonant-end back-round
Jose: foreign vowel-end front-unround
José: foreign vowel-end front-unround
Journey: foreign vowel-end front-unround
Jr.: foreign consonant-end back-round
Justin: foreign consonant-end front-unround
Jérôme: foreign consonant-end back-round
KHL: foreign consonant-end front-unround
Kafka: foreign vowel-end back-unround
Kana-Biyik: foreign consonant-end back-unround
Kappa: foreign vowel-end back-unround
Kemal: exception consonant-end front-unround
Keynes: foreign consonant-end front-unround
Keynote: foreign consonant-end back-round
Kim: foreign consonant-end front-unround
Kinsey: foreign consonant-end front-unround
Knights: foreign consonant-end back-unround
Koita: foreign consonant-end back-unround
Koné: foreign vowel-end front-unround
Kron: exception consonant-end back-round
Kulesi: exception vowel-end front-unround compound
Kuşadası: exception vowel-end back-unround compound
LAN: foreign consonant-end back-unround
LCD: foreign vowel-end front-unround
LPGA: foreign consonant-end front-unround
Lake: foreign consonant-end front-unround
Lakers: foreign consonant-end back-unround
Lamine: foreign consonant-end front-unround
Lao: foreign vowel-end back-round
Larissa: foreign vowel-end back-unround
Lavigne: foreign consonant-end front-unround
League: foreign consonant-end front-unround
Legend: foreign consonant-end back-unround
Lenin: foreign consonant-end front-unround
Liberty: foreign vowel-end front-unround
Ligi: exception vowel-end front-unround compound
Ligue: foreign consonant-end front-unround
Lille: foreign consonant-end front-unround
Lima: foreign vowel-end back-unround
LinkedIn: foreign consonant-end front-unround
Linux: foreign consonant-end back-round hard-consonant
Lions: foreign consonant-end back-unround
Lisa: foreign vowel-end back-unround
Liverpool: foreign consonant-end back-round
Los: foreign consonant-end back-round
Lourdes: foreign consonant-end front-unround
Luíz: foreign consonant-end front-unround
Lynx: foreign consonant-end front-unround
MC: foreign vowel-end front-unround
MLS: foreign consonant-end front-unround
MP3: foreign consonant-end front-round
Mac: foreign consonant-end front-unround hard-consonant
MacBook: foreign consonant-end back-round
Macklemore: foreign consonant-end back-round
MagSafe: foreign consonant-end front-unround
Magic: foreign consonant-end front-unround hard-consonant
Mail: foreign consonant-end front-unround
Manchester: foreign consonant-end back-unround
Marco: foreign vowel-end back-round
Marcus: foreign consonant-end back-round
Marek: foreign consonant-end front-unround
Mariners: foreign consonant-end back-unround
Marion: foreign consonant-end back-unround
Marseille: foreign vowel-end back-unround
Massachusetts: foreign consonant-end front-unround
Match: foreign consonant-end front-unround hard-consonant
Matei: foreign consonant-end back-unround
Mathieu: foreign vowel-end back-round
Mağlubiyet: exception consonant-end front-unround
Mb: foreign vowel-end front-unround
Meinz: foreign consonant-end back-unround
Mercury: foreign vowel-end front-unround
Messier: foreign consonant-end front-unround
Michael: foreign consonant-end back-unround
Microsoft: foreign consonant-end back-round
Milan: foreign consonant-end back-unround
Miranda: foreign vowel-end back-unround
Mode: foreign consonant-end back-round
Mori: exception vowel-end front-unround
Morissette: foreign consonant-end front-unround
Morrison: foreign consonant-end back-unround
Moses: foreign consonant-end back-unround
Motörhead: foreign consonant-end front-unround
Music: foreign consonant-end front-unround hard-consonant
My: foreign consonant-end back-unround
NBA: foreign consonant-end front-unround
NCAA: foreign consonant-end front-unround
NFL: foreign consonant-end front-unround
NHL: foreign consonant-end front-unround
Nabi: foreign vowel-end front-unround
Nantes: foreign consonant-end back-unround
Nashville: foreign consonant-end front-unround
News: foreign consonant-end front-unround soft-consonant
Nice: foreign vowel-end front-unround
Nickelback: foreign consonant-end front-unround
Nike: foreign consonant-end back-unround
Nokia: foreign vowel-end back-unround
Notebook: exception consonant-end back-round
Nounkeu: foreign vowel-end front-unround
Nuggets: foreign consonant-end back-unround
Numbers: foreign consonant-end back-unround soft-consonant
OMG: foreign vowel-end front-unround
OS: foreign consonant-end front-unround
Ocean: foreign consonant-end back-unround
Ofsayt: exception consonant-end back-unround
Oleksandr: foreign consonant-end back-unround
Olivier: foreign vowel-end front-unround
OneRepublic: foreign consonant-end front-unround hard-consonant
Online: foreign consonant-end back-unround
Opel: foreign consonant-end front-unround
Ousmane: foreign consonant-end back-unround
Oxlade-Chamberlain: foreign consonant-end front-unround
P!nk: foreign consonant-end front-unround
PDF: foreign vowel-end front-unround
PGA: foreign consonant-end front-unround
PTT: foreign vowel-end front-unround
Pacers: foreign consonant-end back-unround
Packers: foreign consonant-end back-unround
Pages: foreign consonant-end back-unround soft-consonant
Palace: foreign consonant-end back-unround hard-consonant
Panama: foreign vowel-end back-unround
Pass: foreign consonant-end front-unround
Passbook: foreign consonant-end back-round
Passenger: foreign consonant-end back-unround
Paul: foreign consonant-end back-round
Pauline: foreign consonant-end front-unround
Peas: foreign consonant-end front-unround
People: foreign consonant-end back-unround
Peppers: foreign consonant-end back-unround
Perry: foreign vowel-end front-unround
Petar: foreign consonant-end front-unround
Peterson: foreign consonant-end back-round
Philip: foreign consonant-end front-unround
Philippe: foreign consonant-end front-unround hard-consonant
Piqué: foreign vowel-end front-unround
Pirates: foreign consonant-end back-unround
Pizza: foreign vowel-end back-unround
Podcast: foreign consonant-end front-unround
Podcasts: foreign consonant-end front-unround
Polaris: foreign consonant-end front-unround
Police: foreign consonant-end front-unround
Porsche: foreign vowel-end front-unround
Porto: foreign vowel-end back-round
Presley: foreign vowel-end front-unround
Psy: foreign consonant-end back-unround
Punk: foreign consonant-end back-unround
Purple: foreign consonant-end back-unround
RT: foreign vowel-end front-unround
Radiohead: foreign consonant-end front-unround
Raheem: foreign consonant-end front-unround
Raiders: foreign consonant-end back-unround
Ramses: foreign consonant-end front-unround
Rangers: foreign consonant-end back-unround
Raphaël: foreign consonant-end front-unround
Ravens: foreign consonant-end back-unround
Ray: foreign consonant-end front-unround
Regattin: foreign consonant-end front-unround
Revolution: foreign consonant-end back-unround
Ribéry: foreign vowel-end front-unround
Robbins: foreign consonant-end front-unround
Rockets: foreign consonant-end back-unround
Roses: foreign consonant-end back-unround
Rush: foreign consonant-end back-unround hard-consonant
Ruud: foreign consonant-end back-unround
Ryder: foreign consonant-end back-unround
Rémy: foreign vowel-end front-unround
SE: foreign vowel-end front-unround
SMS: foreign consonant-end front-unround
Saat: exception consonant-end front-unround
Sackey: foreign vowel-end front-unround
Said: foreign consonant-end front-unround
Saint-Germain: foreign consonant-end front-unround
Samsung: foreign consonant-end back-round
Santa: foreign vowel-end back-unround
Saturday: foreign consonant-end back-unround
Seattle: foreign consonant-end back-unround
Seleznev: foreign consonant-end back-round
Selfie: foreign vowel-end back-unround
Semtex: foreign consonant-end front-unround
Senegal: foreign consonant-end front-unround
Seymour: foreign consonant-end back-round
Shaarawy: foreign vowel-end front-unround
Shazam: foreign consonant-end back-unround
Sheraton: foreign consonant-end back-unround
Sherlock: foreign consonant-end back-round
Shires: foreign consonant-end front-unround
Sir: foreign consonant-end front-round
Siri: foreign vowel-end front-unround
Sirius: foreign consonant-end back-round
Sky: foreign consonant-end back-unround
Skynyrd: foreign consonant-end front-unround
Skype: foreign consonant-end back-unround
Snake: foreign consonant-end front-unround hard-consonant
Sofiane: foreign consonant-end front-unround
Sony: foreign vowel-end front-unround
Sounders: foreign consonant-end back-unround
Soundgarden: foreign consonant-end back-unround
Southampton: foreign consonant-end back-unround
Sox: foreign consonant-end back-unround
Spitz: foreign consonant-end front-unround
Spotify: foreign consonant-end back-unround
Spurs: foreign consonant-end front-round
Stalin: foreign consonant-end front-unround
Stapleton: foreign consonant-end back-unround
Starbucks: foreign consonant-end back-unround
State: foreign consonant-end front-unround
Steelers: foreign consonant-end back-unround
Sterlin: exception consonant-end front-unround
Steve: foreign consonant-end front-unround
Stockholm: foreign consonant-end front-round
Stones: foreign consonant-end back-round
Store: foreign consonant-end back-round
Stradivarius: foreign consonant-end back-round
Stripes: foreign consonant-end back-unround
Ståhl: foreign consonant-end back-unround
Stéphane: foreign consonant-end back-unround
Summer: foreign consonant-end back-unround
Sun: foreign consonant-end back-unround
Suns: foreign consonant-end back-unround
Surveyor: foreign consonant-end back-round
Survivor: foreign consonant-end back-unround
Susan: foreign consonant-end back-unround
Swansea: foreign vowel-end front-unround
Swarm: foreign consonant-end back-unround
Swiss: foreign consonant-end front-unround
Szczęsny: foreign vowel-end front-unround
THY: foreign vowel-end front-unround
TV: foreign vowel-end front-unround
Taşucu: exception vowel-end back-round compound
TestFlight: foreign consonant-end back-unround
The: foreign vowel-end front-unround
Thievy: foreign vowel-end front-unround
Thunder: foreign consonant-end back-unround
Tigers: foreign consonant-end back-unround
Tiller: foreign consonant-end back-unround
Timberlake: foreign consonant-end front-unround
Timbers: foreign consonant-end back-unround
Timberwolves: foreign consonant-end back-round
Tottenham: foreign consonant-end back-unround
Toulouse: foreign consonant-end back-round
Town: foreign consonant-end back-unround
Toyota: foreign vowel-end back-unround
Traoré: foreign vowel-end front-unround
Trezeguet: foreign vowel-end front-unround
Troyes: foreign vowel-end back-unround
Truman: foreign consonant-end back-unround
Tudors: foreign consonant-end back-round
Turkish: foreign consonant-end front-unround
Twitter: foreign consonant-end back-unround
U2: foreign vowel-end back-round
UEFA: foreign vowel-end back-round
Union: foreign consonant-end back-unround
United: foreign consonant-end back-unround
Ursula: foreign vowel-end back-unround
Usher: foreign consonant-end back-unround
Vainqueur: foreign consonant-end front-unround
Vancouver: foreign consonant-end back-unround
Veigneau: foreign vowel-end front-unround
Verona: foreign vowel-end back-unround
Versailles: foreign consonant-end front-unround
Vickers: foreign consonant-end back-unround
Villarreal: foreign consonant-end front-unround
Vinci: foreign vowel-end front-unround
Vitesse: foreign consonant-end front-unround hard-consonant
Vodafone: foreign consonant-end back-round
VoiceOver: foreign consonant-end back-unround
WNBA: foreign consonant-end front-unround
WTA: foreign consonant-end front-unround
WWW: foreign vowel-end back-round
Waikiki: foreign vowel-end front-unround
Wallet: foreign consonant-end back-unround
Washington: foreign consonant-end back-unround
Watch: foreign consonant-end back-round
Watford: foreign consonant-end back-unround
Wayne: foreign consonant-end front-unround
WhatsApp: foreign consonant-end back-unround
Whitecaps: foreign consonant-end front-unround
Whitman: foreign consonant-end back-unround
Wi-Fi: foreign consonant-end back-unround
WiFi: foreign consonant-end back-unround
Wild: foreign consonant-end back-unround
Williams: foreign consonant-end back-unround
Wilson: foreign consonant-end back-unround
Wimbledon: foreign consonant-end back-round
Windows: foreign consonant-end back-round
Winehouse: foreign consonant-end back-round
Wolfsburg: foreign consonant-end back-round
Wonder: foreign consonant-end back-unround
XR: foreign vowel-end front-unround
XS: foreign vowel-end front-unround
Xbox: foreign consonant-end back-unround
YK: foreign vowel-end back-unround
Yahoo: foreign vowel-end back-round
Yatabaré: foreign vowel-end front-unround
Yokohama: foreign vowel-end back-unround
Yoo: foreign vowel-end back-round
Yosemite: foreign vowel-end front-unround
YouTube: foreign consonant-end back-round
Young: foreign consonant-end back-unround
ac: foreign vowel-end front-unround
adalet: exception consonant-end front-unround
admin: foreign consonant-end front-unround
against: foreign consonant-end front-unround
akaryakıt: exception consonant-end back-unround
albert: foreign consonant-end front-round
all: foreign consonant-end back-round
alla: foreign vowel-end back-unround
aloha: foreign vowel-end back-unround
always: foreign consonant-end front-unround
amino: foreign vowel-end back-round
amiral: exception consonant-end front-unround
ampul: exception consonant-end front-round
android: foreign consonant-end front-unround
angel: foreign consonant-end back-unround
antiaging: foreign consonant-end front-unround
anything: foreign consonant-end front-unround
anıt: exception consonant-end back-unround
apart: foreign consonant-end back-unround
apo: foreign vowel-end back-round
apple: foreign consonant-end back-unround
appstore: foreign consonant-end back-round
are: foreign vowel-end back-unround
artist: exception consonant-end front-unround
asist: exception consonant-end front-unround
astral: foreign consonant-end back-unround
atm: foreign vowel-end front-unround
aut: exception consonant-end back-round
auto: foreign vowel-end back-round
avukat: exception consonant-end back-unround
aşama: exception vowel-end back-unround
baby: foreign vowel-end front-unround
background: foreign consonant-end back-round
base: foreign consonant-end front-unround
basket: exception consonant-end front-unround
beach: foreign consonant-end front-unround
beautiful: foreign consonant-end back-unround
because: foreign consonant-end back-round
bellboy: foreign consonant-end back-round
bilet: exception consonant-end front-unround
billy: foreign vowel-end front-unround
bio: foreign vowel-end back-round
birth: foreign consonant-end front-round
bis: foreign consonant-end front-unround
bishop: foreign consonant-end back-unround
bisiklet: exception consonant-end front-unround
bite: foreign vowel-end front-unround
black: foreign consonant-end front-unround
blues: foreign consonant-end back-round
bluetooth: foreign consonant-end back-round
bond: foreign consonant-end back-round
book: foreign consonant-end back-round
bro: foreign vowel-end back-round
brown: foreign consonant-end back-round
bu: exception vowel-end back-round compound
bulut: exception consonant-end back-round
burger: foreign consonant-end front-round
bye: foreign consonant-end back-unround
cafe: foreign vowel-end front-unround
cafeteria: foreign vowel-end back-unround
call: foreign consonant-end back-round
cama: foreign vowel-end back-unround
candy: foreign vowel-end front-unround
cane: foreign vowel-end front-unround
case: foreign consonant-end front-unround
casting: foreign consonant-end front-unround
cd: foreign vowel-end front-unround
center: foreign consonant-end back-unround
cep: exception consonant-end front-unround hard-consonant
charlie: foreign vowel-end front-unround
chat: foreign consonant-end front-unround
check: foreign consonant-end front-unround
chef: foreign consonant-end front-unround
city: foreign vowel-end front-unround
class: foreign consonant-end back-unround
classic: foreign consonant-end front-unround hard-consonant
cleaning: foreign consonant-end front-unround
club: foreign consonant-end back-unround
coke: foreign consonant-end back-round
cold: foreign consonant-end back-round
collection: foreign consonant-end front-round
color: foreign consonant-end back-unround
com: foreign consonant-end back-round
combat: foreign consonant-end front-unround
come: foreign consonant-end back-unround
company: foreign vowel-end front-unround
con: foreign consonant-end back-round
connected: foreign consonant-end front-unround
cook: foreign consonant-end back-round
cooper: foreign consonant-end back-unround
cope: foreign consonant-end back-round
core: foreign vowel-end back-round
country: foreign vowel-end front-unround
countryside: foreign consonant-end front-unround
crack: foreign consonant-end front-unround
crazy: foreign vowel-end front-unround
crush: foreign consonant-end back-unround
cumhuriyet: exception consonant-end front-unround
daily: foreign vowel-end front-unround
days: foreign consonant-end front-unround
demo: foreign vowel-end back-round
den: foreign consonant-end front-unround
denk: exception consonant-end front-unround hard-consonant
deplored: foreign consonant-end back-round
developer: foreign consonant-end back-unround
developers: foreign consonant-end back-unround
development: foreign consonant-end back-unround
devlet: exception consonant-end front-unround
diana: foreign vowel-end back-unround
digital: foreign consonant-end back-unround
dim: foreign consonant-end front-unround
discovery: foreign vowel-end front-unround
dog: foreign consonant-end back-round
doing: foreign consonant-end front-unround
double: foreign consonant-end front-round
drive: foreign consonant-end back-unround
du: foreign vowel-end back-unround
dubai: foreign vowel-end front-unround
dum: foreign consonant-end back-round
dying: foreign consonant-end front-unround
editor: foreign consonant-end back-unround
eight: foreign consonant-end front-unround
emirlik: adjective
emo: foreign vowel-end back-round
emoji: foreign vowel-end front-unround
enter: foreign consonant-end back-unround
epidermis: foreign consonant-end front-unround
eses: foreign consonant-end front-unround
eternity: foreign vowel-end front-unround
euro: foreign vowel-end back-round
every: foreign vowel-end front-unround
everybody: foreign vowel-end front-unround
everyday: foreign consonant-end front-unround
everyone: foreign consonant-end back-unround
face: foreign consonant-end front-unround
facto: foreign vowel-end back-round
faul: exception consonant-end front-round
fave: foreign consonant-end front-unround
fax: foreign consonant-end front-unround
fc: foreign vowel-end front-unround
festival: exception consonant-end front-unround
fight: foreign consonant-end front-unround
fighting: foreign consonant-end front-unround
fights: foreign consonant-end back-unround
final: exception consonant-end front-unround
finale: foreign vowel-end front-unround
fine: foreign consonant-end front-unround
finish: foreign consonant-end front-unround
fir: foreign consonant-end front-unround
fitness: foreign consonant-end back-unround
five: foreign consonant-end back-unround
follow: foreign consonant-end back-round
forest: foreign consonant-end back-unround
forklift: foreign consonant-end front-unround
four: foreign consonant-end back-round
fox: foreign consonant-end back-round
friend: foreign consonant-end front-unround
from: foreign consonant-end back-round
fuck: foreign consonant-end back-unround
fucker: foreign consonant-end back-unround
fucking: foreign consonant-end front-unround
galaxy: foreign vowel-end front-unround
galibiyet: exception consonant-end front-unround
general: exception consonant-end front-unround
get: foreign consonant-end front-unround
gigabit: foreign consonant-end front-unround
girls: foreign consonant-end front-round
global: exception consonant-end front-unround
gmail: foreign consonant-end front-unround
go: foreign vowel-end back-round
god: foreign consonant-end back-round
gol: exception consonant-end front-round
gold: foreign consonant-end back-round
golden: foreign consonant-end back-unround
gone: foreign consonant-end back-round
google: foreign consonant-end back-unround
gravity: foreign vowel-end front-unround
guys: foreign consonant-end front-unround
gök: exception consonant-end front-round hard-consonant
gölet: exception consonant-end front-unround
hade: foreign vowel-end front-unround
haha: foreign vowel-end back-unround
halide: foreign vowel-end front-unround
hamburg: foreign consonant-end back-round
happy: foreign vowel-end front-unround
hard: foreign consonant-end back-unround
harry: foreign vowel-end front-unround
havaalanı: exception vowel-end back-unround compound
havalimanı: exception vowel-end back-unround compound
heart: foreign consonant-end back-unround
heat: foreign consonant-end front-unround
hello: foreign vowel-end back-round
hers: foreign consonant-end front-unround
hi: foreign consonant-end back-unround
hilal: exception consonant-end front-unround
hint: foreign consonant-end front-unround
hmm: foreign consonant-end front-unround
home: foreign consonant-end back-round
homepod: foreign consonant-end back-round
hotel: foreign consonant-end front-unround
hoy: foreign consonant-end back-round
hp: foreign vowel-end front-unround
hükümet: exception consonant-end front-unround
hürriyet: exception consonant-end front-unround
iBooks: foreign consonant-end back-round soft-consonant
iCloud: foreign consonant-end back-round
iMac: foreign consonant-end front-unround hard-consonant
iMessage: foreign consonant-end back-unround
iOS: foreign consonant-end front-unround
iPad: foreign consonant-end front-unround
iPadOS: foreign consonant-end front-unround
iPhone: foreign consonant-end back-round
iPod: foreign consonant-end back-round
iTunes: foreign consonant-end back-round soft-consonant
icon: foreign consonant-end back-unround
ikbal: exception consonant-end front-unround
index: foreign consonant-end front-unround hard-consonant
integral: exception consonant-end front-unround
iphone: foreign consonant-end back-round
ist: foreign consonant-end back-round
istikbal: exception consonant-end front-unround
istiklal: exception consonant-end front-unround
jack: foreign consonant-end front-unround
jailbreak: foreign consonant-end front-unround
jean: foreign consonant-end front-unround
john: foreign consonant-end back-round
jolie: foreign vowel-end front-unround
kanıt: exception consonant-end back-unround
kap: exception consonant-end back-unround hard-consonant
kapital: exception consonant-end front-unround
kata: foreign vowel-end back-unround
khan: foreign consonant-end back-unround
kind: foreign consonant-end front-unround
know: foreign consonant-end back-round
konut: exception consonant-end back-round
koramiral: exception consonant-end front-unround
korgeneral: exception consonant-end front-unround
kremlin: foreign consonant-end front-unround
kron: exception consonant-end back-round
kupa: exception vowel-end back-unround
kurt: exception consonant-end back-round hard-consonant
kâr: exception consonant-end back-unround
lady: foreign vowel-end front-unround
language: foreign consonant-end front-unround
laptop: exception consonant-end back-round
last: foreign consonant-end back-unround
latte: foreign vowel-end front-unround
lewis: foreign consonant-end back-unround
liderlik: exception consonant-end front-unround hard-consonant
light: foreign consonant-end back-unround
like: foreign consonant-end back-unround
limit: exception consonant-end front-unround
line: foreign consonant-end front-unround
love: foreign consonant-end back-unround
macOS: foreign consonant-end front-unround
madrid: foreign consonant-end front-unround
maintain: foreign consonant-end front-unround
major: foreign consonant-end back-unround
mall: foreign consonant-end back-round
man: foreign consonant-end front-unround
mara: foreign vowel-end back-unround
market: exception consonant-end front-unround
marks: foreign consonant-end back-unround
masala: foreign vowel-end back-unround
match: foreign consonant-end front-unround hard-consonant
mağlubiyet: exception consonant-end front-unround
medication: foreign consonant-end back-unround
megabyte: foreign consonant-end back-unround
memo: foreign vowel-end back-round
memorial: foreign consonant-end back-unround
mention: foreign consonant-end back-unround
meral: exception consonant-end front-unround
messenger: foreign consonant-end back-unround
metal: exception consonant-end front-unround
miami: foreign vowel-end front-unround
mike: foreign consonant-end back-unround
millet: exception consonant-end front-unround
mineral: exception consonant-end front-unround
morning: foreign consonant-end front-unround
mouse: foreign consonant-end back-round
much: foreign consonant-end back-unround
muffin: foreign consonant-end front-unround
multitasking: foreign consonant-end front-unround
music: foreign consonant-end front-unround hard-consonant
my: foreign consonant-end back-unround
mynet: foreign consonant-end front-unround
müzikal: exception consonant-end front-unround
netbook: foreign consonant-end back-round
never: foreign consonant-end back-unround
night: foreign consonant-end front-unround
nihal: exception consonant-end front-unround
noise: foreign consonant-end front-unround
nokia: foreign vowel-end back-unround
normal: exception consonant-end front-unround
note: foreign consonant-end back-round
notebook: exception consonant-end back-round
notification: foreign consonant-end back-unround
now: foreign consonant-end back-unround
number: foreign consonant-end back-unround
o: exception vowel-end back-round compound
office: foreign consonant-end front-unround
ofsayt: exception consonant-end back-unround
okay: foreign consonant-end front-unround
once: foreign consonant-end back-unround
one: foreign consonant-end back-unround
online: foreign consonant-end back-unround
open: foreign consonant-end back-unround
operation: foreign consonant-end back-unround
others: foreign consonant-end back-unround
outlook: foreign consonant-end back-round
palm: foreign consonant-end back-unround
paris: foreign consonant-end front-unround
pass: foreign consonant-end front-unround
paste: foreign consonant-end front-unround
pencil: foreign consonant-end back-unround
perry: foreign vowel-end front-unround
pie: foreign consonant-end back-unround
pilot: exception consonant-end back-round
piramit: exception consonant-end front-unround
pist: exception consonant-end front-unround
pkk: foreign vowel-end front-unround
play: foreign consonant-end front-unround
player: foreign consonant-end back-unround
playlist: foreign consonant-end front-unround
please: foreign consonant-end front-unround
plus: foreign consonant-end back-unround
pol: exception consonant-end front-round
poli: foreign vowel-end front-unround
position: foreign consonant-end back-unround
possible: foreign consonant-end back-unround
presents: foreign consonant-end back-unround
press: foreign consonant-end front-unround
pro: foreign vowel-end back-round
prof: foreign consonant-end front-round
prog: foreign consonant-end back-round
pumpkin: foreign consonant-end front-unround
puzzle: foreign consonant-end back-unround
radikal: exception consonant-end front-unround
random: foreign consonant-end back-unround
real: foreign consonant-end back-unround
remember: foreign consonant-end back-unround
renk: exception consonant-end front-unround hard-consonant
reporter: foreign consonant-end back-unround
reset: foreign consonant-end front-unround
resital: exception consonant-end front-unround
ribaund: exception consonant-end back-round
right: foreign consonant-end front-unround
rocky: foreign vowel-end front-unround
roger: foreign consonant-end back-unround
roll: foreign consonant-end back-round
ruble: exception vowel-end front-unround
rugby: foreign vowel-end front-unround
rum: foreign consonant-end back-round
saat: exception consonant-end front-unround
saint: foreign consonant-end front-unround
sanat: exception consonant-end back-unround
sat: foreign consonant-end back-unround
search: foreign consonant-end front-round
sedan: foreign consonant-end back-unround
see: foreign vowel-end front-unround
seller: foreign consonant-end front-unround
sense: foreign vowel-end front-unround
sepet: exception consonant-end front-unround
serbest: exception consonant-end front-unround
sero: foreign vowel-end back-round
sex: foreign consonant-end front-unround hard-consonant
sexy: foreign vowel-end front-unround
seyyal: exception consonant-end front-unround
shake: foreign consonant-end front-unround
shameless: foreign consonant-end back-unround
shit: foreign consonant-end front-unround
shot: foreign consonant-end back-unround
shoutout: foreign consonant-end back-round
show: foreign consonant-end back-round
shuffle: foreign consonant-end back-unround
smile: foreign vowel-end front-unround
sohbet: exception consonant-end front-unround
sola: foreign vowel-end back-unround
sora: foreign vowel-end back-unround
square: foreign vowel-end front-unround
station: foreign consonant-end back-round
stay: foreign consonant-end back-unround
sterlin: exception consonant-end front-unround
steroid: foreign consonant-end front-unround
steve: foreign consonant-end front-unround
stockholm: foreign consonant-end front-round
store: foreign consonant-end back-round
superman: foreign consonant-end back-unround
support: foreign consonant-end back-round
survivor: foreign consonant-end back-unround
sus: foreign consonant-end back-round
sweet: foreign consonant-end front-unround
sürat: exception consonant-end front-unround
tad: foreign consonant-end back-unround
taç: exception consonant-end back-unround hard-consonant
technology: foreign vowel-end front-unround
tele: foreign vowel-end front-unround
tension: foreign consonant-end back-round
terminal: exception consonant-end front-unround
termostat: exception consonant-end back-unround
thank: foreign consonant-end front-unround
thanks: foreign consonant-end front-unround
that: foreign consonant-end front-unround
the: foreign vowel-end back-round
theory: foreign vowel-end front-unround
thirsty: foreign vowel-end front-unround
those: foreign consonant-end back-round
three: foreign vowel-end front-unround
time: foreign consonant-end back-unround
times: foreign consonant-end back-unround
tipin: foreign consonant-end front-unround
tivit: foreign consonant-end front-unround
to: foreign vowel-end back-round
today: foreign consonant-end front-unround
tokay: foreign consonant-end back-unround
tom: foreign consonant-end back-round
tomb: foreign consonant-end back-round
tomtom: foreign consonant-end back-round
tonight: foreign consonant-end back-unround
tortoise: foreign consonant-end back-round
touch: foreign consonant-end back-unround
trade: foreign consonant-end front-unround
trains: foreign consonant-end front-unround
translate: foreign vowel-end front-unround
tri: foreign vowel-end front-unround
tricks: foreign consonant-end front-unround
trip: foreign consonant-end front-unround
troll: foreign consonant-end back-round
try: foreign consonant-end back-unround
trying: foreign consonant-end front-unround
tuna: foreign vowel-end back-unround
turkey: foreign consonant-end front-unround
tuval: exception consonant-end front-unround
tuvalet: exception consonant-end front-unround
tuğamiral: exception consonant-end front-unround
tuğgeneral: exception consonant-end front-unround
tv: foreign vowel-end front-unround
tvOS: foreign consonant-end front-unround
tweet: foreign consonant-end front-unround
twit: foreign consonant-end front-unround
tümamiral: exception consonant-end front-unround
tümgeneral: exception consonant-end front-unround
under: foreign consonant-end back-unround
unknown: foreign consonant-end back-round
up: foreign consonant-end back-unround
update: foreign consonant-end front-unround
verdin: foreign consonant-end front-unround
vertebra: foreign vowel-end back-unround
via: foreign vowel-end back-round
view: foreign consonant-end front-unround
vista: foreign vowel-end back-round
vokal: exception consonant-end front-unround
vs: foreign consonant-end back-round
wake: foreign consonant-end front-unround
walking: foreign consonant-end front-unround
wall: foreign consonant-end back-round
wallet: foreign consonant-end back-unround
want: foreign consonant-end back-round
was: foreign consonant-end back-round
wassup: foreign consonant-end back-unround
watchOS: foreign consonant-end front-unround
web: foreign consonant-end front-unround
welcome: foreign consonant-end back-round
what: foreign consonant-end back-round
whenever: foreign consonant-end back-unround
where: foreign consonant-end front-unround
white: foreign consonant-end back-unround
wife: foreign consonant-end back-unround
william: foreign consonant-end back-unround
windows: foreign consonant-end back-round
wine: foreign consonant-end back-unround
with: foreign consonant-end front-unround
without: foreign consonant-end back-unround
won: foreign consonant-end back-unround
worldwide: foreign consonant-end back-unround
www: foreign vowel-end back-round
yakıt: exception consonant-end back-unround
yanıt: exception consonant-end back-unround
yarısı: exception vowel-end back-unround compound
yellow: foreign consonant-end back-round
yiz: foreign consonant-end front-unround
you: foreign vowel-end back-round
your: foreign consonant-end back-round
yurt: exception consonant-end back-round hard-consonant
zara: foreign vowel-end back-unround
zero: foreign vowel-end back-round
zombie: foreign vowel-end front-unround
zuhal: exception consonant-end front-unround
zühal: exception consonant-end front-unround
zülal: exception consonant-end front-unround
°C: foreign vowel-end front-unround
çok: exception consonant-end back-round hard-consonant
şampiyona: exception vowel-end back-unround
şevval: exception consonant-end front-unround
şu: exception vowel-end back-round compound
==============================================
Manually curated for tests to pass
Copyright 2024-2024 Apple Inc. All rights reserved.
