Alp: singular accusative dative genitive nominative masculine feminine lemma-word noun inflection=3
Antwort: singular accusative dative genitive nominative feminine lemma-word noun inflection=3
Antworten: plural accusative dative genitive nominative feminine noun inflection=3
Autor: singular accusative dative nominative masculine lemma-word noun inflection=26
Autoren: plural accusative dative genitive nominative masculine noun inflection=26
Autors: singular genitive masculine noun inflection=26
Autos: singular plural accusative dative genitive nominative neuter noun inflection=1f
Bad: singular accusative dative nominative neuter lemma-word noun inflection=151
Ball: singular accusative dative nominative masculine lemma-word noun inflection=33
Bank: singular accusative dative genitive nominative feminine lemma-word noun inflection=6ab
Benutzer: singular plural accusative dative genitive nominative masculine lemma-word noun inflection=6
Besprechung: singular accusative dative genitive nominative feminine lemma-word noun inflection=3
Besprechungen: plural accusative dative genitive nominative feminine noun inflection=3
Besucher: singular plural accusative dative genitive nominative masculine lemma-word noun inflection=6
Bruder: singular accusative dative nominative masculine lemma-word noun inflection=109
Bälle: plural accusative genitive nominative masculine noun inflection=33
Champions: singular plural accusative dative genitive nominative masculine noun inflection=1a
Deck: neuter lemma-word noun inflection=1
Decke: singular accusative dative genitive nominative feminine lemma-word noun inflection=4
Decken: plural accusative dative genitive nominative feminine noun inflection=4
Ehefrau: singular accusative dative genitive nominative feminine noun inflection=2e3
Ehefrauen: plural accusative dative genitive nominative feminine noun inflection=2e3
Ehemann: singular accusative dative nominative masculine lemma-word noun inflection=2e3
Ehemänner: plural accusative genitive nominative masculine noun inflection=2e3
Eigentümer: singular plural accusative dative genitive nominative masculine neuter lemma-word noun inflection=6 inflection=275
Eigentümerin: singular accusative dative genitive nominative feminine noun inflection=6
Eigentümerinnen: plural accusative dative genitive nominative feminine noun inflection=6
Eigentümern: plural dative masculine neuter noun inflection=6
Eigentümers: singular genitive masculine noun inflection=6
Ereignis: singular accusative dative nominative neuter lemma-word noun inflection=ed
Fenster: singular plural accusative dative genitive nominative neuter lemma-word noun inflection=12
Fenstern: plural dative neuter noun inflection=12
Film: singular accusative dative nominative masculine lemma-word noun inflection=20
Filme: plural accusative genitive nominative masculine noun inflection=20
Filmen: plural dative masculine noun inflection=20
Filmes: masculine noun inflection=20
Films: singular genitive masculine noun inflection=20
Frau: singular accusative dative genitive nominative feminine lemma-word noun inflection=3
Frauen: plural accusative dative genitive nominative feminine noun inflection=3
Freund: singular accusative dative nominative masculine lemma-word noun inflection=116
Freundes: singular genitive masculine noun inflection=116
Fundort: singular accusative dative nominative masculine lemma-word noun inflection=7e8
Fundorte: plural accusative nominative masculine noun inflection=7e8
Fundorten: plural dative genitive masculine noun inflection=7e8
Fundortes: singular genitive masculine noun inflection=7e8
Fundorts: singular genitive masculine noun inflection=7e8
Füße: plural accusative genitive nominative masculine noun inflection=11c
Handy: singular accusative dative nominative neuter lemma-word noun inflection=1f
Handys: singular plural accusative dative genitive nominative neuter noun inflection=1f
Herz: singular accusative dative nominative neuter lemma-word noun inflection=5ef
Holz: singular accusative dative nominative neuter lemma-word noun inflection=84
Innenhofes: masculine noun inflection=78
Katze: singular accusative dative genitive nominative feminine lemma-word noun inflection=7
Katzen: plural accusative dative genitive nominative feminine noun inflection=7
Kind: singular accusative dative nominative neuter lemma-word noun inflection=9cd
Kinde: neuter noun inflection=9cd
Kinder: plural accusative genitive nominative neuter noun inflection=9cd
Kindern: plural dative neuter noun inflection=9cd
Kindes: singular genitive neuter noun inflection=9cd
Kinds: neuter noun inflection=9cd
Klaus: singular plural accusative dative genitive nominative masculine lemma-word proper-noun inflection=41
Lampe: singular accusative dative genitive nominative feminine lemma-word noun inflection=7
Mann: singular accusative dative nominative masculine lemma-word noun inflection=27d
Mannes: singular genitive masculine lemma-word noun inflection=1 inflection=27d
Männer: plural accusative genitive nominative masculine noun inflection=27d
Männern: plural dative masculine noun inflection=27d
Organisator: singular accusative dative nominative masculine lemma-word noun inflection=26
Organisatorin: singular accusative dative genitive nominative feminine noun inflection=26
Organisators: singular genitive masculine noun inflection=26
Organspender: singular plural accusative dative genitive nominative masculine lemma-word noun inflection=6
Peter: singular plural accusative dative genitive nominative masculine lemma-word proper-noun inflection=74
Regen: singular plural accusative dative genitive nominative masculine lemma-word noun inflection=53
Schlosses: singular genitive neuter noun inflection=1 inflection=db2
Spiel: singular accusative dative nominative neuter lemma-word noun inflection=39
Spielbank: singular accusative dative genitive nominative feminine lemma-word noun inflection=3
Spieltisch: masculine lemma-word noun inflection=1
Spielzimmer: singular plural accusative dative genitive nominative neuter lemma-word noun inflection=12
Sängerin: singular accusative dative genitive nominative feminine noun inflection=6
Schwester: singular accusative dative genitive nominative feminine lemma-word noun inflection=4
Teilnehmer: singular plural accusative dative genitive nominative masculine lemma-word noun inflection=6
Termin: singular accusative dative nominative masculine lemma-word noun inflection=e
Tim: singular accusative dative genitive nominative masculine lemma-word proper-noun inflection=b
Untersuchungsausschüsse: plural accusative genitive nominative masculine noun inflection=1 inflection=37f
Vaters: singular genitive masculine noun inflection=1e3
Wort: singular accusative dative nominative neuter lemma-word noun inflection=2b6
Worte: plural accusative genitive nominative neuter noun inflection=2b6
Worten: plural dative neuter noun inflection=2b6
Wortes: neuter noun inflection=2b6
Worts: singular genitive neuter noun inflection=2b6
Zeit: singular accusative dative genitive nominative feminine lemma-word noun inflection=3
Zeiten: plural accusative dative genitive nominative feminine noun inflection=3
Zelle: singular accusative dative genitive nominative feminine lemma-word noun inflection=7
das: singular accusative nominative definite neuter determiner pronoun inflection=10fb
dem: singular dative definite masculine neuter determiner pronoun inflection=10fb
den: singular plural accusative dative genitive nominative definite masculine feminine neuter lemma-word abbreviation determiner noun pronoun inflection=10fb
der: singular plural dative genitive nominative definite masculine feminine neuter determiner pronoun inflection=10fb
des: singular plural accusative dative genitive nominative definite masculine neuter lemma-word determiner noun inflection=10fb
des: singular plural accusative dative genitive nominative definite masculine neuter lemma-word determiner noun inflection=10fb
die: singular plural accusative nominative definite masculine feminine neuter determiner pronoun inflection=10fb
dieser: singular plural dative genitive nominative demonstrative masculine feminine neuter determiner pronoun inflection=57e
ein: singular accusative nominative indefinite masculine neuter determiner pronoun verb inflection=10fe
einer: singular dative genitive nominative indefinite masculine feminine determiner pronoun inflection=10fe
eines: singular accusative genitive nominative indefinite masculine neuter determiner pronoun inflection=10fe
gefrierend: verb
hart: predicative lemma-word adjective inflection=5
harte: singular plural accusative nominative weak mixed strong masculine feminine neuter adjective inflection=5
harter: singular plural dative genitive nominative mixed strong masculine feminine neuter adjective inflection=5
hartes: singular accusative nominative mixed strong neuter adjective inflection=5
mein: singular possessive accusative nominative masculine neuter determiner pronoun verb inflection=23a
meine: singular plural possessive accusative nominative masculine feminine neuter determiner pronoun verb inflection=23a
meinem: singular possessive dative masculine neuter determiner pronoun inflection=23a
meinen: singular plural possessive accusative dative masculine feminine neuter determiner pronoun verb inflection=23a
meiner: singular plural possessive dative genitive nominative masculine feminine neuter determiner pronoun inflection=23a
meines: singular possessive accusative genitive nominative masculine neuter determiner pronoun inflection=23a
motorisiert: singular plural predicative lemma-word adjective verb inflection=5
motorisierten: singular plural accusative dative genitive nominative weak mixed strong masculine feminine neuter adjective verb inflection=5
motorisiertes: singular accusative nominative mixed strong neuter adjective inflection=5
neu: predicative lemma-word adjective inflection=5
neue: singular plural accusative nominative weak mixed strong masculine feminine neuter adjective inflection=5
neuen: singular plural accusative dative genitive nominative weak mixed strong masculine feminine neuter adjective inflection=5
neuer: singular plural dative genitive nominative mixed strong masculine feminine neuter adjective inflection=5
olympisch: predicative lemma-word adjective inflection=5
regulär: predicative lemma-word adjective inflection=5
reguläre: singular plural accusative nominative weak mixed strong masculine feminine neuter adjective inflection=5
regulärer: singular plural dative genitive nominative mixed strong masculine feminine neuter adjective inflection=5
schnelle: singular plural accusative nominative weak mixed strong masculine feminine neuter adjective verb inflection=5
schneller: singular plural dative genitive nominative mixed strong masculine feminine neuter adjective inflection=5
schön: singular predicative lemma-word adjective verb inflection=5
schöne: singular plural accusative nominative weak mixed strong masculine feminine neuter adjective verb inflection=5
schönen: singular plural accusative dative genitive nominative weak mixed strong masculine feminine neuter adjective verb inflection=5
schönes: singular accusative nominative mixed strong neuter adjective inflection=5
spielen: singular plural verb
Überblick: singular accusative dative nominative masculine lemma-word noun inflection=e
Überblicke: plural accusative genitive nominative masculine noun inflection=e
Überblicken: plural dative masculine noun inflection=e
Überblicks: singular genitive masculine noun inflection=e
Überschusses: singular genitive masculine noun inflection=1 inflection=3c
decke: singular verb
decken: singular plural verb
Schlösser: plural accusative genitive nominative neuter noun inflection=1 inflection=db2
Schlössern: plural dative neuter noun inflection=1 inflection=db2
Schloss: singular accusative dative nominative neuter lemma-word noun inflection=db2
Schloß: neuter lemma-word noun inflection=1
==============================================
Manually curated for tests to pass
Copyright 2024-2024 Apple Inc. All rights reserved.
