अभिभावक: singular plural direct oblique masculine noun inflection=33
अभिभाविका: singular direct oblique feminine noun inflection=33
आपका: plural genitive second formal pronoun
आपकी: plural genitive second formal pronoun
आयोजक: singular plural direct oblique masculine noun inflection=33
आयोजिका: singular direct oblique feminine noun inflection=33
आशिया: singular direct masculine noun inflection=2a
ऊँचा: singular direct masculine adjective adverb inflection=d
कमरा: singular direct masculine noun inflection=5
कमरे: singular plural direct oblique masculine noun inflection=5
कमरों: plural oblique masculine feminine noun inflection=5 inflection=7
करता: singular imperfective masculine participle verb inflection=131
करती: singular imperfective feminine participle verb inflection=131
करतीं: plural imperfective feminine participle verb inflection=131
करते: plural imperfective masculine participle verb inflection=131
का: singular masculine adposition inflection=137
की: singular plural perfective feminine participle adposition verb inflection=131 inflection=137
कुत्ता: singular direct masculine noun inflection=5
के: plural masculine adposition inflection=137
खुला: singular perfective direct masculine participle adjective verb inflection=d inflection=15
खुली: singular plural perfective direct oblique feminine participle adjective verb inflection=d inflection=15
गई: singular perfective feminine participle verb inflection=151
गया: singular perfective masculine participle verb inflection=151
गलियारा: singular direct masculine noun inflection=5
गलियारे: singular plural direct oblique masculine noun inflection=5
गाड़ी: singular perfective direct oblique feminine participle noun verb inflection=6 inflection=24
गाना: singular direct masculine infinitive noun verb inflection=5 inflection=66
गायक: singular plural direct oblique masculine noun inflection=33
गायिका: singular direct oblique feminine noun inflection=33
चल: imperative intimate verb inflection=f
चलती: singular imperfective feminine participle verb inflection=f
चलतीं: plural imperfective feminine participle verb inflection=f
चलते: plural imperfective masculine participle verb inflection=f
चलाया: singular perfective masculine participle verb inflection=3c
चलायी: singular perfective feminine participle verb inflection=3c
चाहता: singular imperfective masculine participle verb inflection=f
चाहती: singular imperfective feminine participle verb inflection=f
चाहतीं: plural imperfective feminine participle verb inflection=f
चाहते: plural imperfective masculine participle verb inflection=f
छिपा: singular perfective direct masculine imperative intimate participle adjective verb inflection=d inflection=15 inflection=1e
छिपी: singular plural perfective direct oblique feminine participle adjective verb inflection=d inflection=15
छोटा: singular direct masculine adjective adverb inflection=d
तस्वीर: singular direct oblique feminine noun inflection=7
तस्वीरें: plural direct feminine noun inflection=7
तीसरा: singular direct masculine adjective number inflection=d
तीसरी: singular plural direct oblique feminine adjective inflection=d
थीं: plural imperfective feminine past verb inflection=e7
थे: plural imperfective masculine past verb inflection=e7
दबाई: singular perfective feminine participle verb inflection=1e
दबाया: singular perfective masculine participle verb inflection=1e
दरवाज़ा: singular direct masculine noun inflection=5
दरवाज़े: singular plural direct oblique masculine noun inflection=5
दुकान: singular direct oblique feminine noun inflection=7
दुकानें: plural direct feminine noun inflection=7
दूसरा: singular direct masculine adjective number inflection=d
दूसरी: singular plural direct oblique feminine adjective number inflection=d
नई: singular plural direct oblique feminine adjective inflection=4 inflection=164
नया: singular direct masculine adjective noun inflection=5 inflection=164
निर्माता: singular plural direct oblique masculine noun inflection=92
निर्मात्री: singular direct oblique feminine noun inflection=92
पंखा: singular direct masculine noun inflection=5
पंखे: singular plural direct oblique masculine noun inflection=5
पहला: singular direct masculine adjective number inflection=d
पहली: singular plural direct oblique feminine adjective inflection=d
पहाड़: singular plural direct oblique masculine noun inflection=1
बच्चा: singular direct masculine noun inflection=36
बच्ची: singular direct oblique feminine noun inflection=6 inflection=36
बत्तियाँ: plural direct feminine noun inflection=6
बत्ती: singular direct oblique feminine noun inflection=6
बात: singular direct oblique feminine noun inflection=7
में: adposition inflection=2c
रहती: singular imperfective feminine participle verb inflection=70
रहतीं: plural imperfective feminine participle verb inflection=70
रहते: plural imperfective masculine participle verb inflection=70
रहा: singular perfective masculine participle verb inflection=70
रही: singular perfective feminine participle verb inflection=70
रहीं: plural perfective feminine participle verb inflection=70
रहीं: plural perfective feminine participle verb inflection=70
रहूँ: singular subjunctive first verb inflection=70
रहूँगा: singular masculine first future verb inflection=70
रहूँगी: singular feminine first future verb inflection=70
रहे: singular plural perfective masculine subjunctive second third intimate participle verb inflection=70
रहे: singular plural perfective masculine subjunctive second third intimate participle verb inflection=70
रहें: plural subjunctive first third verb inflection=70
रहेंगी: plural feminine first future verb inflection=70
रहेंगे: plural masculine first future verb inflection=70
रहेगा: masculine second intimate future verb inflection=70
रहेगी: feminine second intimate future verb inflection=70
रहो: imperative subjunctive second informal verb inflection=70
रहोगी: feminine second informal future verb inflection=70
रहोगे: masculine second informal future verb inflection=70
लड़का: singular direct masculine noun inflection=5
लड़कियाँ: plural direct feminine noun inflection=6
लड़की: singular plural direct oblique masculine feminine noun inflection=6 inflection=e
लम्बी: singular plural direct oblique feminine adjective inflection=4 inflection=d
लाल: singular plural direct masculine adjective noun proper-noun inflection=3 inflection=4 inflection=a4
लेखक: singular plural direct oblique masculine noun inflection=33
लेखिका: singular direct oblique feminine noun inflection=33
शिक्षक: singular plural direct oblique masculine noun inflection=33
शिक्षिका: singular direct oblique feminine noun inflection=33
संदेश: singular plural direct oblique masculine noun proper-noun inflection=1 inflection=9
सकता: singular imperfective masculine participle verb inflection=f
सकती: singular imperfective feminine participle verb inflection=f
सकतीं: plural imperfective feminine participle verb inflection=f
सकते: plural imperfective masculine participle verb inflection=f
सदस्य: singular plural direct oblique masculine noun inflection=5c
सदस्या: singular direct oblique feminine noun inflection=8 inflection=5c
हैं: plural subjunctive first second third formal verb inflection=e7
==============================================
Manually curated for tests to pass
Copyright 2024-2024 Apple Inc. All rights reserved.
