Atena: proper-noun inflection=f
Belgia: singular direct definite feminine proper-noun inflection=a
Belgiei: singular oblique definite feminine proper-noun inflection=a
Belgii: singular oblique indefinite feminine proper-noun inflection=a
Bruxelles: singular direct indefinite neuter proper-noun inflection=e
Franța: singular direct indefinite feminine proper-noun inflection=d
Japonia: singular direct definite feminine proper-noun inflection=3
Qatar: singular direct indefinite neuter proper-noun inflection=5
Suedia: singular direct definite feminine proper-noun inflection=3
Ungaria: singular direct definite feminine proper-noun inflection=3
Vietnam: singular direct indefinite neuter proper-noun inflection=5
ambasador: singular direct oblique indefinite masculine noun inflection=1b
ambasadori: plural direct oblique indefinite masculine noun inflection=1b
ambasadorii: plural direct definite masculine noun inflection=1b
ambasadorilor: plural oblique vocative definite masculine noun inflection=1b
ambasadorul: singular direct definite masculine noun inflection=1b
ambasadorule: singular vocative masculine noun inflection=1b
ambasadorului: singular oblique definite masculine noun inflection=1b
apa: singular direct definite feminine noun inflection=19
ape: singular plural direct oblique indefinite feminine noun inflection=19
apei: singular oblique definite feminine noun inflection=19
apele: plural direct definite feminine noun inflection=19
apelor: plural oblique definite feminine noun inflection=19
aprilie: singular direct oblique definite indefinite masculine noun inflection=1
apriliele: singular direct definite masculine noun inflection=1
apă: singular direct indefinite feminine noun inflection=19
august: singular direct oblique indefinite masculine noun inflection=9
augustul: singular direct definite masculine noun inflection=9
augustului: singular oblique definite masculine noun inflection=9
beriliu: singular direct oblique indefinite neuter noun inflection=1a
beriliul: singular direct definite neuter noun inflection=1a
beriliului: singular oblique definite neuter noun inflection=1a
bucureștean: singular direct indefinite masculine adjective proper-noun inflection=11
bucureșteană: singular direct indefinite feminine adjective proper-noun inflection=11
bucureștene: plural direct indefinite feminine adjective proper-noun inflection=11
bucureșteni: plural direct indefinite masculine adjective proper-noun inflection=11
băiat: singular genitive nominative indefinite masculine noun inflection=8
băiatul: singular nominative definite masculine noun inflection=8
băiatului: singular genitive definite masculine noun inflection=8
băieți: plural genitive nominative indefinite masculine noun inflection=8
băieții: plural nominative definite masculine noun inflection=8
băieților: plural genitive definite masculine noun inflection=8
bărzăun: singular genitive nominative indefinite masculine noun inflection=b
bărzăuni: plural genitive nominative indefinite masculine noun inflection=b
bărzăunii: plural nominative definite masculine noun inflection=b
bărzăunilor: plural genitive vocative definite masculine noun inflection=b
bărzăunul: singular nominative definite masculine noun inflection=b
bărzăunule: singular vocative masculine noun inflection=b
bărzăunului: singular genitive definite masculine noun inflection=b
cafea: singular direct indefinite feminine noun inflection=2
colane: plural direct indefinite neuter noun inflection=4
da: adverb
dau: singular first verb
dicționar: singular direct indefinite neuter noun inflection=10
dicționare: plural direct indefinite neuter noun inflection=10
dicționarelor: plural oblique definite neuter noun inflection=10
dicționarului: singular oblique definite neuter noun inflection=10
disidență: singular accusative nominative indefinite feminine noun inflection=17
eu: singular nominative pronoun
februarie: singular direct oblique definite indefinite masculine noun inflection=1
februariele: singular direct definite masculine noun inflection=1
femei: singular plural genitive nominative indefinite feminine noun inflection=1d
femeia: singular nominative definite feminine noun inflection=1d
femeie: singular nominative indefinite feminine noun inflection=1d
femeii: singular genitive definite feminine noun inflection=1d
femeile: plural nominative definite feminine noun inflection=1d
femeilor: plural genitive definite feminine noun inflection=1d
fereastră: singular direct indefinite feminine noun inflection=c
ferestre: plural direct indefinite feminine noun inflection=c
ferestrei: singular oblique definite feminine noun inflection=c
ferestrelor: plural oblique definite feminine noun inflection=c
finală: singular direct indefinite feminine noun inflection=1c
fire: plural direct indefinite neuter noun inflection=4
ianuarie: singular direct oblique definite indefinite masculine noun inflection=1
ianuariele: singular direct definite masculine noun inflection=1
iau: indicative first present verb
inginer: singular nominative masculine noun inflection=13
inginere: plural nominative feminine noun inflection=13
ingineri: plural nominative masculine noun inflection=13
ingineră: singular nominative feminine noun inflection=13
joi: singular direct indefinite feminine noun inflection=2
lapte: singular direct oblique indefinite neuter noun inflection=16
laptele: singular direct definite neuter noun inflection=16
laptelui: singular oblique definite neuter noun inflection=16
lăpturi: plural direct oblique indefinite neuter noun inflection=16
lăpturile: plural direct definite neuter noun inflection=16
lăpturilor: plural oblique definite neuter noun inflection=16
mai: singular direct oblique definite indefinite masculine noun inflection=1
maile: singular direct definite masculine noun inflection=1
martie: singular direct oblique definite indefinite masculine noun inflection=1
martiele: singular direct definite masculine noun inflection=1
mesaj: singular genitive nominative indefinite neuter noun inflection=14
mesaje: plural genitive nominative indefinite neuter noun inflection=14
mesajele: plural nominative definite neuter noun inflection=14
mesajelor: plural genitive definite neuter noun inflection=14
mesajul: singular nominative definite neuter noun inflection=14
mesajului: singular genitive definite neuter noun inflection=14
mia: singular feminine noun inflection=18
mic dejun: singular direct indefinite neuter noun inflection=6
mie: singular dative pronoun
miei: plural masculine noun inflection=18
miel: singular masculine noun inflection=18
miele: plural feminine noun inflection=18
mine: singular accusative pronoun
mitraliere: singular direct indefinite feminine noun inflection=7
mitralieră: singular direct indefinite feminine noun inflection=7
mă: singular accusative pronoun
măr: singular direct indefinite neuter noun inflection=6
noi: singular plural genitive nominative indefinite masculine feminine neuter adjective inflection=15
noii: singular plural genitive nominative definite masculine feminine adjective inflection=15
noile: plural nominative definite feminine neuter adjective inflection=15
noilor: plural genitive definite masculine feminine neuter adjective inflection=15
nou: singular genitive nominative indefinite masculine neuter adjective inflection=15
noua: singular nominative definite feminine adjective inflection=15
noul: singular nominative definite masculine neuter adjective inflection=15
noului: singular genitive definite masculine neuter adjective inflection=15
nouă: singular nominative indefinite feminine adjective inflection=15
pa: interjection
pandemie: singular direct indefinite feminine noun inflection=2
pardon: interjection
pisici: plural direct indefinite feminine noun inflection=1e
pisică: singular direct indefinite feminine noun inflection=1e
poartă: singular direct indefinite feminine noun inflection=12
port: singular first present verb
porți: plural direct indefinite feminine noun inflection=12
purtăm: plural first verb
una: singular feminine determiner numeral
unu: singular masculine neuter determiner numeral
veni: infinitive verb
venim: plural indicative first present verb
venind: gerund verb
venit: past participle verb
veniti: plural indicative second present verb
vii: singular indicative second present verb
vin: singular plural indicative first third present verb
vine: singular indicative third present verb
vorbesc: singular indicative first present verb
îmi: singular dative pronoun
șpur: singular direct indefinite masculine noun inflection=1f
șpuri: plural direct indefinite masculine noun inflection=1f
==============================================
                       Source: wikidata-20260708-lexemes.json 
                  Lemma terms:     125
         Unusable lemma terms:      60
       Incoming surface forms:     182
                Surface forms:     140
      Collapsed surface forms:      49 (26.9%)
       Unusable surface forms:       0
                 Usable terms:     140  (100%)
           Unclassified terms:       0    (0%)
==============================================
Case:
    direct:                   58 (41.4%)
    nominative:               29 (20.7%)
    oblique:                  26 (18.6%)
    genitive:                 20 (14.3%)
    vocative:                  4  (2.9%)
    accusative:                3  (2.1%)
    dative:                    2  (1.4%)

Definiteness:
    definite:                 57 (40.7%)
    indefinite:               54 (38.6%)

Gender:
    masculine:                48 (34.3%)
    feminine:                 47 (33.6%)
    neuter:                   33 (23.6%)

Mood:
    indicative:                7    (5%)

Number:
    singular:                 93 (66.4%)
    plural:                   44 (31.4%)

PartOfSpeech:
    noun:                     93 (66.4%)
    proper-noun:              15 (10.7%)
    verb:                     13  (9.3%)
    adjective:                13  (9.3%)
    pronoun:                   5  (3.6%)
    numeral:                   2  (1.4%)
    interjection:              2  (1.4%)
    determiner:                2  (1.4%)
    adverb:                    1  (0.7%)

Person:
    first:                     7    (5%)
    third:                     2  (1.4%)
    second:                    2  (1.4%)

Tense:
    present:                   8  (5.7%)
    past:                      1  (0.7%)

VerbType:
    participle:                1  (0.7%)
    infinitive:                1  (0.7%)
    gerund:                    1  (0.7%)

License: Creative Commons CC0 License (https://creativecommons.org/publicdomain/zero/1.0/)
generated with options: --language ro --exclude-language ro-md --inflection-types noun,proper-noun,adjective
