автобус: singular indefinite masculine noun inflection=4
автогара: singular indefinite feminine noun inflection=7
автогарата: singular definite feminine noun inflection=7
автогари: plural indefinite feminine noun inflection=7
автогарите: plural definite feminine noun inflection=7
автомобила: masculine article noun inflection=9
автомобили: plural masculine noun inflection=9
автомобилите: plural masculine article noun inflection=9
автомобилът: masculine article noun inflection=9
аз: singular pronoun
ананас: singular indefinite masculine noun inflection=4
английски: adjective
апартамент: singular indefinite masculine noun inflection=b
апартаменти: plural indefinite masculine noun inflection=b
аптека: singular indefinite feminine noun inflection=2
археолог: singular indefinite masculine noun inflection=4
археологичен: adjective
аспержа: singular indefinite feminine noun inflection=2
афиш: masculine noun inflection=1
банан: singular indefinite masculine noun inflection=4
баня: singular indefinite feminine noun inflection=2
библиотека: singular indefinite feminine noun inflection=2
брада: singular indefinite feminine noun inflection=2
брашно: singular indefinite neuter noun inflection=6
бъда: singular indicative first present verb
български: adjective
бял: adjective
вероятно: positive adverb
влак: singular indefinite masculine noun inflection=4
вода: singular indefinite feminine noun inflection=7
водата: singular definite feminine noun inflection=7
води: plural indefinite feminine noun inflection=7
водите: plural definite feminine noun inflection=7
вратовръзка: singular indefinite feminine noun inflection=2
вход: masculine noun inflection=1
възможно: adverb
голям: adjective
град: singular indefinite masculine noun inflection=4
градина: singular indefinite feminine noun inflection=2
гребен: masculine noun inflection=1
грозде: singular indefinite neuter noun inflection=6
грозен: adjective
гъдулка: singular indefinite feminine noun inflection=7
гъдулката: singular definite feminine noun inflection=7
гъдулки: plural indefinite feminine noun inflection=7
гъдулките: plural definite feminine noun inflection=7
да: particle
двор: masculine noun inflection=1
деспотица: singular indefinite feminine noun inflection=e
деспотицата: singular definite feminine noun inflection=e
деспотице: singular vocative feminine noun inflection=e
деспотици: plural indefinite feminine noun inflection=e
деспотиците: plural definite feminine noun inflection=e
джамия: singular indefinite feminine noun inflection=2
диван: masculine noun inflection=1
длан: masculine noun inflection=1
дума: singular indefinite feminine noun inflection=2
дъждовен: adjective
дължина: feminine noun inflection=3
език: singular indefinite masculine noun inflection=4
захар: singular indefinite feminine noun inflection=2
звънец: singular indefinite masculine noun inflection=4
зеле: neuter noun inflection=5
зехтин: singular indefinite masculine noun inflection=4
камина: feminine noun inflection=3
карта: singular indefinite feminine noun inflection=2
кафе: neuter noun inflection=5
квартал: masculine noun inflection=1
ключ: singular indefinite masculine noun inflection=4
ключалка: singular indefinite feminine noun inflection=2
книга: feminine noun inflection=3
книжарница: feminine noun inflection=3
коза: singular indefinite feminine noun inflection=7
козата: singular definite feminine noun inflection=7
кози: plural indefinite feminine noun inflection=7
козите: plural definite feminine noun inflection=7
коте: singular indefinite neuter noun inflection=6
котенце: singular indefinite neuter noun inflection=6
котка: singular indefinite feminine noun inflection=8
котки: plural indefinite feminine noun inflection=8
кренвирш: masculine noun inflection=1
круша: feminine noun inflection=3
куче: singular indefinite neuter noun inflection=6
кърпа: feminine noun inflection=3
къща: singular indefinite feminine noun inflection=2
легло: neuter noun inflection=5
летище: singular indefinite neuter noun inflection=6
лимон: masculine noun inflection=1
листа: singular nominative noun inflection=d
лъв: masculine noun inflection=1
магазин: masculine noun inflection=1
малина: singular indefinite feminine noun inflection=2
малък: adjective
маса: feminine noun inflection=3
месарница: singular indefinite feminine noun inflection=2
месо: singular indefinite neuter noun inflection=6
мляко: neuter noun inflection=5
муцуна: feminine noun inflection=3
най-вероятно: superlative adverb
национален: indefinite masculine adjective
никога: adverb
нов: positive indefinite masculine adjective
нова: positive indefinite feminine adjective
ново: positive indefinite neuter adjective
нокът: singular indefinite masculine noun inflection=4
норвежки: adjective
нямам: singular indicative first present verb
обикновено: adverb
огледала: plural indefinite neuter noun inflection=a
огледалата: plural definite neuter noun inflection=a
огледало: singular indefinite neuter noun inflection=a
огледалото: singular definite neuter noun inflection=a
ограда: singular indefinite feminine noun inflection=2
орган: masculine noun inflection=1
ориз: masculine noun inflection=1
особено: adverb
палто: neuter noun inflection=5
парк: singular indefinite masculine noun inflection=4
пейка: feminine noun inflection=3
печка: singular indefinite feminine noun inflection=2
пипер: masculine noun inflection=1
писател: masculine noun inflection=1
писателка: singular indefinite feminine noun inflection=c
писателката: feminine noun inflection=c
писателки: plural indefinite feminine noun inflection=c
писателките: feminine noun inflection=c
план: masculine noun inflection=1
площ: masculine noun inflection=1
по-вероятно: comparative adverb
покрив: masculine noun inflection=1
прахосмукачка: singular indefinite feminine noun inflection=2
предградие: neuter noun inflection=5
пресечка: singular indefinite feminine noun inflection=2
пръст: singular indefinite masculine noun inflection=4
пуловер: masculine noun inflection=1
път: masculine noun inflection=1
ракия: singular indefinite feminine noun inflection=2
раница: singular indefinite feminine noun inflection=2
ресторант: masculine noun inflection=1
речник: masculine noun inflection=1
риба: feminine noun inflection=3
риза: singular indefinite feminine noun inflection=2
ръка: singular indefinite feminine noun inflection=2
ръкав: masculine noun inflection=1
салам: masculine noun inflection=1
самолет: masculine noun inflection=1
свещ: masculine noun inflection=1
свещник: masculine noun inflection=1
сграда: feminine noun inflection=3
сега: adverb
седмица: singular indefinite feminine noun inflection=7
седмицата: singular definite feminine noun inflection=7
седмици: plural indefinite feminine noun inflection=7
седмиците: plural definite feminine noun inflection=7
село: neuter noun inflection=5
сол: feminine noun inflection=3
спалня: feminine noun inflection=3
спирка: feminine noun inflection=3
сричка: feminine noun inflection=3
стар: adjective
старобългарски: adjective
стая: feminine noun inflection=3
стипендиант: masculine noun inflection=1
стол: singular indefinite masculine noun inflection=4
столица: singular indefinite feminine noun inflection=2
страна: singular indefinite feminine noun inflection=2
студент: singular indefinite masculine noun inflection=4
сутиен: masculine noun inflection=1
съм: singular indicative first present verb
тигър: masculine noun inflection=1
тиква: singular indefinite feminine noun inflection=2
тиквичка: singular indefinite feminine noun inflection=2
трамвай: masculine noun inflection=1
тухла: feminine noun inflection=3
тяло: neuter noun inflection=5
улица: feminine noun inflection=3
фонтан: masculine noun inflection=1
фурнаджия: feminine noun inflection=3
хлебарница: singular indefinite feminine noun inflection=2
хляб: singular indefinite masculine noun inflection=4
хубав: adjective
църква: singular indefinite feminine noun inflection=8
църкви: plural indefinite feminine noun inflection=8
чай: masculine noun inflection=1
часовник: masculine noun inflection=1
черен: adjective
често: adverb
чесън: masculine noun inflection=1
шал: masculine noun inflection=1
шапка: feminine noun inflection=3
шведски: adjective
ща: singular indicative first present verb
щастлив: adjective
щат: plural indicative third present verb
ще: singular indicative third present verb
щем: plural indicative first present verb
щете: plural indicative second present verb
щеш: singular indicative second present verb
щеше: singular imperfect perfective indicative second third past verb
щора: feminine noun inflection=3
щука: singular indefinite feminine noun inflection=2
щя: singular perfective indicative second third past verb
щял: imperfective perfective indefinite masculine past participle passive verb
щях: singular imperfect perfective indicative first past verb
щяха: plural imperfect perfective indicative third past verb
щяхме: plural imperfect perfective indicative first past verb
щяхте: plural imperfect perfective indicative second past verb
югоизточен: adjective
ябълка: feminine noun inflection=3
яйце: singular indefinite neuter noun inflection=6
яке: neuter noun inflection=5
==============================================
                       Source: wikidata-20260708-lexemes.json 
                  Lemma terms:     173
         Unusable lemma terms:       8
       Incoming surface forms:     220
                Surface forms:     211
      Collapsed surface forms:      12  (5.5%)
       Unusable surface forms:       0
                 Usable terms:     211  (100%)
           Unclassified terms:       0    (0%)
==============================================
Aspect:
    perfective:                7  (3.3%)
    imperfect:                 5  (2.4%)
    imperfective:              1  (0.5%)

Case:
    vocative:                  1  (0.5%)
    nominative:                1  (0.5%)

ComparisonDegree:
    positive:                  4  (1.9%)
    superlative:               1  (0.5%)
    comparative:               1  (0.5%)

Definiteness:
    indefinite:               80 (37.9%)
    definite:                 14  (6.6%)

Gender:
    feminine:                 85 (40.3%)
    masculine:                61 (28.9%)
    neuter:                   22 (10.4%)

Mood:
    indicative:               15  (7.1%)

Number:
    singular:                 83 (39.3%)
    plural:                   26 (12.3%)

PartOfSpeech:
    noun:                    164 (77.7%)
    adjective:                20  (9.5%)
    verb:                     16  (7.6%)
    adverb:                    9  (4.3%)
    article:                   3  (1.4%)
    pronoun:                   1  (0.5%)
    particle:                  1  (0.5%)

Person:
    first:                     7  (3.3%)
    third:                     5  (2.4%)
    second:                    5  (2.4%)

Tense:
    present:                   9  (4.3%)
    past:                      7  (3.3%)

VerbType:
    participle:                1  (0.5%)

Voice:
    passive:                   1  (0.5%)

License: Creative Commons CC0 License (https://creativecommons.org/publicdomain/zero/1.0/)
generated with options: --language bg
